main.c:109:5:main	16	static
main.c:176:6:SystemClock_Config	96	static
main.c:215:6:GPIO_Init	40	static
main.c:245:13:RTC_Init	4	static
main.c:288:6:vTask1_menu_display	24	static
main.c:303:6:vTask2_cmd_handling	24	static
main.c:327:6:vTask3_cmd_processing	80	static
main.c:376:6:vTask4_cmd_uart_write	24	static
main.c:388:6:HAL_UART_RxCpltCallback	32	static,ignoring_inline_asm
main.c:413:9:getCommandCode	16	static
main.c:420:6:getArguments	16	static
main.c:426:6:print_error_message	24	static
main.c:432:6:make_led_on	8	static
main.c:438:6:make_led_off	8	static
main.c:443:6:read_led_status	24	static
main.c:449:6:led_toggle_start	32	static
main.c:461:6:led_toggle	16	static
main.c:465:6:led_toggle_stop	16	static
main.c:470:6:read_rtc_info	32	static
main.c:490:6:exit_app	8	static
main.c:510:6:vApplicationIdleHook	4	static,ignoring_inline_asm
main.c:522:6:Error_Handler	4	static
