Archive member included to satisfy reference by file (symbol)

c:/st/stm32cubeide_1.3.0/stm32cubeide/plugins/com.st.stm32cube.ide.mcu.externaltools.gnu-tools-for-stm32.7-2018-q2-update.win32_1.0.0.201904181610/tools/bin/../lib/gcc/arm-none-eabi/7.3.1/../../../../arm-none-eabi/lib/thumb/v7e-m/fpv4-sp/hard\libc_nano.a(lib_a-errno.o)
                              Core/Src/syscalls.o (__errno)
c:/st/stm32cubeide_1.3.0/stm32cubeide/plugins/com.st.stm32cube.ide.mcu.externaltools.gnu-tools-for-stm32.7-2018-q2-update.win32_1.0.0.201904181610/tools/bin/../lib/gcc/arm-none-eabi/7.3.1/../../../../arm-none-eabi/lib/thumb/v7e-m/fpv4-sp/hard\libc_nano.a(lib_a-exit.o)
                              c:/st/stm32cubeide_1.3.0/stm32cubeide/plugins/com.st.stm32cube.ide.mcu.externaltools.gnu-tools-for-stm32.7-2018-q2-update.win32_1.0.0.201904181610/tools/bin/../lib/gcc/arm-none-eabi/7.3.1/../../../../arm-none-eabi/lib/thumb/v7e-m/fpv4-sp/hard/crt0.o (exit)
c:/st/stm32cubeide_1.3.0/stm32cubeide/plugins/com.st.stm32cube.ide.mcu.externaltools.gnu-tools-for-stm32.7-2018-q2-update.win32_1.0.0.201904181610/tools/bin/../lib/gcc/arm-none-eabi/7.3.1/../../../../arm-none-eabi/lib/thumb/v7e-m/fpv4-sp/hard\libc_nano.a(lib_a-impure.o)
                              c:/st/stm32cubeide_1.3.0/stm32cubeide/plugins/com.st.stm32cube.ide.mcu.externaltools.gnu-tools-for-stm32.7-2018-q2-update.win32_1.0.0.201904181610/tools/bin/../lib/gcc/arm-none-eabi/7.3.1/../../../../arm-none-eabi/lib/thumb/v7e-m/fpv4-sp/hard\libc_nano.a(lib_a-exit.o) (_global_impure_ptr)
c:/st/stm32cubeide_1.3.0/stm32cubeide/plugins/com.st.stm32cube.ide.mcu.externaltools.gnu-tools-for-stm32.7-2018-q2-update.win32_1.0.0.201904181610/tools/bin/../lib/gcc/arm-none-eabi/7.3.1/../../../../arm-none-eabi/lib/thumb/v7e-m/fpv4-sp/hard\libc_nano.a(lib_a-init.o)
                              c:/st/stm32cubeide_1.3.0/stm32cubeide/plugins/com.st.stm32cube.ide.mcu.externaltools.gnu-tools-for-stm32.7-2018-q2-update.win32_1.0.0.201904181610/tools/bin/../lib/gcc/arm-none-eabi/7.3.1/../../../../arm-none-eabi/lib/thumb/v7e-m/fpv4-sp/hard/crt0.o (__libc_init_array)
c:/st/stm32cubeide_1.3.0/stm32cubeide/plugins/com.st.stm32cube.ide.mcu.externaltools.gnu-tools-for-stm32.7-2018-q2-update.win32_1.0.0.201904181610/tools/bin/../lib/gcc/arm-none-eabi/7.3.1/../../../../arm-none-eabi/lib/thumb/v7e-m/fpv4-sp/hard\libc_nano.a(lib_a-memcmp.o)
                              Third-Party/FreeRTOS/org/Source/tasks.o (memcmp)
c:/st/stm32cubeide_1.3.0/stm32cubeide/plugins/com.st.stm32cube.ide.mcu.externaltools.gnu-tools-for-stm32.7-2018-q2-update.win32_1.0.0.201904181610/tools/bin/../lib/gcc/arm-none-eabi/7.3.1/../../../../arm-none-eabi/lib/thumb/v7e-m/fpv4-sp/hard\libc_nano.a(lib_a-memcpy-stub.o)
                              Third-Party/FreeRTOS/org/Source/CMSIS_RTOS_V2/cmsis_os2.o (memcpy)
c:/st/stm32cubeide_1.3.0/stm32cubeide/plugins/com.st.stm32cube.ide.mcu.externaltools.gnu-tools-for-stm32.7-2018-q2-update.win32_1.0.0.201904181610/tools/bin/../lib/gcc/arm-none-eabi/7.3.1/../../../../arm-none-eabi/lib/thumb/v7e-m/fpv4-sp/hard\libc_nano.a(lib_a-memset.o)
                              c:/st/stm32cubeide_1.3.0/stm32cubeide/plugins/com.st.stm32cube.ide.mcu.externaltools.gnu-tools-for-stm32.7-2018-q2-update.win32_1.0.0.201904181610/tools/bin/../lib/gcc/arm-none-eabi/7.3.1/../../../../arm-none-eabi/lib/thumb/v7e-m/fpv4-sp/hard/crt0.o (memset)
c:/st/stm32cubeide_1.3.0/stm32cubeide/plugins/com.st.stm32cube.ide.mcu.externaltools.gnu-tools-for-stm32.7-2018-q2-update.win32_1.0.0.201904181610/tools/bin/../lib/gcc/arm-none-eabi/7.3.1/../../../../arm-none-eabi/lib/thumb/v7e-m/fpv4-sp/hard\libc_nano.a(lib_a-sprintf.o)
                              Core/Src/main.o (sprintf)
c:/st/stm32cubeide_1.3.0/stm32cubeide/plugins/com.st.stm32cube.ide.mcu.externaltools.gnu-tools-for-stm32.7-2018-q2-update.win32_1.0.0.201904181610/tools/bin/../lib/gcc/arm-none-eabi/7.3.1/../../../../arm-none-eabi/lib/thumb/v7e-m/fpv4-sp/hard\libc_nano.a(lib_a-strlen.o)
                              Core/Src/Peripherals/usart2.o (strlen)
c:/st/stm32cubeide_1.3.0/stm32cubeide/plugins/com.st.stm32cube.ide.mcu.externaltools.gnu-tools-for-stm32.7-2018-q2-update.win32_1.0.0.201904181610/tools/bin/../lib/gcc/arm-none-eabi/7.3.1/../../../../arm-none-eabi/lib/thumb/v7e-m/fpv4-sp/hard\libc_nano.a(lib_a-nano-svfprintf.o)
                              c:/st/stm32cubeide_1.3.0/stm32cubeide/plugins/com.st.stm32cube.ide.mcu.externaltools.gnu-tools-for-stm32.7-2018-q2-update.win32_1.0.0.201904181610/tools/bin/../lib/gcc/arm-none-eabi/7.3.1/../../../../arm-none-eabi/lib/thumb/v7e-m/fpv4-sp/hard\libc_nano.a(lib_a-sprintf.o) (_svfprintf_r)
c:/st/stm32cubeide_1.3.0/stm32cubeide/plugins/com.st.stm32cube.ide.mcu.externaltools.gnu-tools-for-stm32.7-2018-q2-update.win32_1.0.0.201904181610/tools/bin/../lib/gcc/arm-none-eabi/7.3.1/../../../../arm-none-eabi/lib/thumb/v7e-m/fpv4-sp/hard\libc_nano.a(lib_a-nano-vfprintf_i.o)
[...]
Memory Configuration

Name             Origin             Length             Attributes
RAM              0x0000000020000000 0x0000000000020000 xrw
ROM              0x0000000008000000 0x0000000000100000 xr
*default*        0x0000000000000000 0xffffffffffffffff

Linker script and memory map

LOAD c:/st/stm32cubeide_1.3.0/stm32cubeide/plugins/com.st.stm32cube.ide.mcu.externaltools.gnu-tools-for-stm32.7-2018-q2-update.win32_1.0.0.201904181610/tools/bin/../lib/gcc/arm-none-eabi/7.3.1/thumb/v7e-m/fpv4-sp/hard/crti.o
LOAD c:/st/stm32cubeide_1.3.0/stm32cubeide/plugins/com.st.stm32cube.ide.mcu.externaltools.gnu-tools-for-stm32.7-2018-q2-update.win32_1.0.0.201904181610/tools/bin/../lib/gcc/arm-none-eabi/7.3.1/thumb/v7e-m/fpv4-sp/hard/crtbegin.o
LOAD c:/st/stm32cubeide_1.3.0/stm32cubeide/plugins/com.st.stm32cube.ide.mcu.externaltools.gnu-tools-for-stm32.7-2018-q2-update.win32_1.0.0.201904181610/tools/bin/../lib/gcc/arm-none-eabi/7.3.1/../../../../arm-none-eabi/lib/thumb/v7e-m/fpv4-sp/hard/crt0.o
LOAD Core/Src/Peripherals/usart2.o
LOAD Core/Src/main.o
LOAD Core/Src/stm32f4xx_hal_msp.o
LOAD Core/Src/stm32f4xx_it.o
LOAD Core/Src/syscalls.o
LOAD Core/Src/sysmem.o
LOAD Core/Src/system_stm32f4xx.o
LOAD Drivers/STM32F4xx_HAL_Driver/Src/Legacy/stm32f4xx_hal_can.o
LOAD Drivers/STM32F4xx_HAL_Driver/Src/stm32f4xx_hal.o
LOAD Drivers/STM32F4xx_HAL_Driver/Src/stm32f4xx_hal_cortex.o
LOAD Drivers/STM32F4xx_HAL_Driver/Src/stm32f4xx_hal_dma.o
LOAD Drivers/STM32F4xx_HAL_Driver/Src/stm32f4xx_hal_dma2d.o
LOAD Drivers/STM32F4xx_HAL_Driver/Src/stm32f4xx_hal_dma_ex.o
LOAD Drivers/STM32F4xx_HAL_Driver/Src/stm32f4xx_hal_exti.o
LOAD Drivers/STM32F4xx_HAL_Driver/Src/stm32f4xx_hal_flash.o
LOAD Drivers/STM32F4xx_HAL_Driver/Src/stm32f4xx_hal_flash_ex.o
LOAD Drivers/STM32F4xx_HAL_Driver/Src/stm32f4xx_hal_flash_ramfunc.o
LOAD Drivers/STM32F4xx_HAL_Driver/Src/stm32f4xx_hal_gpio.o
LOAD Drivers/STM32F4xx_HAL_Driver/Src/stm32f4xx_hal_rcc.o
LOAD Drivers/STM32F4xx_HAL_Driver/Src/stm32f4xx_hal_rcc_ex.o
LOAD Drivers/STM32F4xx_HAL_Driver/Src/stm32f4xx_hal_uart.o
LOAD Drivers/STM32F4xx_HAL_Driver/Src/stm32f4xx_hal_usart.o
LOAD Startup/startup_stm32f407vgtx.o
LOAD Third-Party/FreeRTOS/org/Source/CMSIS_RTOS_V2/cmsis_os2.o
LOAD Third-Party/FreeRTOS/org/Source/croutine.o
LOAD Third-Party/FreeRTOS/org/Source/event_groups.o
LOAD Third-Party/FreeRTOS/org/Source/list.o
LOAD Third-Party/FreeRTOS/org/Source/queue.o
LOAD Third-Party/FreeRTOS/org/Source/stream_buffer.o
LOAD Third-Party/FreeRTOS/org/Source/tasks.o
LOAD Third-Party/FreeRTOS/org/Source/timers.o
LOAD Third-Party/FreeRTOS/org/Source/portable/GCC/ARM_CM4F/port.o
LOAD Third-Party/FreeRTOS/org/Source/portable/MemMang/heap_4.o
LOAD Third-Party/SEGGER/Config/SEGGER_SYSVIEW_Config_FreeRTOS.o
LOAD Third-Party/SEGGER/OS/SEGGER_SYSVIEW_FreeRTOS.o
LOAD Third-Party/SEGGER/SEGGER/SEGGER_RTT.o
LOAD Third-Party/SEGGER/SEGGER/SEGGER_RTT_ASM_ARMv7M.o
LOAD Third-Party/SEGGER/SEGGER/SEGGER_SYSVIEW.o
START GROUP
LOAD c:/st/stm32cubeide_1.3.0/stm32cubeide/plugins/com.st.stm32cube.ide.mcu.externaltools.gnu-tools-for-stm32.7-2018-q2-update.win32_1.0.0.201904181610/tools/bin/../lib/gcc/arm-none-eabi/7.3.1/../../../../arm-none-eabi/lib/thumb/v7e-m/fpv4-sp/hard\libc_nano.a
LOAD c:/st/stm32cubeide_1.3.0/stm32cubeide/plugins/com.st.stm32cube.ide.mcu.externaltools.gnu-tools-for-stm32.7-2018-q2-update.win32_1.0.0.201904181610/tools/bin/../lib/gcc/arm-none-eabi/7.3.1/../../../../arm-none-eabi/lib/thumb/v7e-m/fpv4-sp/hard\libm.a
END GROUP
START GROUP
LOAD c:/st/stm32cubeide_1.3.0/stm32cubeide/plugins/com.st.stm32cube.ide.mcu.externaltools.gnu-tools-for-stm32.7-2018-q2-update.win32_1.0.0.201904181610/tools/bin/../lib/gcc/arm-none-eabi/7.3.1/thumb/v7e-m/fpv4-sp/hard\libgcc.a
LOAD c:/st/stm32cubeide_1.3.0/stm32cubeide/plugins/com.st.stm32cube.ide.mcu.externaltools.gnu-tools-for-stm32.7-2018-q2-update.win32_1.0.0.201904181610/tools/bin/../lib/gcc/arm-none-eabi/7.3.1/../../../../arm-none-eabi/lib/thumb/v7e-m/fpv4-sp/hard\libc_nano.a
END GROUP
START GROUP
LOAD c:/st/stm32cubeide_1.3.0/stm32cubeide/plugins/com.st.stm32cube.ide.mcu.externaltools.gnu-tools-for-stm32.7-2018-q2-update.win32_1.0.0.201904181610/tools/bin/../lib/gcc/arm-none-eabi/7.3.1/thumb/v7e-m/fpv4-sp/hard\libgcc.a
LOAD c:/st/stm32cubeide_1.3.0/stm32cubeide/plugins/com.st.stm32cube.ide.mcu.externaltools.gnu-tools-for-stm32.7-2018-q2-update.win32_1.0.0.201904181610/tools/bin/../lib/gcc/arm-none-eabi/7.3.1/../../../../arm-none-eabi/lib/thumb/v7e-m/fpv4-sp/hard\libc_nano.a
LOAD c:/st/stm32cubeide_1.3.0/stm32cubeide/plugins/com.st.stm32cube.ide.mcu.externaltools.gnu-tools-for-stm32.7-2018-q2-update.win32_1.0.0.201904181610/tools/bin/../lib/gcc/arm-none-eabi/7.3.1/../../../../arm-none-eabi/lib/thumb/v7e-m/fpv4-sp/hard\libnosys.a
END GROUP
START GROUP
LOAD c:/st/stm32cubeide_1.3.0/stm32cubeide/plugins/com.st.stm32cube.ide.mcu.externaltools.gnu-tools-for-stm32.7-2018-q2-update.win32_1.0.0.201904181610/tools/bin/../lib/gcc/arm-none-eabi/7.3.1/thumb/v7e-m/fpv4-sp/hard\libgcc.a
LOAD c:/st/stm32cubeide_1.3.0/stm32cubeide/plugins/com.st.stm32cube.ide.mcu.externaltools.gnu-tools-for-stm32.7-2018-q2-update.win32_1.0.0.201904181610/tools/bin/../lib/gcc/arm-none-eabi/7.3.1/../../../../arm-none-eabi/lib/thumb/v7e-m/fpv4-sp/hard\libc_nano.a
LOAD c:/st/stm32cubeide_1.3.0/stm32cubeide/plugins/com.st.stm32cube.ide.mcu.externaltools.gnu-tools-for-stm32.7-2018-q2-update.win32_1.0.0.201904181610/tools/bin/../lib/gcc/arm-none-eabi/7.3.1/../../../../arm-none-eabi/lib/thumb/v7e-m/fpv4-sp/hard\libnosys.a
END GROUP
LOAD c:/st/stm32cubeide_1.3.0/stm32cubeide/plugins/com.st.stm32cube.ide.mcu.externaltools.gnu-tools-for-stm32.7-2018-q2-update.win32_1.0.0.201904181610/tools/bin/../lib/gcc/arm-none-eabi/7.3.1/thumb/v7e-m/fpv4-sp/hard/crtend.o
LOAD c:/st/stm32cubeide_1.3.0/stm32cubeide/plugins/com.st.stm32cube.ide.mcu.externaltools.gnu-tools-for-stm32.7-2018-q2-update.win32_1.0.0.201904181610/tools/bin/../lib/gcc/arm-none-eabi/7.3.1/thumb/v7e-m/fpv4-sp/hard/crtn.o
                0x0000000020020000                _estack = (ORIGIN (RAM) + LENGTH (RAM))
                0x0000000000000200                _Min_Heap_Size = 0x200
                0x0000000000000400                _Min_Stack_Size = 0x400

.isr_vector     0x0000000008000000      0x1a8
                0x0000000008000000                . = ALIGN (0x4)
 *(.isr_vector)
 .isr_vector    0x0000000008000000      0x1a8 Startup/startup_stm32f407vgtx.o
                0x0000000008000000                g_pfnVectors
                0x00000000080001a8                . = ALIGN (0x4)

.text           0x00000000080001b0     0x5c4c
                0x00000000080001b0                . = ALIGN (0x4)
 *(.text)
 .text          0x00000000080001b0       0x40 c:/st/stm32cubeide_1.3.0/stm32cubeide/plugins/com.st.stm32cube.ide.mcu.externaltools.gnu-tools-for-stm32.7-2018-q2-update.win32_1.0.0.201904181610/tools/bin/../lib/gcc/arm-none-eabi/7.3.1/thumb/v7e-m/fpv4-sp/hard/crtbegin.o
 .text          0x00000000080001f0       0x8c Third-Party/SEGGER/SEGGER/SEGGER_RTT_ASM_ARMv7M.o
                0x00000000080001f0                SEGGER_RTT_ASM_WriteSkipNoLock
 .text          0x000000000800027c       0x10 c:/st/stm32cubeide_1.3.0/stm32cubeide/plugins/com.st.stm32cube.ide.mcu.externaltools.gnu-tools-for-stm32.7-2018-q2-update.win32_1.0.0.201904181610/tools/bin/../lib/gcc/arm-none-eabi/7.3.1/../../../../arm-none-eabi/lib/thumb/v7e-m/fpv4-sp/hard\libc_nano.a(lib_a-strlen.o)
                0x000000000800027c                strlen
 *fill*         0x000000000800028c        0x4 
 .text          0x0000000008000290       0xa0 c:/st/stm32cubeide_1.3.0/stm32cubeide/plugins/com.st.stm32cube.ide.mcu.externaltools.gnu-tools-for-stm32.7-2018-q2-update.win32_1.0.0.201904181610/tools/bin/../lib/gcc/arm-none-eabi/7.3.1/../../../../arm-none-eabi/lib/thumb/v7e-m/fpv4-sp/hard\libc_nano.a(lib_a-memchr.o)
                0x0000000008000290                memchr
 .text          0x0000000008000330       0x30 c:/st/stm32cubeide_1.3.0/stm32cubeide/plugins/com.st.stm32cube.ide.mcu.externaltools.gnu-tools-for-stm32.7-2018-q2-update.win32_1.0.0.201904181610/tools/bin/../lib/gcc/arm-none-eabi/7.3.1/thumb/v7e-m/fpv4-sp/hard\libgcc.a(_aeabi_uldivmod.o)
                0x0000000008000330                __aeabi_uldivmod
 .text          0x0000000008000360      0x2cc c:/st/stm32cubeide_1.3.0/stm32cubeide/plugins/com.st.stm32cube.ide.mcu.externaltools.gnu-tools-for-stm32.7-2018-q2-update.win32_1.0.0.201904181610/tools/bin/../lib/gcc/arm-none-eabi/7.3.1/thumb/v7e-m/fpv4-sp/hard\libgcc.a(_udivmoddi4.o)
                0x0000000008000360                __udivmoddi4
 .text          0x000000000800062c        0x4 c:/st/stm32cubeide_1.3.0/stm32cubeide/plugins/com.st.stm32cube.ide.mcu.externaltools.gnu-tools-for-stm32.7-2018-q2-update.win32_1.0.0.201904181610/tools/bin/../lib/gcc/arm-none-eabi/7.3.1/thumb/v7e-m/fpv4-sp/hard\libgcc.a(_dvmd_tls.o)
                0x000000000800062c                __aeabi_idiv0
                0x000000000800062c                __aeabi_ldiv0
 *(.text*)
 .text.USART2_UART_Init
                0x0000000008000630       0x54 Core/Src/Peripherals/usart2.o
                0x0000000008000630                USART2_UART_Init
 .text.UART2_write
                0x0000000008000684       0x2c Core/Src/Peripherals/usart2.o
                0x0000000008000684                UART2_write
 .text.main     0x00000000080006b0       0x84 Core/Src/main.o
                0x00000000080006b0                main
 .text.SystemClock_Config
                0x0000000008000734       0xbe Core/Src/main.o
                0x0000000008000734                SystemClock_Config
 *fill*         0x00000000080007f2        0x2 
 .text.GPIO_Init
                0x00000000080007f4       0xa8 Core/Src/main.o
                0x00000000080007f4                GPIO_Init
 .text.vled_task_Handler
                0x000000000800089c       0x4c Core/Src/main.o
                0x000000000800089c                vled_task_Handler
 .text.vbutton_task_Handler
                0x00000000080008e8       0x34 Core/Src/main.o
                0x00000000080008e8                vbutton_task_Handler
 .text.rtos_delay
                0x000000000800091c       0x40 Core/Src/main.o
                0x000000000800091c                rtos_delay
 .text.Error_Handler
                0x000000000800095c        0xe Core/Src/main.o
                0x000000000800095c                Error_Handler
 .text.HAL_MspInit
                0x000000000800096a       0x1a Core/Src/stm32f4xx_hal_msp.o
                0x000000000800096a                HAL_MspInit
 .text.HAL_UART_MspInit
                0x0000000008000984       0x90 Core/Src/stm32f4xx_hal_msp.o
                0x0000000008000984                HAL_UART_MspInit
 .text.NMI_Handler
                0x0000000008000a14        0xe Core/Src/stm32f4xx_it.o
                0x0000000008000a14                NMI_Handler
 .text.HardFault_Handler
                0x0000000008000a22        0x6 Core/Src/stm32f4xx_it.o
                0x0000000008000a22                HardFault_Handler
 .text.MemManage_Handler
                0x0000000008000a28        0x6 Core/Src/stm32f4xx_it.o
                0x0000000008000a28                MemManage_Handler
 .text.BusFault_Handler
                0x0000000008000a2e        0x6 Core/Src/stm32f4xx_it.o
                0x0000000008000a2e                BusFault_Handler
 .text.UsageFault_Handler
                0x0000000008000a34        0x6 Core/Src/stm32f4xx_it.o
                0x0000000008000a34                UsageFault_Handler
 .text.SysTick_Handler
                0x0000000008000a3a       0x10 Core/Src/stm32f4xx_it.o
                0x0000000008000a3a                SysTick_Handler
 *fill*         0x0000000008000a4a        0x2 
 .text._sbrk    0x0000000008000a4c       0x58 Core/Src/sysmem.o
                0x0000000008000a4c                _sbrk
 .text.SystemInit
                0x0000000008000aa4       0x2c Core/Src/system_stm32f4xx.o
                0x0000000008000aa4                SystemInit
 .text.HAL_Init
                0x0000000008000ad0       0x44 Drivers/STM32F4xx_HAL_Driver/Src/stm32f4xx_hal.o
                0x0000000008000ad0                HAL_Init
 .text.HAL_InitTick
                0x0000000008000b14       0x60 Drivers/STM32F4xx_HAL_Driver/Src/stm32f4xx_hal.o
                0x0000000008000b14                HAL_InitTick
 .text.HAL_IncTick
                0x0000000008000b74       0x28 Drivers/STM32F4xx_HAL_Driver/Src/stm32f4xx_hal.o
                0x0000000008000b74                HAL_IncTick
 .text.HAL_GetTick
                0x0000000008000b9c       0x18 Drivers/STM32F4xx_HAL_Driver/Src/stm32f4xx_hal.o
                0x0000000008000b9c                HAL_GetTick
 .text.__NVIC_SetPriorityGrouping
                0x0000000008000bb4       0x48 Drivers/STM32F4xx_HAL_Driver/Src/stm32f4xx_hal_cortex.o
 .text.__NVIC_GetPriorityGrouping
                0x0000000008000bfc       0x1c Drivers/STM32F4xx_HAL_Driver/Src/stm32f4xx_hal_cortex.o
 .text.__NVIC_SetPriority
                0x0000000008000c18       0x54 Drivers/STM32F4xx_HAL_Driver/Src/stm32f4xx_hal_cortex.o
 .text.NVIC_EncodePriority
                0x0000000008000c6c       0x66 Drivers/STM32F4xx_HAL_Driver/Src/stm32f4xx_hal_cortex.o
 *fill*         0x0000000008000cd2        0x2 
 .text.SysTick_Config
                0x0000000008000cd4       0x44 Drivers/STM32F4xx_HAL_Driver/Src/stm32f4xx_hal_cortex.o
 .text.HAL_NVIC_SetPriorityGrouping
                0x0000000008000d18       0x16 Drivers/STM32F4xx_HAL_Driver/Src/stm32f4xx_hal_cortex.o
                0x0000000008000d18                HAL_NVIC_SetPriorityGrouping
 .text.HAL_NVIC_SetPriority
                0x0000000008000d2e       0x38 Drivers/STM32F4xx_HAL_Driver/Src/stm32f4xx_hal_cortex.o
                0x0000000008000d2e                HAL_NVIC_SetPriority
 .text.HAL_SYSTICK_Config
                0x0000000008000d66       0x18 Drivers/STM32F4xx_HAL_Driver/Src/stm32f4xx_hal_cortex.o
                0x0000000008000d66                HAL_SYSTICK_Config
 *fill*         0x0000000008000d7e        0x2 
 .text.HAL_GPIO_Init
                0x0000000008000d80      0x334 Drivers/STM32F4xx_HAL_Driver/Src/stm32f4xx_hal_gpio.o
                0x0000000008000d80                HAL_GPIO_Init
 .text.HAL_GPIO_ReadPin
                0x00000000080010b4       0x30 Drivers/STM32F4xx_HAL_Driver/Src/stm32f4xx_hal_gpio.o
                0x00000000080010b4                HAL_GPIO_ReadPin
 .text.HAL_GPIO_WritePin
                0x00000000080010e4       0x32 Drivers/STM32F4xx_HAL_Driver/Src/stm32f4xx_hal_gpio.o
                0x00000000080010e4                HAL_GPIO_WritePin
 .text.HAL_GPIO_TogglePin
                0x0000000008001116       0x36 Drivers/STM32F4xx_HAL_Driver/Src/stm32f4xx_hal_gpio.o
                0x0000000008001116                HAL_GPIO_TogglePin
 .text.HAL_RCC_OscConfig
                0x000000000800114c      0x4e0 Drivers/STM32F4xx_HAL_Driver/Src/stm32f4xx_hal_rcc.o
                0x000000000800114c                HAL_RCC_OscConfig
 .text.HAL_RCC_ClockConfig
                0x000000000800162c      0x1cc Drivers/STM32F4xx_HAL_Driver/Src/stm32f4xx_hal_rcc.o
                0x000000000800162c                HAL_RCC_ClockConfig
 .text.HAL_RCC_GetSysClockFreq
                0x00000000080017f8      0x1b0 Drivers/STM32F4xx_HAL_Driver/Src/stm32f4xx_hal_rcc.o
                0x00000000080017f8                HAL_RCC_GetSysClockFreq
 .text.HAL_RCC_GetHCLKFreq
                0x00000000080019a8       0x18 Drivers/STM32F4xx_HAL_Driver/Src/stm32f4xx_hal_rcc.o
                0x00000000080019a8                HAL_RCC_GetHCLKFreq
 .text.HAL_RCC_GetPCLK1Freq
                0x00000000080019c0       0x28 Drivers/STM32F4xx_HAL_Driver/Src/stm32f4xx_hal_rcc.o
                0x00000000080019c0                HAL_RCC_GetPCLK1Freq
 .text.HAL_RCC_GetPCLK2Freq
                0x00000000080019e8       0x28 Drivers/STM32F4xx_HAL_Driver/Src/stm32f4xx_hal_rcc.o
                0x00000000080019e8                HAL_RCC_GetPCLK2Freq
 .text.HAL_RCCEx_PeriphCLKConfig
                0x0000000008001a10      0x1c4 Drivers/STM32F4xx_HAL_Driver/Src/stm32f4xx_hal_rcc_ex.o
                0x0000000008001a10                HAL_RCCEx_PeriphCLKConfig
 .text.HAL_UART_Init
                0x0000000008001bd4       0x9a Drivers/STM32F4xx_HAL_Driver/Src/stm32f4xx_hal_uart.o
                0x0000000008001bd4                HAL_UART_Init
 .text.HAL_UART_Transmit
                0x0000000008001c6e      0x132 Drivers/STM32F4xx_HAL_Driver/Src/stm32f4xx_hal_uart.o
                0x0000000008001c6e                HAL_UART_Transmit
 .text.UART_WaitOnFlagUntilTimeout
                0x0000000008001da0       0x94 Drivers/STM32F4xx_HAL_Driver/Src/stm32f4xx_hal_uart.o
 .text.UART_SetConfig
                0x0000000008001e34      0x6f8 Drivers/STM32F4xx_HAL_Driver/Src/stm32f4xx_hal_uart.o
 .text.Reset_Handler
                0x000000000800252c       0x50 Startup/startup_stm32f407vgtx.o
                0x000000000800252c                Reset_Handler
 .text.Default_Handler
                0x000000000800257c        0x2 Startup/startup_stm32f407vgtx.o
                0x000000000800257c                RTC_Alarm_IRQHandler
                0x000000000800257c                HASH_RNG_IRQHandler
                0x000000000800257c                EXTI2_IRQHandler
                0x000000000800257c                TIM8_CC_IRQHandler
                0x000000000800257c                DebugMon_Handler
                0x000000000800257c                TIM1_CC_IRQHandler
                0x000000000800257c                DMA2_Stream5_IRQHandler
                0x000000000800257c                DMA1_Stream5_IRQHandler
                0x000000000800257c                PVD_IRQHandler
                0x000000000800257c                SDIO_IRQHandler
                0x000000000800257c                TAMP_STAMP_IRQHandler
                0x000000000800257c                CAN2_RX1_IRQHandler
                0x000000000800257c                EXTI3_IRQHandler
                0x000000000800257c                TIM8_TRG_COM_TIM14_IRQHandler
                0x000000000800257c                TIM1_UP_TIM10_IRQHandler
                0x000000000800257c                TIM8_UP_TIM13_IRQHandler
                0x000000000800257c                I2C3_ER_IRQHandler
                0x000000000800257c                LCD_TFT_IRQHandler
                0x000000000800257c                EXTI0_IRQHandler
                0x000000000800257c                I2C2_EV_IRQHandler
                0x000000000800257c                DMA1_Stream2_IRQHandler
                0x000000000800257c                CAN1_RX0_IRQHandler
                0x000000000800257c                FPU_IRQHandler
                0x000000000800257c                OTG_HS_WKUP_IRQHandler
                0x000000000800257c                CAN2_SCE_IRQHandler
                0x000000000800257c                DMA2_Stream2_IRQHandler
                0x000000000800257c                SPI1_IRQHandler
                0x000000000800257c                TIM6_DAC_IRQHandler
                0x000000000800257c                TIM1_BRK_TIM9_IRQHandler
                0x000000000800257c                DCMI_IRQHandler
                0x000000000800257c                CAN2_RX0_IRQHandler
                0x000000000800257c                DMA2_Stream3_IRQHandler
                0x000000000800257c                USART6_IRQHandler
                0x000000000800257c                USART3_IRQHandler
                0x000000000800257c                CRYP_IRQHandler
                0x000000000800257c                CAN1_RX1_IRQHandler
                0x000000000800257c                UART5_IRQHandler
                0x000000000800257c                DMA2_Stream0_IRQHandler
                0x000000000800257c                TIM4_IRQHandler
                0x000000000800257c                I2C1_EV_IRQHandler
                0x000000000800257c                DMA1_Stream6_IRQHandler
                0x000000000800257c                DMA1_Stream1_IRQHandler
                0x000000000800257c                UART4_IRQHandler
                0x000000000800257c                LCD_TFT_1_IRQHandler
                0x000000000800257c                TIM3_IRQHandler
                0x000000000800257c                RCC_IRQHandler
                0x000000000800257c                TIM8_BRK_TIM12_IRQHandler
                0x000000000800257c                Default_Handler
                0x000000000800257c                EXTI15_10_IRQHandler
                0x000000000800257c                ADC_IRQHandler
                0x000000000800257c                DMA1_Stream7_IRQHandler
                0x000000000800257c                TIM7_IRQHandler
                0x000000000800257c                CAN2_TX_IRQHandler
                0x000000000800257c                TIM5_IRQHandler
                0x000000000800257c                DMA2_Stream7_IRQHandler
                0x000000000800257c                I2C3_EV_IRQHandler
                0x000000000800257c                EXTI9_5_IRQHandler
                0x000000000800257c                RTC_WKUP_IRQHandler
                0x000000000800257c                ETH_WKUP_IRQHandler
                0x000000000800257c                SPI2_IRQHandler
                0x000000000800257c                OTG_HS_EP1_IN_IRQHandler
                0x000000000800257c                DMA1_Stream0_IRQHandler
                0x000000000800257c                CAN1_TX_IRQHandler
                0x000000000800257c                EXTI4_IRQHandler
                0x000000000800257c                FSMC_IRQHandler
                0x000000000800257c                ETH_IRQHandler
                0x000000000800257c                OTG_HS_EP1_OUT_IRQHandler
                0x000000000800257c                WWDG_IRQHandler
                0x000000000800257c                TIM2_IRQHandler
                0x000000000800257c                OTG_FS_WKUP_IRQHandler
                0x000000000800257c                TIM1_TRG_COM_TIM11_IRQHandler
                0x000000000800257c                OTG_HS_IRQHandler
                0x000000000800257c                EXTI1_IRQHandler
                0x000000000800257c                USART2_IRQHandler
                0x000000000800257c                I2C2_ER_IRQHandler
                0x000000000800257c                DMA2_Stream1_IRQHandler
                0x000000000800257c                CAN1_SCE_IRQHandler
                0x000000000800257c                DMA2_Stream4_IRQHandler
                0x000000000800257c                USART1_IRQHandler
                0x000000000800257c                OTG_FS_IRQHandler
                0x000000000800257c                SPI3_IRQHandler
                0x000000000800257c                DMA1_Stream4_IRQHandler
                0x000000000800257c                I2C1_ER_IRQHandler
                0x000000000800257c                DMA2_Stream6_IRQHandler
                0x000000000800257c                DMA1_Stream3_IRQHandler
 .text.vApplicationMallocFailedHook
                0x000000000800257e        0xe Third-Party/FreeRTOS/org/Source/CMSIS_RTOS_V2/cmsis_os2.o
                0x000000000800257e                vApplicationMallocFailedHook
 .text.vApplicationGetIdleTaskMemory
                0x000000000800258c       0x34 Third-Party/FreeRTOS/org/Source/CMSIS_RTOS_V2/cmsis_os2.o
                0x000000000800258c                vApplicationGetIdleTaskMemory
 .text.vListInitialise
                0x00000000080025c0       0x40 Third-Party/FreeRTOS/org/Source/list.o
                0x00000000080025c0                vListInitialise
 .text.vListInitialiseItem
                0x0000000008002600       0x1a Third-Party/FreeRTOS/org/Source/list.o
                0x0000000008002600                vListInitialiseItem
 .text.vListInsertEnd
                0x000000000800261a       0x48 Third-Party/FreeRTOS/org/Source/list.o
                0x000000000800261a                vListInsertEnd
 .text.vListInsert
                0x0000000008002662       0x72 Third-Party/FreeRTOS/org/Source/list.o
                0x0000000008002662                vListInsert
 .text.uxListRemove
                0x00000000080026d4       0x54 Third-Party/FreeRTOS/org/Source/list.o
                0x00000000080026d4                uxListRemove
 .text.xTaskCreateStatic
                0x0000000008002728       0xb2 Third-Party/FreeRTOS/org/Source/tasks.o
                0x0000000008002728                xTaskCreateStatic
 .text.xTaskCreate
                0x00000000080027da       0x8a Third-Party/FreeRTOS/org/Source/tasks.o
                0x00000000080027da                xTaskCreate
 .text.prvInitialiseNewTask
                0x0000000008002864      0x10c Third-Party/FreeRTOS/org/Source/tasks.o
 .text.prvAddNewTaskToReadyList
                0x0000000008002970      0x118 Third-Party/FreeRTOS/org/Source/tasks.o
 .text.vTaskStartScheduler
                0x0000000008002a88       0xbc Third-Party/FreeRTOS/org/Source/tasks.o
                0x0000000008002a88                vTaskStartScheduler
 .text.vTaskSuspendAll
                0x0000000008002b44       0x1c Third-Party/FreeRTOS/org/Source/tasks.o
                0x0000000008002b44                vTaskSuspendAll
 .text.xTaskResumeAll
                0x0000000008002b60      0x140 Third-Party/FreeRTOS/org/Source/tasks.o
                0x0000000008002b60                xTaskResumeAll
 .text.xTaskGetTickCount
                0x0000000008002ca0       0x20 Third-Party/FreeRTOS/org/Source/tasks.o
                0x0000000008002ca0                xTaskGetTickCount
 .text.xTaskGetTickCountFromISR
                0x0000000008002cc0       0x24 Third-Party/FreeRTOS/org/Source/tasks.o
                0x0000000008002cc0                xTaskGetTickCountFromISR
 .text.xTaskIncrementTick
                0x0000000008002ce4      0x180 Third-Party/FreeRTOS/org/Source/tasks.o
                0x0000000008002ce4                xTaskIncrementTick
 .text.vTaskSwitchContext
                0x0000000008002e64       0xdc Third-Party/FreeRTOS/org/Source/tasks.o
                0x0000000008002e64                vTaskSwitchContext
 .text.prvIdleTask
                0x0000000008002f40       0x30 Third-Party/FreeRTOS/org/Source/tasks.o
 .text.prvInitialiseTaskLists
                0x0000000008002f70       0x80 Third-Party/FreeRTOS/org/Source/tasks.o
 .text.prvCheckTasksWaitingTermination
                0x0000000008002ff0       0x58 Third-Party/FreeRTOS/org/Source/tasks.o
 .text.prvDeleteTCB
                0x0000000008003048       0x5c Third-Party/FreeRTOS/org/Source/tasks.o
 .text.prvResetNextTaskUnblockTime
                0x00000000080030a4       0x4c Third-Party/FreeRTOS/org/Source/tasks.o
 .text.xTaskNotifyWait
                0x00000000080030f0       0xc8 Third-Party/FreeRTOS/org/Source/tasks.o
                0x00000000080030f0                xTaskNotifyWait
 .text.xTaskGenericNotify
                0x00000000080031b8      0x164 Third-Party/FreeRTOS/org/Source/tasks.o
                0x00000000080031b8                xTaskGenericNotify
 .text.prvAddCurrentTaskToDelayedList
                0x000000000800331c       0xf0 Third-Party/FreeRTOS/org/Source/tasks.o
 .text.pxPortInitialiseStack
                0x000000000800340c       0x68 Third-Party/FreeRTOS/org/Source/portable/GCC/ARM_CM4F/port.o
                0x000000000800340c                pxPortInitialiseStack
 .text.prvTaskExitError
                0x0000000008003474       0x54 Third-Party/FreeRTOS/org/Source/portable/GCC/ARM_CM4F/port.o
 *fill*         0x00000000080034c8        0x8 
 .text.SVC_Handler
                0x00000000080034d0       0x28 Third-Party/FreeRTOS/org/Source/portable/GCC/ARM_CM4F/port.o
                0x00000000080034d0                SVC_Handler
 .text.prvPortStartFirstTask
                0x00000000080034f8       0x28 Third-Party/FreeRTOS/org/Source/portable/GCC/ARM_CM4F/port.o
 .text.xPortStartScheduler
                0x0000000008003520      0x13c Third-Party/FreeRTOS/org/Source/portable/GCC/ARM_CM4F/port.o
                0x0000000008003520                xPortStartScheduler
 .text.vPortEnterCritical
                0x000000000800365c       0x5c Third-Party/FreeRTOS/org/Source/portable/GCC/ARM_CM4F/port.o
                0x000000000800365c                vPortEnterCritical
 .text.vPortExitCritical
                0x00000000080036b8       0x50 Third-Party/FreeRTOS/org/Source/portable/GCC/ARM_CM4F/port.o
                0x00000000080036b8                vPortExitCritical
 *fill*         0x0000000008003708        0x8 
 .text.PendSV_Handler
                0x0000000008003710       0x68 Third-Party/FreeRTOS/org/Source/portable/GCC/ARM_CM4F/port.o
                0x0000000008003710                PendSV_Handler
 .text.xPortSysTickHandler
                0x0000000008003778       0x50 Third-Party/FreeRTOS/org/Source/portable/GCC/ARM_CM4F/port.o
                0x0000000008003778                xPortSysTickHandler
 .text.vPortSetupTimerInterrupt
                0x00000000080037c8       0x48 Third-Party/FreeRTOS/org/Source/portable/GCC/ARM_CM4F/port.o
                0x00000000080037c8                vPortSetupTimerInterrupt
 .text.vPortEnableVFP
                0x0000000008003810       0x14 Third-Party/FreeRTOS/org/Source/portable/GCC/ARM_CM4F/port.o
 .text.vPortValidateInterruptPriority
                0x0000000008003824       0x7c Third-Party/FreeRTOS/org/Source/portable/GCC/ARM_CM4F/port.o
                0x0000000008003824                vPortValidateInterruptPriority
 .text.vSetVarulMaxPRIGROUPValue
                0x00000000080038a0       0x8c Third-Party/FreeRTOS/org/Source/portable/GCC/ARM_CM4F/port.o
                0x00000000080038a0                vSetVarulMaxPRIGROUPValue
 .text.pvPortMalloc
                0x000000000800392c      0x18c Third-Party/FreeRTOS/org/Source/portable/MemMang/heap_4.o
                0x000000000800392c                pvPortMalloc
 .text.vPortFree
                0x0000000008003ab8       0xb0 Third-Party/FreeRTOS/org/Source/portable/MemMang/heap_4.o
                0x0000000008003ab8                vPortFree
 .text.prvHeapInit
                0x0000000008003b68       0xc4 Third-Party/FreeRTOS/org/Source/portable/MemMang/heap_4.o
 .text.prvInsertBlockIntoFreeList
                0x0000000008003c2c       0xb4 Third-Party/FreeRTOS/org/Source/portable/MemMang/heap_4.o
 .text._cbSendSystemDesc
                0x0000000008003ce0       0x1c Third-Party/SEGGER/Config/SEGGER_SYSVIEW_Config_FreeRTOS.o
 .text.SEGGER_SYSVIEW_Conf
                0x0000000008003cfc       0x2c Third-Party/SEGGER/Config/SEGGER_SYSVIEW_Config_FreeRTOS.o
                0x0000000008003cfc                SEGGER_SYSVIEW_Conf
 .text._cbSendTaskList
                0x0000000008003d28       0x90 Third-Party/SEGGER/OS/SEGGER_SYSVIEW_FreeRTOS.o
 .text._cbGetTime
                0x0000000008003db8       0x76 Third-Party/SEGGER/OS/SEGGER_SYSVIEW_FreeRTOS.o
 *fill*         0x0000000008003e2e        0x2 
 .text.SYSVIEW_AddTask
                0x0000000008003e30       0xd0 Third-Party/SEGGER/OS/SEGGER_SYSVIEW_FreeRTOS.o
                0x0000000008003e30                SYSVIEW_AddTask
 .text.SYSVIEW_SendTaskInfo
                0x0000000008003f00       0x42 Third-Party/SEGGER/OS/SEGGER_SYSVIEW_FreeRTOS.o
                0x0000000008003f00                SYSVIEW_SendTaskInfo
 *fill*         0x0000000008003f42        0x2 
 .text._DoInit  0x0000000008003f44       0xa4 Third-Party/SEGGER/SEGGER/SEGGER_RTT.o
 .text.SEGGER_RTT_ReadNoLock
                0x0000000008003fe8      0x104 Third-Party/SEGGER/SEGGER/SEGGER_RTT.o
                0x0000000008003fe8                SEGGER_RTT_ReadNoLock
 .text.SEGGER_RTT_ConfigUpBuffer
                0x00000000080040ec       0xd4 Third-Party/SEGGER/SEGGER/SEGGER_RTT.o
                0x00000000080040ec                SEGGER_RTT_ConfigUpBuffer
 .text.SEGGER_RTT_ConfigDownBuffer
                0x00000000080041c0       0xd4 Third-Party/SEGGER/SEGGER/SEGGER_RTT.o
                0x00000000080041c0                SEGGER_RTT_ConfigDownBuffer
 .text._EncodeStr
                0x0000000008004294       0x9a Third-Party/SEGGER/SEGGER/SEGGER_SYSVIEW.o
 .text._PreparePacket
                0x000000000800432e       0x18 Third-Party/SEGGER/SEGGER/SEGGER_SYSVIEW.o
 .text._HandleIncomingPacket
                0x0000000008004346       0xb8 Third-Party/SEGGER/SEGGER/SEGGER_SYSVIEW.o
 *fill*         0x00000000080043fe        0x2 
 .text._TrySendOverflowPacket
                0x0000000008004400       0xe0 Third-Party/SEGGER/SEGGER/SEGGER_SYSVIEW.o
 .text._SendPacket
                0x00000000080044e0      0x1a8 Third-Party/SEGGER/SEGGER/SEGGER_SYSVIEW.o
 .text.SEGGER_SYSVIEW_Init
                0x0000000008004688       0x7c Third-Party/SEGGER/SEGGER/SEGGER_SYSVIEW.o
                0x0000000008004688                SEGGER_SYSVIEW_Init
 .text.SEGGER_SYSVIEW_SetRAMBase
                0x0000000008004704       0x20 Third-Party/SEGGER/SEGGER/SEGGER_SYSVIEW.o
                0x0000000008004704                SEGGER_SYSVIEW_SetRAMBase
 .text.SEGGER_SYSVIEW_RecordVoid
                0x0000000008004724       0x3c Third-Party/SEGGER/SEGGER/SEGGER_SYSVIEW.o
                0x0000000008004724                SEGGER_SYSVIEW_RecordVoid
 .text.SEGGER_SYSVIEW_RecordU32
                0x0000000008004760       0x78 Third-Party/SEGGER/SEGGER/SEGGER_SYSVIEW.o
                0x0000000008004760                SEGGER_SYSVIEW_RecordU32
 .text.SEGGER_SYSVIEW_RecordU32x2
                0x00000000080047d8       0xb4 Third-Party/SEGGER/SEGGER/SEGGER_SYSVIEW.o
                0x00000000080047d8                SEGGER_SYSVIEW_RecordU32x2
 .text.SEGGER_SYSVIEW_RecordU32x4
                0x000000000800488c      0x124 Third-Party/SEGGER/SEGGER/SEGGER_SYSVIEW.o
                0x000000000800488c                SEGGER_SYSVIEW_RecordU32x4
 .text.SEGGER_SYSVIEW_Start
                0x00000000080049b0      0x170 Third-Party/SEGGER/SEGGER/SEGGER_SYSVIEW.o
                0x00000000080049b0                SEGGER_SYSVIEW_Start
 .text.SEGGER_SYSVIEW_Stop
                0x0000000008004b20       0x4c Third-Party/SEGGER/SEGGER/SEGGER_SYSVIEW.o
                0x0000000008004b20                SEGGER_SYSVIEW_Stop
 .text.SEGGER_SYSVIEW_GetSysDesc
                0x0000000008004b6c      0x134 Third-Party/SEGGER/SEGGER/SEGGER_SYSVIEW.o
                0x0000000008004b6c                SEGGER_SYSVIEW_GetSysDesc
 .text.SEGGER_SYSVIEW_SendTaskInfo
                0x0000000008004ca0      0x1cc Third-Party/SEGGER/SEGGER/SEGGER_SYSVIEW.o
                0x0000000008004ca0                SEGGER_SYSVIEW_SendTaskInfo
 .text.SEGGER_SYSVIEW_SendTaskList
                0x0000000008004e6c       0x28 Third-Party/SEGGER/SEGGER/SEGGER_SYSVIEW.o
                0x0000000008004e6c                SEGGER_SYSVIEW_SendTaskList
 .text.SEGGER_SYSVIEW_SendSysDesc
                0x0000000008004e94       0x48 Third-Party/SEGGER/SEGGER/SEGGER_SYSVIEW.o
                0x0000000008004e94                SEGGER_SYSVIEW_SendSysDesc
 .text.SEGGER_SYSVIEW_RecordSystime
                0x0000000008004edc       0x60 Third-Party/SEGGER/SEGGER/SEGGER_SYSVIEW.o
                0x0000000008004edc                SEGGER_SYSVIEW_RecordSystime
 .text.SEGGER_SYSVIEW_RecordEnterISR
                0x0000000008004f3c       0x84 Third-Party/SEGGER/SEGGER/SEGGER_SYSVIEW.o
                0x0000000008004f3c                SEGGER_SYSVIEW_RecordEnterISR
 .text.SEGGER_SYSVIEW_RecordExitISR
                0x0000000008004fc0       0x38 Third-Party/SEGGER/SEGGER/SEGGER_SYSVIEW.o
                0x0000000008004fc0                SEGGER_SYSVIEW_RecordExitISR
 .text.SEGGER_SYSVIEW_RecordExitISRToScheduler
                0x0000000008004ff8       0x38 Third-Party/SEGGER/SEGGER/SEGGER_SYSVIEW.o
                0x0000000008004ff8                SEGGER_SYSVIEW_RecordExitISRToScheduler
 .text.SEGGER_SYSVIEW_OnIdle
                0x0000000008005030       0x38 Third-Party/SEGGER/SEGGER/SEGGER_SYSVIEW.o
                0x0000000008005030                SEGGER_SYSVIEW_OnIdle
 .text.SEGGER_SYSVIEW_OnTaskCreate
                0x0000000008005068       0x88 Third-Party/SEGGER/SEGGER/SEGGER_SYSVIEW.o
                0x0000000008005068                SEGGER_SYSVIEW_OnTaskCreate
 .text.SEGGER_SYSVIEW_OnTaskStartExec
                0x00000000080050f0       0x88 Third-Party/SEGGER/SEGGER/SEGGER_SYSVIEW.o
                0x00000000080050f0                SEGGER_SYSVIEW_OnTaskStartExec
 .text.SEGGER_SYSVIEW_OnTaskStartReady
                0x0000000008005178       0x88 Third-Party/SEGGER/SEGGER/SEGGER_SYSVIEW.o
                0x0000000008005178                SEGGER_SYSVIEW_OnTaskStartReady
 .text.SEGGER_SYSVIEW_OnTaskStopReady
                0x0000000008005200       0xc0 Third-Party/SEGGER/SEGGER/SEGGER_SYSVIEW.o
                0x0000000008005200                SEGGER_SYSVIEW_OnTaskStopReady
 .text.SEGGER_SYSVIEW_ShrinkId
                0x00000000080052c0       0x24 Third-Party/SEGGER/SEGGER/SEGGER_SYSVIEW.o
                0x00000000080052c0                SEGGER_SYSVIEW_ShrinkId
 .text.SEGGER_SYSVIEW_SendModule
                0x00000000080052e4      0x100 Third-Party/SEGGER/SEGGER/SEGGER_SYSVIEW.o
                0x00000000080052e4                SEGGER_SYSVIEW_SendModule
 .text.SEGGER_SYSVIEW_SendModuleDescription
                0x00000000080053e4       0x3c Third-Party/SEGGER/SEGGER/SEGGER_SYSVIEW.o
                0x00000000080053e4                SEGGER_SYSVIEW_SendModuleDescription
 .text.SEGGER_SYSVIEW_SendNumModules
                0x0000000008005420       0x7c Third-Party/SEGGER/SEGGER/SEGGER_SYSVIEW.o
                0x0000000008005420                SEGGER_SYSVIEW_SendNumModules
 .text.SEGGER_SYSVIEW_Warn
                0x000000000800549c       0xb8 Third-Party/SEGGER/SEGGER/SEGGER_SYSVIEW.o
                0x000000000800549c                SEGGER_SYSVIEW_Warn
 .text.__errno  0x0000000008005554        0xc c:/st/stm32cubeide_1.3.0/stm32cubeide/plugins/com.st.stm32cube.ide.mcu.externaltools.gnu-tools-for-stm32.7-2018-q2-update.win32_1.0.0.201904181610/tools/bin/../lib/gcc/arm-none-eabi/7.3.1/../../../../arm-none-eabi/lib/thumb/v7e-m/fpv4-sp/hard\libc_nano.a(lib_a-errno.o)
                0x0000000008005554                __errno
 .text.__libc_init_array
                0x0000000008005560       0x48 c:/st/stm32cubeide_1.3.0/stm32cubeide/plugins/com.st.stm32cube.ide.mcu.externaltools.gnu-tools-for-stm32.7-2018-q2-update.win32_1.0.0.201904181610/tools/bin/../lib/gcc/arm-none-eabi/7.3.1/../../../../arm-none-eabi/lib/thumb/v7e-m/fpv4-sp/hard\libc_nano.a(lib_a-init.o)
                0x0000000008005560                __libc_init_array
 .text.memcmp   0x00000000080055a8       0x1e c:/st/stm32cubeide_1.3.0/stm32cubeide/plugins/com.st.stm32cube.ide.mcu.externaltools.gnu-tools-for-stm32.7-2018-q2-update.win32_1.0.0.201904181610/tools/bin/../lib/gcc/arm-none-eabi/7.3.1/../../../../arm-none-eabi/lib/thumb/v7e-m/fpv4-sp/hard\libc_nano.a(lib_a-memcmp.o)
                0x00000000080055a8                memcmp
 .text.memcpy   0x00000000080055c6       0x16 c:/st/stm32cubeide_1.3.0/stm32cubeide/plugins/com.st.stm32cube.ide.mcu.externaltools.gnu-tools-for-stm32.7-2018-q2-update.win32_1.0.0.201904181610/tools/bin/../lib/gcc/arm-none-eabi/7.3.1/../../../../arm-none-eabi/lib/thumb/v7e-m/fpv4-sp/hard\libc_nano.a(lib_a-memcpy-stub.o)
                0x00000000080055c6                memcpy
 .text.memset   0x00000000080055dc       0x10 c:/st/stm32cubeide_1.3.0/stm32cubeide/plugins/com.st.stm32cube.ide.mcu.externaltools.gnu-tools-for-stm32.7-2018-q2-update.win32_1.0.0.201904181610/tools/bin/../lib/gcc/arm-none-eabi/7.3.1/../../../../arm-none-eabi/lib/thumb/v7e-m/fpv4-sp/hard\libc_nano.a(lib_a-memset.o)
                0x00000000080055dc                memset
 .text.sprintf  0x00000000080055ec       0x40 c:/st/stm32cubeide_1.3.0/stm32cubeide/plugins/com.st.stm32cube.ide.mcu.externaltools.gnu-tools-for-stm32.7-2018-q2-update.win32_1.0.0.201904181610/tools/bin/../lib/gcc/arm-none-eabi/7.3.1/../../../../arm-none-eabi/lib/thumb/v7e-m/fpv4-sp/hard\libc_nano.a(lib_a-sprintf.o)
                0x00000000080055ec                siprintf
                0x00000000080055ec                sprintf
 .text.__ssputs_r
                0x000000000800562c       0xb4 c:/st/stm32cubeide_1.3.0/stm32cubeide/plugins/com.st.stm32cube.ide.mcu.externaltools.gnu-tools-for-stm32.7-2018-q2-update.win32_1.0.0.201904181610/tools/bin/../lib/gcc/arm-none-eabi/7.3.1/../../../../arm-none-eabi/lib/thumb/v7e-m/fpv4-sp/hard\libc_nano.a(lib_a-nano-svfprintf.o)
                0x000000000800562c                __ssputs_r
 .text._svfprintf_r
                0x00000000080056e0      0x1f0 c:/st/stm32cubeide_1.3.0/stm32cubeide/plugins/com.st.stm32cube.ide.mcu.externaltools.gnu-tools-for-stm32.7-2018-q2-update.win32_1.0.0.201904181610/tools/bin/../lib/gcc/arm-none-eabi/7.3.1/../../../../arm-none-eabi/lib/thumb/v7e-m/fpv4-sp/hard\libc_nano.a(lib_a-nano-svfprintf.o)
                0x00000000080056e0                _svfiprintf_r
                0x00000000080056e0                _svfprintf_r
 .text._printf_common
                0x00000000080058d0       0xea c:/st/stm32cubeide_1.3.0/stm32cubeide/plugins/com.st.stm32cube.ide.mcu.externaltools.gnu-tools-for-stm32.7-2018-q2-update.win32_1.0.0.201904181610/tools/bin/../lib/gcc/arm-none-eabi/7.3.1/../../../../arm-none-eabi/lib/thumb/v7e-m/fpv4-sp/hard\libc_nano.a(lib_a-nano-vfprintf_i.o)
                0x00000000080058d0                _printf_common
 *fill*         0x00000000080059ba        0x2 
 .text._printf_i
                0x00000000080059bc      0x224 c:/st/stm32cubeide_1.3.0/stm32cubeide/plugins/com.st.stm32cube.ide.mcu.externaltools.gnu-tools-for-stm32.7-2018-q2-update.win32_1.0.0.201904181610/tools/bin/../lib/gcc/arm-none-eabi/7.3.1/../../../../arm-none-eabi/lib/thumb/v7e-m/fpv4-sp/hard\libc_nano.a(lib_a-nano-vfprintf_i.o)
                0x00000000080059bc                _printf_i
 .text.memmove  0x0000000008005be0       0x32 c:/st/stm32cubeide_1.3.0/stm32cubeide/plugins/com.st.stm32cube.ide.mcu.externaltools.gnu-tools-for-stm32.7-2018-q2-update.win32_1.0.0.201904181610/tools/bin/../lib/gcc/arm-none-eabi/7.3.1/../../../../arm-none-eabi/lib/thumb/v7e-m/fpv4-sp/hard\libc_nano.a(lib_a-memmove.o)
                0x0000000008005be0                memmove
 *fill*         0x0000000008005c12        0x2 
 .text._free_r  0x0000000008005c14       0x9c c:/st/stm32cubeide_1.3.0/stm32cubeide/plugins/com.st.stm32cube.ide.mcu.externaltools.gnu-tools-for-stm32.7-2018-q2-update.win32_1.0.0.201904181610/tools/bin/../lib/gcc/arm-none-eabi/7.3.1/../../../../arm-none-eabi/lib/thumb/v7e-m/fpv4-sp/hard\libc_nano.a(lib_a-nano-freer.o)
                0x0000000008005c14                _free_r
 .text._malloc_r
                0x0000000008005cb0       0xb4 c:/st/stm32cubeide_1.3.0/stm32cubeide/plugins/com.st.stm32cube.ide.mcu.externaltools.gnu-tools-for-stm32.7-2018-q2-update.win32_1.0.0.201904181610/tools/bin/../lib/gcc/arm-none-eabi/7.3.1/../../../../arm-none-eabi/lib/thumb/v7e-m/fpv4-sp/hard\libc_nano.a(lib_a-nano-mallocr.o)
                0x0000000008005cb0                _malloc_r
 .text._realloc_r
                0x0000000008005d64       0x4c c:/st/stm32cubeide_1.3.0/stm32cubeide/plugins/com.st.stm32cube.ide.mcu.externaltools.gnu-tools-for-stm32.7-2018-q2-update.win32_1.0.0.201904181610/tools/bin/../lib/gcc/arm-none-eabi/7.3.1/../../../../arm-none-eabi/lib/thumb/v7e-m/fpv4-sp/hard\libc_nano.a(lib_a-nano-reallocr.o)
                0x0000000008005d64                _realloc_r
 .text._sbrk_r  0x0000000008005db0       0x20 c:/st/stm32cubeide_1.3.0/stm32cubeide/plugins/com.st.stm32cube.ide.mcu.externaltools.gnu-tools-for-stm32.7-2018-q2-update.win32_1.0.0.201904181610/tools/bin/../lib/gcc/arm-none-eabi/7.3.1/../../../../arm-none-eabi/lib/thumb/v7e-m/fpv4-sp/hard\libc_nano.a(lib_a-sbrkr.o)
                0x0000000008005db0                _sbrk_r
 .text.__malloc_lock
                0x0000000008005dd0        0x2 c:/st/stm32cubeide_1.3.0/stm32cubeide/plugins/com.st.stm32cube.ide.mcu.externaltools.gnu-tools-for-stm32.7-2018-q2-update.win32_1.0.0.201904181610/tools/bin/../lib/gcc/arm-none-eabi/7.3.1/../../../../arm-none-eabi/lib/thumb/v7e-m/fpv4-sp/hard\libc_nano.a(lib_a-mlock.o)
                0x0000000008005dd0                __malloc_lock
 .text.__malloc_unlock
                0x0000000008005dd2        0x2 c:/st/stm32cubeide_1.3.0/stm32cubeide/plugins/com.st.stm32cube.ide.mcu.externaltools.gnu-tools-for-stm32.7-2018-q2-update.win32_1.0.0.201904181610/tools/bin/../lib/gcc/arm-none-eabi/7.3.1/../../../../arm-none-eabi/lib/thumb/v7e-m/fpv4-sp/hard\libc_nano.a(lib_a-mlock.o)
                0x0000000008005dd2                __malloc_unlock
 .text._malloc_usable_size_r
                0x0000000008005dd4       0x10 c:/st/stm32cubeide_1.3.0/stm32cubeide/plugins/com.st.stm32cube.ide.mcu.externaltools.gnu-tools-for-stm32.7-2018-q2-update.win32_1.0.0.201904181610/tools/bin/../lib/gcc/arm-none-eabi/7.3.1/../../../../arm-none-eabi/lib/thumb/v7e-m/fpv4-sp/hard\libc_nano.a(lib_a-nano-msizer.o)
                0x0000000008005dd4                _malloc_usable_size_r
 *(.glue_7)
 .glue_7        0x0000000008005de4        0x0 linker stubs
 *(.glue_7t)
 .glue_7t       0x0000000008005de4        0x0 linker stubs
 *(.eh_frame)
 .eh_frame      0x0000000008005de4        0x0 c:/st/stm32cubeide_1.3.0/stm32cubeide/plugins/com.st.stm32cube.ide.mcu.externaltools.gnu-tools-for-stm32.7-2018-q2-update.win32_1.0.0.201904181610/tools/bin/../lib/gcc/arm-none-eabi/7.3.1/thumb/v7e-m/fpv4-sp/hard/crtbegin.o
 *(.init)
 .init          0x0000000008005de4        0x4 c:/st/stm32cubeide_1.3.0/stm32cubeide/plugins/com.st.stm32cube.ide.mcu.externaltools.gnu-tools-for-stm32.7-2018-q2-update.win32_1.0.0.201904181610/tools/bin/../lib/gcc/arm-none-eabi/7.3.1/thumb/v7e-m/fpv4-sp/hard/crti.o
                0x0000000008005de4                _init
 .init          0x0000000008005de8        0x8 c:/st/stm32cubeide_1.3.0/stm32cubeide/plugins/com.st.stm32cube.ide.mcu.externaltools.gnu-tools-for-stm32.7-2018-q2-update.win32_1.0.0.201904181610/tools/bin/../lib/gcc/arm-none-eabi/7.3.1/thumb/v7e-m/fpv4-sp/hard/crtn.o
 *(.fini)
 .fini          0x0000000008005df0        0x4 c:/st/stm32cubeide_1.3.0/stm32cubeide/plugins/com.st.stm32cube.ide.mcu.externaltools.gnu-tools-for-stm32.7-2018-q2-update.win32_1.0.0.201904181610/tools/bin/../lib/gcc/arm-none-eabi/7.3.1/thumb/v7e-m/fpv4-sp/hard/crti.o
                0x0000000008005df0                _fini
 .fini          0x0000000008005df4        0x8 c:/st/stm32cubeide_1.3.0/stm32cubeide/plugins/com.st.stm32cube.ide.mcu.externaltools.gnu-tools-for-stm32.7-2018-q2-update.win32_1.0.0.201904181610/tools/bin/../lib/gcc/arm-none-eabi/7.3.1/thumb/v7e-m/fpv4-sp/hard/crtn.o
                0x0000000008005dfc                . = ALIGN (0x4)
                0x0000000008005dfc                _etext = .

.vfp11_veneer   0x0000000008005dfc        0x0
 .vfp11_veneer  0x0000000008005dfc        0x0 linker stubs

.v4_bx          0x0000000008005dfc        0x0
 .v4_bx         0x0000000008005dfc        0x0 linker stubs

.iplt           0x0000000008005dfc        0x0
 .iplt          0x0000000008005dfc        0x0 c:/st/stm32cubeide_1.3.0/stm32cubeide/plugins/com.st.stm32cube.ide.mcu.externaltools.gnu-tools-for-stm32.7-2018-q2-update.win32_1.0.0.201904181610/tools/bin/../lib/gcc/arm-none-eabi/7.3.1/thumb/v7e-m/fpv4-sp/hard/crtbegin.o

.rodata         0x0000000008005dfc      0x170
                0x0000000008005dfc                . = ALIGN (0x4)
 *(.rodata)
 .rodata        0x0000000008005dfc       0x4c Core/Src/main.o
 .rodata        0x0000000008005e48        0x5 Third-Party/FreeRTOS/org/Source/tasks.o
 *fill*         0x0000000008005e4d        0x3 
 .rodata        0x0000000008005e50       0x41 Third-Party/SEGGER/Config/SEGGER_SYSVIEW_Config_FreeRTOS.o
 *fill*         0x0000000008005e91        0x3 
 .rodata        0x0000000008005e94       0x58 Third-Party/SEGGER/OS/SEGGER_SYSVIEW_FreeRTOS.o
 .rodata        0x0000000008005eec       0x17 Third-Party/SEGGER/SEGGER/SEGGER_RTT.o
 *fill*         0x0000000008005f03        0x1 
 .rodata        0x0000000008005f04        0x8 Third-Party/SEGGER/SEGGER/SEGGER_SYSVIEW.o
 *(.rodata*)
 .rodata.AHBPrescTable
                0x0000000008005f0c       0x10 Core/Src/system_stm32f4xx.o
                0x0000000008005f0c                AHBPrescTable
 .rodata.APBPrescTable
                0x0000000008005f1c        0x8 Core/Src/system_stm32f4xx.o
                0x0000000008005f1c                APBPrescTable
 .rodata.SYSVIEW_X_OS_TraceAPI
                0x0000000008005f24        0x8 Third-Party/SEGGER/OS/SEGGER_SYSVIEW_FreeRTOS.o
                0x0000000008005f24                SYSVIEW_X_OS_TraceAPI
 .rodata._abSync
                0x0000000008005f2c        0xa Third-Party/SEGGER/SEGGER/SEGGER_SYSVIEW.o
 .rodata._svfprintf_r.str1.1
                0x0000000008005f36       0x11 c:/st/stm32cubeide_1.3.0/stm32cubeide/plugins/com.st.stm32cube.ide.mcu.externaltools.gnu-tools-for-stm32.7-2018-q2-update.win32_1.0.0.201904181610/tools/bin/../lib/gcc/arm-none-eabi/7.3.1/../../../../arm-none-eabi/lib/thumb/v7e-m/fpv4-sp/hard\libc_nano.a(lib_a-nano-svfprintf.o)
 .rodata._printf_i.str1.1
                0x0000000008005f47       0x22 c:/st/stm32cubeide_1.3.0/stm32cubeide/plugins/com.st.stm32cube.ide.mcu.externaltools.gnu-tools-for-stm32.7-2018-q2-update.win32_1.0.0.201904181610/tools/bin/../lib/gcc/arm-none-eabi/7.3.1/../../../../arm-none-eabi/lib/thumb/v7e-m/fpv4-sp/hard\libc_nano.a(lib_a-nano-vfprintf_i.o)
                0x0000000008005f6c                . = ALIGN (0x4)
 *fill*         0x0000000008005f69        0x3 

.ARM.extab      0x0000000008005f6c        0x0
                0x0000000008005f6c                . = ALIGN (0x4)
 *(.ARM.extab* .gnu.linkonce.armextab.*)
                0x0000000008005f6c                . = ALIGN (0x4)

.ARM            0x0000000008005f6c        0x8
                0x0000000008005f6c                . = ALIGN (0x4)
                0x0000000008005f6c                __exidx_start = .
 *(.ARM.exidx*)
 .ARM.exidx     0x0000000008005f6c        0x8 c:/st/stm32cubeide_1.3.0/stm32cubeide/plugins/com.st.stm32cube.ide.mcu.externaltools.gnu-tools-for-stm32.7-2018-q2-update.win32_1.0.0.201904181610/tools/bin/../lib/gcc/arm-none-eabi/7.3.1/thumb/v7e-m/fpv4-sp/hard\libgcc.a(_udivmoddi4.o)
                0x0000000008005f74                __exidx_end = .
                0x0000000008005f74                . = ALIGN (0x4)

.rel.dyn        0x0000000008005f74        0x0
 .rel.iplt      0x0000000008005f74        0x0 c:/st/stm32cubeide_1.3.0/stm32cubeide/plugins/com.st.stm32cube.ide.mcu.externaltools.gnu-tools-for-stm32.7-2018-q2-update.win32_1.0.0.201904181610/tools/bin/../lib/gcc/arm-none-eabi/7.3.1/thumb/v7e-m/fpv4-sp/hard/crtbegin.o

.preinit_array  0x0000000008005f74        0x0
                0x0000000008005f74                . = ALIGN (0x4)
                0x0000000008005f74                PROVIDE (__preinit_array_start = .)
 *(.preinit_array*)
                0x0000000008005f74                PROVIDE (__preinit_array_end = .)
                0x0000000008005f74                . = ALIGN (0x4)

.init_array     0x0000000008005f74        0x4
                0x0000000008005f74                . = ALIGN (0x4)
                0x0000000008005f74                PROVIDE (__init_array_start = .)
 *(SORT_BY_NAME(.init_array.*))
 *(.init_array*)
 .init_array    0x0000000008005f74        0x4 c:/st/stm32cubeide_1.3.0/stm32cubeide/plugins/com.st.stm32cube.ide.mcu.externaltools.gnu-tools-for-stm32.7-2018-q2-update.win32_1.0.0.201904181610/tools/bin/../lib/gcc/arm-none-eabi/7.3.1/thumb/v7e-m/fpv4-sp/hard/crtbegin.o
                0x0000000008005f78                PROVIDE (__init_array_end = .)
                0x0000000008005f78                . = ALIGN (0x4)

.fini_array     0x0000000008005f78        0x4
                0x0000000008005f78                . = ALIGN (0x4)
                [!provide]                        PROVIDE (__fini_array_start = .)
 *(SORT_BY_NAME(.fini_array.*))
 *(.fini_array*)
 .fini_array    0x0000000008005f78        0x4 c:/st/stm32cubeide_1.3.0/stm32cubeide/plugins/com.st.stm32cube.ide.mcu.externaltools.gnu-tools-for-stm32.7-2018-q2-update.win32_1.0.0.201904181610/tools/bin/../lib/gcc/arm-none-eabi/7.3.1/thumb/v7e-m/fpv4-sp/hard/crtbegin.o
                [!provide]                        PROVIDE (__fini_array_end = .)
                0x0000000008005f7c                . = ALIGN (0x4)
                0x0000000008005f7c                _sidata = LOADADDR (.data)

.data           0x0000000020000000       0x74 load address 0x0000000008005f7c
                0x0000000020000000                . = ALIGN (0x4)
                0x0000000020000000                _sdata = .
 *(.data)
 *(.data*)
 .data.SystemCoreClock
                0x0000000020000000        0x4 Core/Src/system_stm32f4xx.o
                0x0000000020000000                SystemCoreClock
 .data.uwTickPrio
                0x0000000020000004        0x4 Drivers/STM32F4xx_HAL_Driver/Src/stm32f4xx_hal.o
                0x0000000020000004                uwTickPrio
 .data.uwTickFreq
                0x0000000020000008        0x1 Drivers/STM32F4xx_HAL_Driver/Src/stm32f4xx_hal.o
                0x0000000020000008                uwTickFreq
 *fill*         0x0000000020000009        0x3 
 .data.uxCriticalNesting
                0x000000002000000c        0x4 Third-Party/FreeRTOS/org/Source/portable/GCC/ARM_CM4F/port.o
 .data._impure_ptr
                0x0000000020000010        0x4 c:/st/stm32cubeide_1.3.0/stm32cubeide/plugins/com.st.stm32cube.ide.mcu.externaltools.gnu-tools-for-stm32.7-2018-q2-update.win32_1.0.0.201904181610/tools/bin/../lib/gcc/arm-none-eabi/7.3.1/../../../../arm-none-eabi/lib/thumb/v7e-m/fpv4-sp/hard\libc_nano.a(lib_a-impure.o)
                0x0000000020000010                _impure_ptr
 .data.impure_data
                0x0000000020000014       0x60 c:/st/stm32cubeide_1.3.0/stm32cubeide/plugins/com.st.stm32cube.ide.mcu.externaltools.gnu-tools-for-stm32.7-2018-q2-update.win32_1.0.0.201904181610/tools/bin/../lib/gcc/arm-none-eabi/7.3.1/../../../../arm-none-eabi/lib/thumb/v7e-m/fpv4-sp/hard\libc_nano.a(lib_a-impure.o)
                0x0000000020000074                . = ALIGN (0x4)
                0x0000000020000074                _edata = .

.igot.plt       0x0000000020000074        0x0 load address 0x0000000008005ff0
 .igot.plt      0x0000000020000074        0x0 c:/st/stm32cubeide_1.3.0/stm32cubeide/plugins/com.st.stm32cube.ide.mcu.externaltools.gnu-tools-for-stm32.7-2018-q2-update.win32_1.0.0.201904181610/tools/bin/../lib/gcc/arm-none-eabi/7.3.1/thumb/v7e-m/fpv4-sp/hard/crtbegin.o
                0x0000000020000074                . = ALIGN (0x4)

.bss            0x0000000020000074    0x156d8 load address 0x0000000008005ff0
                0x0000000020000074                _sbss = .
                0x0000000020000074                __bss_start__ = _sbss
 *(.bss)
 .bss           0x0000000020000074       0x1c c:/st/stm32cubeide_1.3.0/stm32cubeide/plugins/com.st.stm32cube.ide.mcu.externaltools.gnu-tools-for-stm32.7-2018-q2-update.win32_1.0.0.201904181610/tools/bin/../lib/gcc/arm-none-eabi/7.3.1/thumb/v7e-m/fpv4-sp/hard/crtbegin.o
 *(.bss*)
 .bss.xTaskHandler1
                0x0000000020000090        0x4 Core/Src/main.o
                0x0000000020000090                xTaskHandler1
 .bss.xTaskHandler2
                0x0000000020000094        0x4 Core/Src/main.o
                0x0000000020000094                xTaskHandler2
 .bss.heap_end.6424
                0x0000000020000098        0x4 Core/Src/sysmem.o
 .bss.Idle_TCB  0x000000002000009c       0x58 Third-Party/FreeRTOS/org/Source/CMSIS_RTOS_V2/cmsis_os2.o
 .bss.Idle_Stack
                0x00000000200000f4      0x208 Third-Party/FreeRTOS/org/Source/CMSIS_RTOS_V2/cmsis_os2.o
 .bss.pxCurrentTCB
                0x00000000200002fc        0x4 Third-Party/FreeRTOS/org/Source/tasks.o
                0x00000000200002fc                pxCurrentTCB
 .bss.pxReadyTasksLists
                0x0000000020000300       0x64 Third-Party/FreeRTOS/org/Source/tasks.o
 .bss.xDelayedTaskList1
                0x0000000020000364       0x14 Third-Party/FreeRTOS/org/Source/tasks.o
 .bss.xDelayedTaskList2
                0x0000000020000378       0x14 Third-Party/FreeRTOS/org/Source/tasks.o
 .bss.pxDelayedTaskList
                0x000000002000038c        0x4 Third-Party/FreeRTOS/org/Source/tasks.o
 .bss.pxOverflowDelayedTaskList
                0x0000000020000390        0x4 Third-Party/FreeRTOS/org/Source/tasks.o
 .bss.xPendingReadyList
                0x0000000020000394       0x14 Third-Party/FreeRTOS/org/Source/tasks.o
 .bss.xTasksWaitingTermination
                0x00000000200003a8       0x14 Third-Party/FreeRTOS/org/Source/tasks.o
 .bss.uxDeletedTasksWaitingCleanUp
                0x00000000200003bc        0x4 Third-Party/FreeRTOS/org/Source/tasks.o
 .bss.xSuspendedTaskList
                0x00000000200003c0       0x14 Third-Party/FreeRTOS/org/Source/tasks.o
 .bss.uxCurrentNumberOfTasks
                0x00000000200003d4        0x4 Third-Party/FreeRTOS/org/Source/tasks.o
 .bss.xTickCount
                0x00000000200003d8        0x4 Third-Party/FreeRTOS/org/Source/tasks.o
 .bss.uxTopReadyPriority
                0x00000000200003dc        0x4 Third-Party/FreeRTOS/org/Source/tasks.o
 .bss.xSchedulerRunning
                0x00000000200003e0        0x4 Third-Party/FreeRTOS/org/Source/tasks.o
 .bss.uxPendedTicks
                0x00000000200003e4        0x4 Third-Party/FreeRTOS/org/Source/tasks.o
 .bss.xYieldPending
                0x00000000200003e8        0x4 Third-Party/FreeRTOS/org/Source/tasks.o
 .bss.xNumOfOverflows
                0x00000000200003ec        0x4 Third-Party/FreeRTOS/org/Source/tasks.o
 .bss.uxTaskNumber
                0x00000000200003f0        0x4 Third-Party/FreeRTOS/org/Source/tasks.o
 .bss.xNextTaskUnblockTime
                0x00000000200003f4        0x4 Third-Party/FreeRTOS/org/Source/tasks.o
 .bss.xIdleTaskHandle
                0x00000000200003f8        0x4 Third-Party/FreeRTOS/org/Source/tasks.o
 .bss.uxSchedulerSuspended
                0x00000000200003fc        0x4 Third-Party/FreeRTOS/org/Source/tasks.o
 .bss.ucMaxSysCallPriority
                0x0000000020000400        0x1 Third-Party/FreeRTOS/org/Source/portable/GCC/ARM_CM4F/port.o
 *fill*         0x0000000020000401        0x3 
 .bss.ulMaxPRIGROUPValue
                0x0000000020000404        0x4 Third-Party/FreeRTOS/org/Source/portable/GCC/ARM_CM4F/port.o
 .bss.ucHeap    0x0000000020000408    0x12c00 Third-Party/FreeRTOS/org/Source/portable/MemMang/heap_4.o
 .bss.xStart    0x0000000020013008        0x8 Third-Party/FreeRTOS/org/Source/portable/MemMang/heap_4.o
 .bss.pxEnd     0x0000000020013010        0x4 Third-Party/FreeRTOS/org/Source/portable/MemMang/heap_4.o
 .bss.xFreeBytesRemaining
                0x0000000020013014        0x4 Third-Party/FreeRTOS/org/Source/portable/MemMang/heap_4.o
 .bss.xMinimumEverFreeBytesRemaining
                0x0000000020013018        0x4 Third-Party/FreeRTOS/org/Source/portable/MemMang/heap_4.o
 .bss.xBlockAllocatedBit
                0x000000002001301c        0x4 Third-Party/FreeRTOS/org/Source/portable/MemMang/heap_4.o
 .bss._aTasks   0x0000000020013020       0xa0 Third-Party/SEGGER/OS/SEGGER_SYSVIEW_FreeRTOS.o
 .bss._NumTasks
                0x00000000200130c0        0x4 Third-Party/SEGGER/OS/SEGGER_SYSVIEW_FreeRTOS.o
 .bss._acUpBuffer
                0x00000000200130c4      0x400 Third-Party/SEGGER/SEGGER/SEGGER_RTT.o
 .bss._acDownBuffer
                0x00000000200134c4       0x10 Third-Party/SEGGER/SEGGER/SEGGER_RTT.o
 .bss._UpBuffer
                0x00000000200134d4     0x2000 Third-Party/SEGGER/SEGGER/SEGGER_SYSVIEW.o
 .bss._DownBuffer
                0x00000000200154d4        0x8 Third-Party/SEGGER/SEGGER/SEGGER_SYSVIEW.o
 .bss._SYSVIEW_Globals
                0x00000000200154dc       0x28 Third-Party/SEGGER/SEGGER/SEGGER_SYSVIEW.o
 .bss._pFirstModule
                0x0000000020015504        0x4 Third-Party/SEGGER/SEGGER/SEGGER_SYSVIEW.o
 .bss._NumModules
                0x0000000020015508        0x1 Third-Party/SEGGER/SEGGER/SEGGER_SYSVIEW.o
 *fill*         0x0000000020015509        0x3 
 .bss._aPacket  0x000000002001550c       0xe3 Third-Party/SEGGER/SEGGER/SEGGER_SYSVIEW.o
 *fill*         0x00000000200155ef        0x1 
 .bss.__malloc_free_list
                0x00000000200155f0        0x4 c:/st/stm32cubeide_1.3.0/stm32cubeide/plugins/com.st.stm32cube.ide.mcu.externaltools.gnu-tools-for-stm32.7-2018-q2-update.win32_1.0.0.201904181610/tools/bin/../lib/gcc/arm-none-eabi/7.3.1/../../../../arm-none-eabi/lib/thumb/v7e-m/fpv4-sp/hard\libc_nano.a(lib_a-nano-mallocr.o)
                0x00000000200155f0                __malloc_free_list
 .bss.__malloc_sbrk_start
                0x00000000200155f4        0x4 c:/st/stm32cubeide_1.3.0/stm32cubeide/plugins/com.st.stm32cube.ide.mcu.externaltools.gnu-tools-for-stm32.7-2018-q2-update.win32_1.0.0.201904181610/tools/bin/../lib/gcc/arm-none-eabi/7.3.1/../../../../arm-none-eabi/lib/thumb/v7e-m/fpv4-sp/hard\libc_nano.a(lib_a-nano-mallocr.o)
                0x00000000200155f4                __malloc_sbrk_start
 *(COMMON)
 COMMON         0x00000000200155f8       0x40 Core/Src/Peripherals/usart2.o
                0x00000000200155f8                huart2
 COMMON         0x0000000020015638       0x64 Core/Src/main.o
                0x0000000020015638                msg
 COMMON         0x000000002001569c        0x4 Drivers/STM32F4xx_HAL_Driver/Src/stm32f4xx_hal.o
                0x000000002001569c                uwTick
 COMMON         0x00000000200156a0       0xa8 Third-Party/SEGGER/SEGGER/SEGGER_RTT.o
                0x00000000200156a0                _SEGGER_RTT
 COMMON         0x0000000020015748        0x4 c:/st/stm32cubeide_1.3.0/stm32cubeide/plugins/com.st.stm32cube.ide.mcu.externaltools.gnu-tools-for-stm32.7-2018-q2-update.win32_1.0.0.201904181610/tools/bin/../lib/gcc/arm-none-eabi/7.3.1/../../../../arm-none-eabi/lib/thumb/v7e-m/fpv4-sp/hard\libc_nano.a(lib_a-reent.o)
                0x0000000020015748                errno
                0x000000002001574c                . = ALIGN (0x4)
                0x000000002001574c                _ebss = .
                0x000000002001574c                __bss_end__ = _ebss

._user_heap_stack
                0x000000002001574c      0x604 load address 0x0000000008005ff0
                0x0000000020015750                . = ALIGN (0x8)
 *fill*         0x000000002001574c        0x4 
                0x0000000020015750                PROVIDE (end = .)
                [!provide]                        PROVIDE (_end = .)
                0x0000000020015950                . = (. + _Min_Heap_Size)
 *fill*         0x0000000020015750      0x200 
                0x0000000020015d50                . = (. + _Min_Stack_Size)
 *fill*         0x0000000020015950      0x400 
                0x0000000020015d50                . = ALIGN (0x8)

/DISCARD/
 libc.a(*)
 libm.a(*)
 libgcc.a(*)

.ARM.attributes
                0x0000000000000000       0x30
 *(.ARM.attributes)
 .ARM.attributes
                0x0000000000000000       0x22 c:/st/stm32cubeide_1.3.0/stm32cubeide/plugins/com.st.stm32cube.ide.mcu.externaltools.gnu-tools-for-stm32.7-2018-q2-update.win32_1.0.0.201904181610/tools/bin/../lib/gcc/arm-none-eabi/7.3.1/thumb/v7e-m/fpv4-sp/hard/crti.o
 .ARM.attributes
                0x0000000000000022       0x34 c:/st/stm32cubeide_1.3.0/stm32cubeide/plugins/com.st.stm32cube.ide.mcu.externaltools.gnu-tools-for-stm32.7-2018-q2-update.win32_1.0.0.201904181610/tools/bin/../lib/gcc/arm-none-eabi/7.3.1/thumb/v7e-m/fpv4-sp/hard/crtbegin.o
 .ARM.attributes
                0x0000000000000056       0x39 Core/Src/Peripherals/usart2.o
 .ARM.attributes
                0x000000000000008f       0x39 Core/Src/main.o
 .ARM.attributes
                0x00000000000000c8       0x39 Core/Src/stm32f4xx_hal_msp.o
 .ARM.attributes
                0x0000000000000101       0x39 Core/Src/stm32f4xx_it.o
 .ARM.attributes
                0x000000000000013a       0x39 Core/Src/sysmem.o
 .ARM.attributes
                0x0000000000000173       0x39 Core/Src/system_stm32f4xx.o
 .ARM.attributes
                0x00000000000001ac       0x39 Drivers/STM32F4xx_HAL_Driver/Src/stm32f4xx_hal.o
 .ARM.attributes
                0x00000000000001e5       0x39 Drivers/STM32F4xx_HAL_Driver/Src/stm32f4xx_hal_cortex.o
 .ARM.attributes
                0x000000000000021e       0x39 Drivers/STM32F4xx_HAL_Driver/Src/stm32f4xx_hal_gpio.o
 .ARM.attributes
                0x0000000000000257       0x39 Drivers/STM32F4xx_HAL_Driver/Src/stm32f4xx_hal_rcc.o
 .ARM.attributes
                0x0000000000000290       0x39 Drivers/STM32F4xx_HAL_Driver/Src/stm32f4xx_hal_rcc_ex.o
 .ARM.attributes
                0x00000000000002c9       0x39 Drivers/STM32F4xx_HAL_Driver/Src/stm32f4xx_hal_uart.o
 .ARM.attributes
                0x0000000000000302       0x21 Startup/startup_stm32f407vgtx.o
 .ARM.attributes
                0x0000000000000323       0x39 Third-Party/FreeRTOS/org/Source/CMSIS_RTOS_V2/cmsis_os2.o
 .ARM.attributes
                0x000000000000035c       0x39 Third-Party/FreeRTOS/org/Source/list.o
 .ARM.attributes
                0x0000000000000395       0x39 Third-Party/FreeRTOS/org/Source/tasks.o
 .ARM.attributes
                0x00000000000003ce       0x39 Third-Party/FreeRTOS/org/Source/portable/GCC/ARM_CM4F/port.o
 .ARM.attributes
                0x0000000000000407       0x39 Third-Party/FreeRTOS/org/Source/portable/MemMang/heap_4.o
 .ARM.attributes
                0x0000000000000440       0x39 Third-Party/SEGGER/Config/SEGGER_SYSVIEW_Config_FreeRTOS.o
 .ARM.attributes
                0x0000000000000479       0x39 Third-Party/SEGGER/OS/SEGGER_SYSVIEW_FreeRTOS.o
 .ARM.attributes
                0x00000000000004b2       0x39 Third-Party/SEGGER/SEGGER/SEGGER_RTT.o
 .ARM.attributes
                0x00000000000004eb       0x25 Third-Party/SEGGER/SEGGER/SEGGER_RTT_ASM_ARMv7M.o
 .ARM.attributes
                0x0000000000000510       0x39 Third-Party/SEGGER/SEGGER/SEGGER_SYSVIEW.o
 .ARM.attributes
                0x0000000000000549       0x34 c:/st/stm32cubeide_1.3.0/stm32cubeide/plugins/com.st.stm32cube.ide.mcu.externaltools.gnu-tools-for-stm32.7-2018-q2-update.win32_1.0.0.201904181610/tools/bin/../lib/gcc/arm-none-eabi/7.3.1/../../../../arm-none-eabi/lib/thumb/v7e-m/fpv4-sp/hard\libc_nano.a(lib_a-errno.o)
 .ARM.attributes
                0x000000000000057d       0x34 c:/st/stm32cubeide_1.3.0/stm32cubeide/plugins/com.st.stm32cube.ide.mcu.externaltools.gnu-tools-for-stm32.7-2018-q2-update.win32_1.0.0.201904181610/tools/bin/../lib/gcc/arm-none-eabi/7.3.1/../../../../arm-none-eabi/lib/thumb/v7e-m/fpv4-sp/hard\libc_nano.a(lib_a-impure.o)
 .ARM.attributes
                0x00000000000005b1       0x34 c:/st/stm32cubeide_1.3.0/stm32cubeide/plugins/com.st.stm32cube.ide.mcu.externaltools.gnu-tools-for-stm32.7-2018-q2-update.win32_1.0.0.201904181610/tools/bin/../lib/gcc/arm-none-eabi/7.3.1/../../../../arm-none-eabi/lib/thumb/v7e-m/fpv4-sp/hard\libc_nano.a(lib_a-init.o)
 .ARM.attributes
                0x00000000000005e5       0x34 c:/st/stm32cubeide_1.3.0/stm32cubeide/plugins/com.st.stm32cube.ide.mcu.externaltools.gnu-tools-for-stm32.7-2018-q2-update.win32_1.0.0.201904181610/tools/bin/../lib/gcc/arm-none-eabi/7.3.1/../../../../arm-none-eabi/lib/thumb/v7e-m/fpv4-sp/hard\libc_nano.a(lib_a-memcmp.o)
 .ARM.attributes
                0x0000000000000619       0x34 c:/st/stm32cubeide_1.3.0/stm32cubeide/plugins/com.st.stm32cube.ide.mcu.externaltools.gnu-tools-for-stm32.7-2018-q2-update.win32_1.0.0.201904181610/tools/bin/../lib/gcc/arm-none-eabi/7.3.1/../../../../arm-none-eabi/lib/thumb/v7e-m/fpv4-sp/hard\libc_nano.a(lib_a-memcpy-stub.o)
 .ARM.attributes
                0x000000000000064d       0x34 c:/st/stm32cubeide_1.3.0/stm32cubeide/plugins/com.st.stm32cube.ide.mcu.externaltools.gnu-tools-for-stm32.7-2018-q2-update.win32_1.0.0.201904181610/tools/bin/../lib/gcc/arm-none-eabi/7.3.1/../../../../arm-none-eabi/lib/thumb/v7e-m/fpv4-sp/hard\libc_nano.a(lib_a-memset.o)
 .ARM.attributes
                0x0000000000000681       0x34 c:/st/stm32cubeide_1.3.0/stm32cubeide/plugins/com.st.stm32cube.ide.mcu.externaltools.gnu-tools-for-stm32.7-2018-q2-update.win32_1.0.0.201904181610/tools/bin/../lib/gcc/arm-none-eabi/7.3.1/../../../../arm-none-eabi/lib/thumb/v7e-m/fpv4-sp/hard\libc_nano.a(lib_a-sprintf.o)
 .ARM.attributes
                0x00000000000006b5       0x1b c:/st/stm32cubeide_1.3.0/stm32cubeide/plugins/com.st.stm32cube.ide.mcu.externaltools.gnu-tools-for-stm32.7-2018-q2-update.win32_1.0.0.201904181610/tools/bin/../lib/gcc/arm-none-eabi/7.3.1/../../../../arm-none-eabi/lib/thumb/v7e-m/fpv4-sp/hard\libc_nano.a(lib_a-strlen.o)
 .ARM.attributes
                0x00000000000006d0       0x34 c:/st/stm32cubeide_1.3.0/stm32cubeide/plugins/com.st.stm32cube.ide.mcu.externaltools.gnu-tools-for-stm32.7-2018-q2-update.win32_1.0.0.201904181610/tools/bin/../lib/gcc/arm-none-eabi/7.3.1/../../../../arm-none-eabi/lib/thumb/v7e-m/fpv4-sp/hard\libc_nano.a(lib_a-nano-svfprintf.o)
 .ARM.attributes
                0x0000000000000704       0x34 c:/st/stm32cubeide_1.3.0/stm32cubeide/plugins/com.st.stm32cube.ide.mcu.externaltools.gnu-tools-for-stm32.7-2018-q2-update.win32_1.0.0.201904181610/tools/bin/../lib/gcc/arm-none-eabi/7.3.1/../../../../arm-none-eabi/lib/thumb/v7e-m/fpv4-sp/hard\libc_nano.a(lib_a-nano-vfprintf_i.o)
 .ARM.attributes
                0x0000000000000738       0x20 c:/st/stm32cubeide_1.3.0/stm32cubeide/plugins/com.st.stm32cube.ide.mcu.externaltools.gnu-tools-for-stm32.7-2018-q2-update.win32_1.0.0.201904181610/tools/bin/../lib/gcc/arm-none-eabi/7.3.1/../../../../arm-none-eabi/lib/thumb/v7e-m/fpv4-sp/hard\libc_nano.a(lib_a-memchr.o)
 .ARM.attributes
                0x0000000000000758       0x34 c:/st/stm32cubeide_1.3.0/stm32cubeide/plugins/com.st.stm32cube.ide.mcu.externaltools.gnu-tools-for-stm32.7-2018-q2-update.win32_1.0.0.201904181610/tools/bin/../lib/gcc/arm-none-eabi/7.3.1/../../../../arm-none-eabi/lib/thumb/v7e-m/fpv4-sp/hard\libc_nano.a(lib_a-memmove.o)
 .ARM.attributes
                0x000000000000078c       0x34 c:/st/stm32cubeide_1.3.0/stm32cubeide/plugins/com.st.stm32cube.ide.mcu.externaltools.gnu-tools-for-stm32.7-2018-q2-update.win32_1.0.0.201904181610/tools/bin/../lib/gcc/arm-none-eabi/7.3.1/../../../../arm-none-eabi/lib/thumb/v7e-m/fpv4-sp/hard\libc_nano.a(lib_a-nano-freer.o)
 .ARM.attributes
                0x00000000000007c0       0x34 c:/st/stm32cubeide_1.3.0/stm32cubeide/plugins/com.st.stm32cube.ide.mcu.externaltools.gnu-tools-for-stm32.7-2018-q2-update.win32_1.0.0.201904181610/tools/bin/../lib/gcc/arm-none-eabi/7.3.1/../../../../arm-none-eabi/lib/thumb/v7e-m/fpv4-sp/hard\libc_nano.a(lib_a-nano-mallocr.o)
 .ARM.attributes
                0x00000000000007f4       0x34 c:/st/stm32cubeide_1.3.0/stm32cubeide/plugins/com.st.stm32cube.ide.mcu.externaltools.gnu-tools-for-stm32.7-2018-q2-update.win32_1.0.0.201904181610/tools/bin/../lib/gcc/arm-none-eabi/7.3.1/../../../../arm-none-eabi/lib/thumb/v7e-m/fpv4-sp/hard\libc_nano.a(lib_a-nano-reallocr.o)
 .ARM.attributes
                0x0000000000000828       0x34 c:/st/stm32cubeide_1.3.0/stm32cubeide/plugins/com.st.stm32cube.ide.mcu.externaltools.gnu-tools-for-stm32.7-2018-q2-update.win32_1.0.0.201904181610/tools/bin/../lib/gcc/arm-none-eabi/7.3.1/../../../../arm-none-eabi/lib/thumb/v7e-m/fpv4-sp/hard\libc_nano.a(lib_a-sbrkr.o)
 .ARM.attributes
                0x000000000000085c       0x34 c:/st/stm32cubeide_1.3.0/stm32cubeide/plugins/com.st.stm32cube.ide.mcu.externaltools.gnu-tools-for-stm32.7-2018-q2-update.win32_1.0.0.201904181610/tools/bin/../lib/gcc/arm-none-eabi/7.3.1/../../../../arm-none-eabi/lib/thumb/v7e-m/fpv4-sp/hard\libc_nano.a(lib_a-mlock.o)
 .ARM.attributes
                0x0000000000000890       0x34 c:/st/stm32cubeide_1.3.0/stm32cubeide/plugins/com.st.stm32cube.ide.mcu.externaltools.gnu-tools-for-stm32.7-2018-q2-update.win32_1.0.0.201904181610/tools/bin/../lib/gcc/arm-none-eabi/7.3.1/../../../../arm-none-eabi/lib/thumb/v7e-m/fpv4-sp/hard\libc_nano.a(lib_a-nano-msizer.o)
 .ARM.attributes
                0x00000000000008c4       0x34 c:/st/stm32cubeide_1.3.0/stm32cubeide/plugins/com.st.stm32cube.ide.mcu.externaltools.gnu-tools-for-stm32.7-2018-q2-update.win32_1.0.0.201904181610/tools/bin/../lib/gcc/arm-none-eabi/7.3.1/../../../../arm-none-eabi/lib/thumb/v7e-m/fpv4-sp/hard\libc_nano.a(lib_a-reent.o)
 .ARM.attributes
                0x00000000000008f8       0x22 c:/st/stm32cubeide_1.3.0/stm32cubeide/plugins/com.st.stm32cube.ide.mcu.externaltools.gnu-tools-for-stm32.7-2018-q2-update.win32_1.0.0.201904181610/tools/bin/../lib/gcc/arm-none-eabi/7.3.1/thumb/v7e-m/fpv4-sp/hard\libgcc.a(_aeabi_uldivmod.o)
 .ARM.attributes
                0x000000000000091a       0x34 c:/st/stm32cubeide_1.3.0/stm32cubeide/plugins/com.st.stm32cube.ide.mcu.externaltools.gnu-tools-for-stm32.7-2018-q2-update.win32_1.0.0.201904181610/tools/bin/../lib/gcc/arm-none-eabi/7.3.1/thumb/v7e-m/fpv4-sp/hard\libgcc.a(_udivmoddi4.o)
 .ARM.attributes
                0x000000000000094e       0x22 c:/st/stm32cubeide_1.3.0/stm32cubeide/plugins/com.st.stm32cube.ide.mcu.externaltools.gnu-tools-for-stm32.7-2018-q2-update.win32_1.0.0.201904181610/tools/bin/../lib/gcc/arm-none-eabi/7.3.1/thumb/v7e-m/fpv4-sp/hard\libgcc.a(_dvmd_tls.o)
 .ARM.attributes
                0x0000000000000970       0x22 c:/st/stm32cubeide_1.3.0/stm32cubeide/plugins/com.st.stm32cube.ide.mcu.externaltools.gnu-tools-for-stm32.7-2018-q2-update.win32_1.0.0.201904181610/tools/bin/../lib/gcc/arm-none-eabi/7.3.1/thumb/v7e-m/fpv4-sp/hard/crtn.o
OUTPUT(08-FreeRTOS-Task-Notify.elf elf32-littlearm)

.debug_info     0x0000000000000000    0x16223
 .debug_info    0x0000000000000000      0xe4c Core/Src/Peripherals/usart2.o
 .debug_info    0x0000000000000e4c     0x1169 Core/Src/main.o
 .debug_info    0x0000000000001fb5      0xb30 Core/Src/stm32f4xx_hal_msp.o
 .debug_info    0x0000000000002ae5      0x1d7 Core/Src/stm32f4xx_it.o
 .debug_info    0x0000000000002cbc      0x91c Core/Src/sysmem.o
 .debug_info    0x00000000000035d8      0x554 Core/Src/system_stm32f4xx.o
 .debug_info    0x0000000000003b2c      0x945 Drivers/STM32F4xx_HAL_Driver/Src/stm32f4xx_hal.o
 .debug_info    0x0000000000004471      0xe28 Drivers/STM32F4xx_HAL_Driver/Src/stm32f4xx_hal_cortex.o
 .debug_info    0x0000000000005299      0x7b5 Drivers/STM32F4xx_HAL_Driver/Src/stm32f4xx_hal_gpio.o
 .debug_info    0x0000000000005a4e      0x904 Drivers/STM32F4xx_HAL_Driver/Src/stm32f4xx_hal_rcc.o
 .debug_info    0x0000000000006352      0x5ae Drivers/STM32F4xx_HAL_Driver/Src/stm32f4xx_hal_rcc_ex.o
 .debug_info    0x0000000000006900     0x124c Drivers/STM32F4xx_HAL_Driver/Src/stm32f4xx_hal_uart.o
 .debug_info    0x0000000000007b4c       0x22 Startup/startup_stm32f407vgtx.o
 .debug_info    0x0000000000007b6e     0x4008 Third-Party/FreeRTOS/org/Source/CMSIS_RTOS_V2/cmsis_os2.o
 .debug_info    0x000000000000bb76      0xac5 Third-Party/FreeRTOS/org/Source/list.o
 .debug_info    0x000000000000c63b     0x28b7 Third-Party/FreeRTOS/org/Source/tasks.o
 .debug_info    0x000000000000eef2      0x58b Third-Party/FreeRTOS/org/Source/portable/GCC/ARM_CM4F/port.o
 .debug_info    0x000000000000f47d      0xc01 Third-Party/FreeRTOS/org/Source/portable/MemMang/heap_4.o
 .debug_info    0x000000000001007e      0x10f Third-Party/SEGGER/Config/SEGGER_SYSVIEW_Config_FreeRTOS.o
 .debug_info    0x000000000001018d      0xb7c Third-Party/SEGGER/OS/SEGGER_SYSVIEW_FreeRTOS.o
 .debug_info    0x0000000000010d09     0x1894 Third-Party/SEGGER/SEGGER/SEGGER_RTT.o
 .debug_info    0x000000000001259d       0x26 Third-Party/SEGGER/SEGGER/SEGGER_RTT_ASM_ARMv7M.o
 .debug_info    0x00000000000125c3     0x3c60 Third-Party/SEGGER/SEGGER/SEGGER_SYSVIEW.o

.debug_abbrev   0x0000000000000000     0x2c45
 .debug_abbrev  0x0000000000000000      0x1dc Core/Src/Peripherals/usart2.o
 .debug_abbrev  0x00000000000001dc      0x244 Core/Src/main.o
 .debug_abbrev  0x0000000000000420      0x195 Core/Src/stm32f4xx_hal_msp.o
 .debug_abbrev  0x00000000000005b5       0xc6 Core/Src/stm32f4xx_it.o
 .debug_abbrev  0x000000000000067b      0x1bb Core/Src/sysmem.o
 .debug_abbrev  0x0000000000000836      0x12b Core/Src/system_stm32f4xx.o
 .debug_abbrev  0x0000000000000961      0x1c7 Drivers/STM32F4xx_HAL_Driver/Src/stm32f4xx_hal.o
 .debug_abbrev  0x0000000000000b28      0x2fa Drivers/STM32F4xx_HAL_Driver/Src/stm32f4xx_hal_cortex.o
 .debug_abbrev  0x0000000000000e22      0x1c9 Drivers/STM32F4xx_HAL_Driver/Src/stm32f4xx_hal_gpio.o
 .debug_abbrev  0x0000000000000feb      0x245 Drivers/STM32F4xx_HAL_Driver/Src/stm32f4xx_hal_rcc.o
 .debug_abbrev  0x0000000000001230      0x173 Drivers/STM32F4xx_HAL_Driver/Src/stm32f4xx_hal_rcc_ex.o
 .debug_abbrev  0x00000000000013a3      0x242 Drivers/STM32F4xx_HAL_Driver/Src/stm32f4xx_hal_uart.o
 .debug_abbrev  0x00000000000015e5       0x12 Startup/startup_stm32f407vgtx.o
 .debug_abbrev  0x00000000000015f7      0x3e4 Third-Party/FreeRTOS/org/Source/CMSIS_RTOS_V2/cmsis_os2.o
 .debug_abbrev  0x00000000000019db      0x1cf Third-Party/FreeRTOS/org/Source/list.o
 .debug_abbrev  0x0000000000001baa      0x352 Third-Party/FreeRTOS/org/Source/tasks.o
 .debug_abbrev  0x0000000000001efc      0x210 Third-Party/FreeRTOS/org/Source/portable/GCC/ARM_CM4F/port.o
 .debug_abbrev  0x000000000000210c      0x2ba Third-Party/FreeRTOS/org/Source/portable/MemMang/heap_4.o
 .debug_abbrev  0x00000000000023c6       0xb5 Third-Party/SEGGER/Config/SEGGER_SYSVIEW_Config_FreeRTOS.o
 .debug_abbrev  0x000000000000247b      0x1ed Third-Party/SEGGER/OS/SEGGER_SYSVIEW_FreeRTOS.o
 .debug_abbrev  0x0000000000002668      0x2a0 Third-Party/SEGGER/SEGGER/SEGGER_RTT.o
 .debug_abbrev  0x0000000000002908       0x14 Third-Party/SEGGER/SEGGER/SEGGER_RTT_ASM_ARMv7M.o
 .debug_abbrev  0x000000000000291c      0x329 Third-Party/SEGGER/SEGGER/SEGGER_SYSVIEW.o

.debug_aranges  0x0000000000000000      0xfd8
 .debug_aranges
                0x0000000000000000       0x28 Core/Src/Peripherals/usart2.o
 .debug_aranges
                0x0000000000000028       0x58 Core/Src/main.o
 .debug_aranges
                0x0000000000000080       0x30 Core/Src/stm32f4xx_hal_msp.o
 .debug_aranges
                0x00000000000000b0       0x48 Core/Src/stm32f4xx_it.o
 .debug_aranges
                0x00000000000000f8       0x20 Core/Src/sysmem.o
 .debug_aranges
                0x0000000000000118       0x28 Core/Src/system_stm32f4xx.o
 .debug_aranges
                0x0000000000000140       0xf0 Drivers/STM32F4xx_HAL_Driver/Src/stm32f4xx_hal.o
 .debug_aranges
                0x0000000000000230      0x118 Drivers/STM32F4xx_HAL_Driver/Src/stm32f4xx_hal_cortex.o
 .debug_aranges
                0x0000000000000348       0x58 Drivers/STM32F4xx_HAL_Driver/Src/stm32f4xx_hal_gpio.o
 .debug_aranges
                0x00000000000003a0       0x88 Drivers/STM32F4xx_HAL_Driver/Src/stm32f4xx_hal_rcc.o
 .debug_aranges
                0x0000000000000428       0x48 Drivers/STM32F4xx_HAL_Driver/Src/stm32f4xx_hal_rcc_ex.o
 .debug_aranges
                0x0000000000000470      0x1d0 Drivers/STM32F4xx_HAL_Driver/Src/stm32f4xx_hal_uart.o
 .debug_aranges
                0x0000000000000640       0x28 Startup/startup_stm32f407vgtx.o
 .debug_aranges
                0x0000000000000668      0x230 Third-Party/FreeRTOS/org/Source/CMSIS_RTOS_V2/cmsis_os2.o
 .debug_aranges
                0x0000000000000898       0x40 Third-Party/FreeRTOS/org/Source/list.o
 .debug_aranges
                0x00000000000008d8      0x1e0 Third-Party/FreeRTOS/org/Source/tasks.o
 .debug_aranges
                0x0000000000000ab8       0x88 Third-Party/FreeRTOS/org/Source/portable/GCC/ARM_CM4F/port.o
 .debug_aranges
                0x0000000000000b40       0x50 Third-Party/FreeRTOS/org/Source/portable/MemMang/heap_4.o
 .debug_aranges
                0x0000000000000b90       0x28 Third-Party/SEGGER/Config/SEGGER_SYSVIEW_Config_FreeRTOS.o
 .debug_aranges
                0x0000000000000bb8       0x48 Third-Party/SEGGER/OS/SEGGER_SYSVIEW_FreeRTOS.o
 .debug_aranges
                0x0000000000000c00      0x138 Third-Party/SEGGER/SEGGER/SEGGER_RTT.o
 .debug_aranges
                0x0000000000000d38       0x20 Third-Party/SEGGER/SEGGER/SEGGER_RTT_ASM_ARMv7M.o
 .debug_aranges
                0x0000000000000d58      0x280 Third-Party/SEGGER/SEGGER/SEGGER_SYSVIEW.o

.debug_ranges   0x0000000000000000      0xe60
 .debug_ranges  0x0000000000000000       0x18 Core/Src/Peripherals/usart2.o
 .debug_ranges  0x0000000000000018       0x48 Core/Src/main.o
 .debug_ranges  0x0000000000000060       0x20 Core/Src/stm32f4xx_hal_msp.o
 .debug_ranges  0x0000000000000080       0x38 Core/Src/stm32f4xx_it.o
 .debug_ranges  0x00000000000000b8       0x10 Core/Src/sysmem.o
 .debug_ranges  0x00000000000000c8       0x18 Core/Src/system_stm32f4xx.o
 .debug_ranges  0x00000000000000e0       0xe0 Drivers/STM32F4xx_HAL_Driver/Src/stm32f4xx_hal.o
 .debug_ranges  0x00000000000001c0      0x108 Drivers/STM32F4xx_HAL_Driver/Src/stm32f4xx_hal_cortex.o
 .debug_ranges  0x00000000000002c8       0x48 Drivers/STM32F4xx_HAL_Driver/Src/stm32f4xx_hal_gpio.o
 .debug_ranges  0x0000000000000310       0x78 Drivers/STM32F4xx_HAL_Driver/Src/stm32f4xx_hal_rcc.o
 .debug_ranges  0x0000000000000388       0x38 Drivers/STM32F4xx_HAL_Driver/Src/stm32f4xx_hal_rcc_ex.o
 .debug_ranges  0x00000000000003c0      0x1c0 Drivers/STM32F4xx_HAL_Driver/Src/stm32f4xx_hal_uart.o
 .debug_ranges  0x0000000000000580       0x20 Startup/startup_stm32f407vgtx.o
 .debug_ranges  0x00000000000005a0      0x220 Third-Party/FreeRTOS/org/Source/CMSIS_RTOS_V2/cmsis_os2.o
 .debug_ranges  0x00000000000007c0       0x30 Third-Party/FreeRTOS/org/Source/list.o
 .debug_ranges  0x00000000000007f0      0x1d0 Third-Party/FreeRTOS/org/Source/tasks.o
 .debug_ranges  0x00000000000009c0       0x78 Third-Party/FreeRTOS/org/Source/portable/GCC/ARM_CM4F/port.o
 .debug_ranges  0x0000000000000a38       0x40 Third-Party/FreeRTOS/org/Source/portable/MemMang/heap_4.o
 .debug_ranges  0x0000000000000a78       0x18 Third-Party/SEGGER/Config/SEGGER_SYSVIEW_Config_FreeRTOS.o
 .debug_ranges  0x0000000000000a90       0x38 Third-Party/SEGGER/OS/SEGGER_SYSVIEW_FreeRTOS.o
 .debug_ranges  0x0000000000000ac8      0x128 Third-Party/SEGGER/SEGGER/SEGGER_RTT.o
 .debug_ranges  0x0000000000000bf0      0x270 Third-Party/SEGGER/SEGGER/SEGGER_SYSVIEW.o

.debug_macro    0x0000000000000000    0x22a19
 .debug_macro   0x0000000000000000      0x27f Core/Src/Peripherals/usart2.o
 .debug_macro   0x000000000000027f      0xa5a Core/Src/Peripherals/usart2.o
 .debug_macro   0x0000000000000cd9      0x17e Core/Src/Peripherals/usart2.o
 .debug_macro   0x0000000000000e57       0x32 Core/Src/Peripherals/usart2.o
 .debug_macro   0x0000000000000e89       0x2f Core/Src/Peripherals/usart2.o
 .debug_macro   0x0000000000000eb8       0x22 Core/Src/Peripherals/usart2.o
 .debug_macro   0x0000000000000eda       0x8e Core/Src/Peripherals/usart2.o
 .debug_macro   0x0000000000000f68       0x51 Core/Src/Peripherals/usart2.o
 .debug_macro   0x0000000000000fb9       0xef Core/Src/Peripherals/usart2.o
 .debug_macro   0x00000000000010a8       0x6a Core/Src/Peripherals/usart2.o
 .debug_macro   0x0000000000001112      0x1df Core/Src/Peripherals/usart2.o
 .debug_macro   0x00000000000012f1       0x1c Core/Src/Peripherals/usart2.o
 .debug_macro   0x000000000000130d       0x22 Core/Src/Peripherals/usart2.o
 .debug_macro   0x000000000000132f      0x101 Core/Src/Peripherals/usart2.o
 .debug_macro   0x0000000000001430     0x1011 Core/Src/Peripherals/usart2.o
 .debug_macro   0x0000000000002441      0x11f Core/Src/Peripherals/usart2.o
 .debug_macro   0x0000000000002560    0x15e3c Core/Src/Peripherals/usart2.o
 .debug_macro   0x000000000001839c       0x43 Core/Src/Peripherals/usart2.o
 .debug_macro   0x00000000000183df     0x3659 Core/Src/Peripherals/usart2.o
 .debug_macro   0x000000000001ba38      0x174 Core/Src/Peripherals/usart2.o
 .debug_macro   0x000000000001bbac       0x5a Core/Src/Peripherals/usart2.o
 .debug_macro   0x000000000001bc06      0x96b Core/Src/Peripherals/usart2.o
 .debug_macro   0x000000000001c571      0x9fe Core/Src/Peripherals/usart2.o
 .debug_macro   0x000000000001cf6f      0x174 Core/Src/Peripherals/usart2.o
 .debug_macro   0x000000000001d0e3      0x117 Core/Src/Peripherals/usart2.o
 .debug_macro   0x000000000001d1fa      0x13e Core/Src/Peripherals/usart2.o
 .debug_macro   0x000000000001d338       0x27 Core/Src/Peripherals/usart2.o
 .debug_macro   0x000000000001d35f      0x287 Core/Src/Peripherals/usart2.o
 .debug_macro   0x000000000001d5e6       0x5f Core/Src/Peripherals/usart2.o
 .debug_macro   0x000000000001d645      0x236 Core/Src/Peripherals/usart2.o
 .debug_macro   0x000000000001d87b      0x12c Core/Src/Peripherals/usart2.o
 .debug_macro   0x000000000001d9a7      0x21e Core/Src/Peripherals/usart2.o
 .debug_macro   0x000000000001dbc5       0x2e Core/Src/Peripherals/usart2.o
 .debug_macro   0x000000000001dbf3      0x287 Core/Src/Peripherals/usart2.o
 .debug_macro   0x000000000001de7a      0x12d Core/Src/Peripherals/usart2.o
 .debug_macro   0x000000000001dfa7       0x22 Core/Src/Peripherals/usart2.o
 .debug_macro   0x000000000001dfc9       0x46 Core/Src/Peripherals/usart2.o
 .debug_macro   0x000000000001e00f       0x18 Core/Src/Peripherals/usart2.o
 .debug_macro   0x000000000001e027       0x3c Core/Src/Peripherals/usart2.o
 .debug_macro   0x000000000001e063       0x34 Core/Src/Peripherals/usart2.o
 .debug_macro   0x000000000001e097       0x52 Core/Src/Peripherals/usart2.o
 .debug_macro   0x000000000001e0e9       0x1f Core/Src/Peripherals/usart2.o
 .debug_macro   0x000000000001e108       0x43 Core/Src/Peripherals/usart2.o
 .debug_macro   0x000000000001e14b       0x20 Core/Src/Peripherals/usart2.o
 .debug_macro   0x000000000001e16b      0x1a3 Core/Src/Peripherals/usart2.o
 .debug_macro   0x000000000001e30e      0x32a Core/Src/Peripherals/usart2.o
 .debug_macro   0x000000000001e638       0x10 Core/Src/Peripherals/usart2.o
 .debug_macro   0x000000000001e648       0x35 Core/Src/Peripherals/usart2.o
 .debug_macro   0x000000000001e67d       0x20 Core/Src/Peripherals/usart2.o
 .debug_macro   0x000000000001e69d      0x3d5 Core/Src/main.o
 .debug_macro   0x000000000001ea72      0x10c Core/Src/main.o
 .debug_macro   0x000000000001eb7e       0x58 Core/Src/main.o
 .debug_macro   0x000000000001ebd6       0x46 Core/Src/main.o
 .debug_macro   0x000000000001ec1c       0x64 Core/Src/main.o
 .debug_macro   0x000000000001ec80      0x1f6 Core/Src/main.o
 .debug_macro   0x000000000001ee76      0x450 Core/Src/main.o
 .debug_macro   0x000000000001f2c6      0x15a Core/Src/main.o
 .debug_macro   0x000000000001f420       0xdd Core/Src/main.o
 .debug_macro   0x000000000001f4fd       0x10 Core/Src/main.o
 .debug_macro   0x000000000001f50d       0x1f Core/Src/main.o
 .debug_macro   0x000000000001f52c      0x360 Core/Src/main.o
 .debug_macro   0x000000000001f88c       0xb5 Core/Src/main.o
 .debug_macro   0x000000000001f941       0x8c Core/Src/main.o
 .debug_macro   0x000000000001f9cd       0x66 Core/Src/main.o
 .debug_macro   0x000000000001fa33       0x74 Core/Src/main.o
 .debug_macro   0x000000000001faa7       0xdd Core/Src/main.o
 .debug_macro   0x000000000001fb84       0x16 Core/Src/main.o
 .debug_macro   0x000000000001fb9a       0x10 Core/Src/main.o
 .debug_macro   0x000000000001fbaa       0x1c Core/Src/main.o
 .debug_macro   0x000000000001fbc6       0x52 Core/Src/main.o
 .debug_macro   0x000000000001fc18       0x40 Core/Src/main.o
 .debug_macro   0x000000000001fc58       0x10 Core/Src/main.o
 .debug_macro   0x000000000001fc68       0x40 Core/Src/main.o
 .debug_macro   0x000000000001fca8       0xd7 Core/Src/main.o
 .debug_macro   0x000000000001fd7f       0x1c Core/Src/main.o
 .debug_macro   0x000000000001fd9b       0x3d Core/Src/main.o
 .debug_macro   0x000000000001fdd8       0x16 Core/Src/main.o
 .debug_macro   0x000000000001fdee      0x145 Core/Src/main.o
 .debug_macro   0x000000000001ff33      0x1be Core/Src/stm32f4xx_hal_msp.o
 .debug_macro   0x00000000000200f1      0x1c8 Core/Src/stm32f4xx_it.o
 .debug_macro   0x00000000000202b9      0x1ae Core/Src/sysmem.o
 .debug_macro   0x0000000000020467      0x23b Core/Src/sysmem.o
 .debug_macro   0x00000000000206a2      0x1a7 Core/Src/system_stm32f4xx.o
 .debug_macro   0x0000000000020849      0x201 Drivers/STM32F4xx_HAL_Driver/Src/stm32f4xx_hal.o
 .debug_macro   0x0000000000020a4a      0x1a1 Drivers/STM32F4xx_HAL_Driver/Src/stm32f4xx_hal_cortex.o
 .debug_macro   0x0000000000020beb      0x1d7 Drivers/STM32F4xx_HAL_Driver/Src/stm32f4xx_hal_gpio.o
 .debug_macro   0x0000000000020dc2      0x1c5 Drivers/STM32F4xx_HAL_Driver/Src/stm32f4xx_hal_rcc.o
 .debug_macro   0x0000000000020f87      0x1a1 Drivers/STM32F4xx_HAL_Driver/Src/stm32f4xx_hal_rcc_ex.o
 .debug_macro   0x0000000000021128      0x1a2 Drivers/STM32F4xx_HAL_Driver/Src/stm32f4xx_hal_uart.o
 .debug_macro   0x00000000000212ca      0x27a Third-Party/FreeRTOS/org/Source/CMSIS_RTOS_V2/cmsis_os2.o
 .debug_macro   0x0000000000021544       0x10 Third-Party/FreeRTOS/org/Source/CMSIS_RTOS_V2/cmsis_os2.o
 .debug_macro   0x0000000000021554       0xf5 Third-Party/FreeRTOS/org/Source/CMSIS_RTOS_V2/cmsis_os2.o
 .debug_macro   0x0000000000021649      0x10c Third-Party/FreeRTOS/org/Source/CMSIS_RTOS_V2/cmsis_os2.o
 .debug_macro   0x0000000000021755       0x91 Third-Party/FreeRTOS/org/Source/CMSIS_RTOS_V2/cmsis_os2.o
 .debug_macro   0x00000000000217e6       0x8d Third-Party/FreeRTOS/org/Source/CMSIS_RTOS_V2/cmsis_os2.o
 .debug_macro   0x0000000000021873       0x9a Third-Party/FreeRTOS/org/Source/CMSIS_RTOS_V2/cmsis_os2.o
 .debug_macro   0x000000000002190d      0x1ba Third-Party/FreeRTOS/org/Source/list.o
 .debug_macro   0x0000000000021ac7      0x2b4 Third-Party/FreeRTOS/org/Source/tasks.o
 .debug_macro   0x0000000000021d7b       0x10 Third-Party/FreeRTOS/org/Source/tasks.o
 .debug_macro   0x0000000000021d8b      0x1d6 Third-Party/FreeRTOS/org/Source/portable/GCC/ARM_CM4F/port.o
 .debug_macro   0x0000000000021f61      0x1e1 Third-Party/FreeRTOS/org/Source/portable/MemMang/heap_4.o
 .debug_macro   0x0000000000022142      0x116 Third-Party/SEGGER/Config/SEGGER_SYSVIEW_Config_FreeRTOS.o
 .debug_macro   0x0000000000022258      0x1d5 Third-Party/SEGGER/OS/SEGGER_SYSVIEW_FreeRTOS.o
 .debug_macro   0x000000000002242d      0x1ac Third-Party/SEGGER/SEGGER/SEGGER_RTT.o
 .debug_macro   0x00000000000225d9       0x49 Third-Party/SEGGER/SEGGER/SEGGER_RTT.o
 .debug_macro   0x0000000000022622       0x16 Third-Party/SEGGER/SEGGER/SEGGER_RTT.o
 .debug_macro   0x0000000000022638      0x123 Third-Party/SEGGER/SEGGER/SEGGER_RTT.o
 .debug_macro   0x000000000002275b      0x1fb Third-Party/SEGGER/SEGGER/SEGGER_SYSVIEW.o
 .debug_macro   0x0000000000022956       0x73 Third-Party/SEGGER/SEGGER/SEGGER_SYSVIEW.o
 .debug_macro   0x00000000000229c9       0x34 Third-Party/SEGGER/SEGGER/SEGGER_SYSVIEW.o
 .debug_macro   0x00000000000229fd       0x1c Third-Party/SEGGER/SEGGER/SEGGER_SYSVIEW.o

.debug_line     0x0000000000000000    0x12d21
 .debug_line    0x0000000000000000      0xc1f Core/Src/Peripherals/usart2.o
 .debug_line    0x0000000000000c1f     0x1357 Core/Src/main.o
 .debug_line    0x0000000000001f76      0xadf Core/Src/stm32f4xx_hal_msp.o
 .debug_line    0x0000000000002a55      0xb21 Core/Src/stm32f4xx_it.o
 .debug_line    0x0000000000003576      0x55e Core/Src/sysmem.o
 .debug_line    0x0000000000003ad4      0x9f3 Core/Src/system_stm32f4xx.o
 .debug_line    0x00000000000044c7      0xbdd Drivers/STM32F4xx_HAL_Driver/Src/stm32f4xx_hal.o
 .debug_line    0x00000000000050a4      0xd03 Drivers/STM32F4xx_HAL_Driver/Src/stm32f4xx_hal_cortex.o
 .debug_line    0x0000000000005da7      0xbbc Drivers/STM32F4xx_HAL_Driver/Src/stm32f4xx_hal_gpio.o
 .debug_line    0x0000000000006963      0xc35 Drivers/STM32F4xx_HAL_Driver/Src/stm32f4xx_hal_rcc.o
 .debug_line    0x0000000000007598      0xafe Drivers/STM32F4xx_HAL_Driver/Src/stm32f4xx_hal_rcc_ex.o
 .debug_line    0x0000000000008096     0x12eb Drivers/STM32F4xx_HAL_Driver/Src/stm32f4xx_hal_uart.o
 .debug_line    0x0000000000009381       0x84 Startup/startup_stm32f407vgtx.o
 .debug_line    0x0000000000009405     0x23d8 Third-Party/FreeRTOS/org/Source/CMSIS_RTOS_V2/cmsis_os2.o
 .debug_line    0x000000000000b7dd      0xb40 Third-Party/FreeRTOS/org/Source/list.o
 .debug_line    0x000000000000c31d     0x182c Third-Party/FreeRTOS/org/Source/tasks.o
 .debug_line    0x000000000000db49      0xbee Third-Party/FreeRTOS/org/Source/portable/GCC/ARM_CM4F/port.o
 .debug_line    0x000000000000e737      0xc28 Third-Party/FreeRTOS/org/Source/portable/MemMang/heap_4.o
 .debug_line    0x000000000000f35f      0x9a6 Third-Party/SEGGER/Config/SEGGER_SYSVIEW_Config_FreeRTOS.o
 .debug_line    0x000000000000fd05      0xbd1 Third-Party/SEGGER/OS/SEGGER_SYSVIEW_FreeRTOS.o
 .debug_line    0x00000000000108d6      0xa72 Third-Party/SEGGER/SEGGER/SEGGER_RTT.o
 .debug_line    0x0000000000011348       0x9f Third-Party/SEGGER/SEGGER/SEGGER_RTT_ASM_ARMv7M.o
 .debug_line    0x00000000000113e7     0x193a Third-Party/SEGGER/SEGGER/SEGGER_SYSVIEW.o

.debug_str      0x0000000000000000    0xcfd5a
 .debug_str     0x0000000000000000    0xbd870 Core/Src/Peripherals/usart2.o
                                      0xbdbc9 (size before relaxing)
 .debug_str     0x00000000000bd870     0x946c Core/Src/main.o
                                      0xc6c12 (size before relaxing)
 .debug_str     0x00000000000c6cdc      0x52c Core/Src/stm32f4xx_hal_msp.o
                                      0xbb292 (size before relaxing)
 .debug_str     0x00000000000c7208       0x91 Core/Src/stm32f4xx_it.o
                                      0xba85f (size before relaxing)
 .debug_str     0x00000000000c7299      0x351 Core/Src/sysmem.o
                                       0x7b73 (size before relaxing)
 .debug_str     0x00000000000c75ea       0xc4 Core/Src/system_stm32f4xx.o
                                      0xba910 (size before relaxing)
 .debug_str     0x00000000000c76ae      0x588 Drivers/STM32F4xx_HAL_Driver/Src/stm32f4xx_hal.o
                                      0xbb3dd (size before relaxing)
 .debug_str     0x00000000000c7c36      0x383 Drivers/STM32F4xx_HAL_Driver/Src/stm32f4xx_hal_cortex.o
                                      0xbb1cd (size before relaxing)
 .debug_str     0x00000000000c7fb9      0x20c Drivers/STM32F4xx_HAL_Driver/Src/stm32f4xx_hal_gpio.o
                                      0xbab4f (size before relaxing)
 .debug_str     0x00000000000c81c5      0x265 Drivers/STM32F4xx_HAL_Driver/Src/stm32f4xx_hal_rcc.o
                                      0xbacfd (size before relaxing)
 .debug_str     0x00000000000c842a      0x113 Drivers/STM32F4xx_HAL_Driver/Src/stm32f4xx_hal_rcc_ex.o