main.c:75:5:main	8	static
main.c:116:6:SystemClock_Config	96	static
main.c:158:6:USART2_Init	8	static
main.c:181:6:USART3_Init	8	static
main.c:200:7:printmsg	96	static
main.c:219:6:GPIO_Init	40	static
main.c:250:6:CRC_Init	8	static
main.c:261:6:bootloader_uart_read_data	16	static
main.c:326:6:bootloader_jump_to_user_app	24	static,ignoring_inline_asm
main.c:361:6:Error_Handler	4	static
main.c:372:6:bootloader_handle_getver_cmd	32	static
main.c:405:6:bootloader_send_ack	24	static
main.c:416:6:bootloader_send_nack	16	static
main.c:423:9:bootloader_verify_crc	40	static
main.c:445:6:bootloader_uart_write_data	16	static
main.c:453:9:get_bootloader_version	4	static
main.c:462:6:bootloader_handle_gethelp_cmd	24	static
main.c:488:6:bootloader_handle_getcid_cmd	32	static
main.c:517:10:get_mcu_chip_id	16	static
main.c:532:6:bootloader_handle_getrdp_cmd	32	static
main.c:564:9:get_flash_rdp_level	16	static
main.c:583:6:bootloader_handle_go_cmd	40	static
main.c:645:9:verify_address	16	static
main.c:677:6:bootloader_handle_flash_erase_cmd	32	static
main.c:709:9:execute_flash_erase	48	static
main.c:756:6:bootloader_handle_mem_write_cmd	40	static
main.c:823:9:execute_mem_write	40	static
main.c:842:6:bootloader_handle_en_rw_protect	32	static
main.c:881:9:configure_flash_sector_rw_protection	24	static
main.c:980:10:read_OB_rw_protection_status	40	static
main.c:999:6:bootloader_handle_mem_read	16	static
main.c:1006:6:bootloader_handle_read_sector_protection_status	32	static
main.c:1034:6:bootloader_handle_dis_rw_protect	32	static
main.c:1067:6:bootloader_handle_read_otp	16	static
