Archive member included to satisfy reference by file (symbol)

c:/st/stm32cubeide_1.3.0/stm32cubeide/plugins/com.st.stm32cube.ide.mcu.externaltools.gnu-tools-for-stm32.7-2018-q2-update.win32_1.5.0.202011040924/tools/bin/../lib/gcc/arm-none-eabi/7.3.1/../../../../arm-none-eabi/lib/thumb/v7e-m/fpv4-sp/hard\libc_nano.a(lib_a-errno.o)
                              Core/Src/syscalls.o (__errno)
c:/st/stm32cubeide_1.3.0/stm32cubeide/plugins/com.st.stm32cube.ide.mcu.externaltools.gnu-tools-for-stm32.7-2018-q2-update.win32_1.5.0.202011040924/tools/bin/../lib/gcc/arm-none-eabi/7.3.1/../../../../arm-none-eabi/lib/thumb/v7e-m/fpv4-sp/hard\libc_nano.a(lib_a-exit.o)
                              c:/st/stm32cubeide_1.3.0/stm32cubeide/plugins/com.st.stm32cube.ide.mcu.externaltools.gnu-tools-for-stm32.7-2018-q2-update.win32_1.5.0.202011040924/tools/bin/../lib/gcc/arm-none-eabi/7.3.1/../../../../arm-none-eabi/lib/thumb/v7e-m/fpv4-sp/hard/crt0.o (exit)
c:/st/stm32cubeide_1.3.0/stm32cubeide/plugins/com.st.stm32cube.ide.mcu.externaltools.gnu-tools-for-stm32.7-2018-q2-update.win32_1.5.0.202011040924/tools/bin/../lib/gcc/arm-none-eabi/7.3.1/../../../../arm-none-eabi/lib/thumb/v7e-m/fpv4-sp/hard\libc_nano.a(lib_a-impure.o)
                              c:/st/stm32cubeide_1.3.0/stm32cubeide/plugins/com.st.stm32cube.ide.mcu.externaltools.gnu-tools-for-stm32.7-2018-q2-update.win32_1.5.0.202011040924/tools/bin/../lib/gcc/arm-none-eabi/7.3.1/../../../../arm-none-eabi/lib/thumb/v7e-m/fpv4-sp/hard\libc_nano.a(lib_a-exit.o) (_global_impure_ptr)
c:/st/stm32cubeide_1.3.0/stm32cubeide/plugins/com.st.stm32cube.ide.mcu.externaltools.gnu-tools-for-stm32.7-2018-q2-update.win32_1.5.0.202011040924/tools/bin/../lib/gcc/arm-none-eabi/7.3.1/../../../../arm-none-eabi/lib/thumb/v7e-m/fpv4-sp/hard\libc_nano.a(lib_a-init.o)
                              c:/st/stm32cubeide_1.3.0/stm32cubeide/plugins/com.st.stm32cube.ide.mcu.externaltools.gnu-tools-for-stm32.7-2018-q2-update.win32_1.5.0.202011040924/tools/bin/../lib/gcc/arm-none-eabi/7.3.1/../../../../arm-none-eabi/lib/thumb/v7e-m/fpv4-sp/hard/crt0.o (__libc_init_array)
c:/st/stm32cubeide_1.3.0/stm32cubeide/plugins/com.st.stm32cube.ide.mcu.externaltools.gnu-tools-for-stm32.7-2018-q2-update.win32_1.5.0.202011040924/tools/bin/../lib/gcc/arm-none-eabi/7.3.1/../../../../arm-none-eabi/lib/thumb/v7e-m/fpv4-sp/hard\libc_nano.a(lib_a-memcpy-stub.o)
                              Third-Party/FreeRTOS/org/Source/CMSIS_RTOS_V2/cmsis_os2.o (memcpy)
c:/st/stm32cubeide_1.3.0/stm32cubeide/plugins/com.st.stm32cube.ide.mcu.externaltools.gnu-tools-for-stm32.7-2018-q2-update.win32_1.5.0.202011040924/tools/bin/../lib/gcc/arm-none-eabi/7.3.1/../../../../arm-none-eabi/lib/thumb/v7e-m/fpv4-sp/hard\libc_nano.a(lib_a-memset.o)
                              c:/st/stm32cubeide_1.3.0/stm32cubeide/plugins/com.st.stm32cube.ide.mcu.externaltools.gnu-tools-for-stm32.7-2018-q2-update.win32_1.5.0.202011040924/tools/bin/../lib/gcc/arm-none-eabi/7.3.1/../../../../arm-none-eabi/lib/thumb/v7e-m/fpv4-sp/hard/crt0.o (memset)
c:/st/stm32cubeide_1.3.0/stm32cubeide/plugins/com.st.stm32cube.ide.mcu.externaltools.gnu-tools-for-stm32.7-2018-q2-update.win32_1.5.0.202011040924/tools/bin/../lib/gcc/arm-none-eabi/7.3.1/../../../../arm-none-eabi/lib/thumb/v7e-m/fpv4-sp/hard\libc_nano.a(lib_a-strlen.o)
                              Core/Src/Peripherals/usart2.o (strlen)
c:/st/stm32cubeide_1.3.0/stm32cubeide/plugins/com.st.stm32cube.ide.mcu.externaltools.gnu-tools-for-stm32.7-2018-q2-update.win32_1.5.0.202011040924/tools/bin/../lib/gcc/arm-none-eabi/7.3.1/thumb/v7e-m/fpv4-sp/hard\libgcc.a(_aeabi_uldivmod.o)
                              Drivers/STM32F4xx_HAL_Driver/Src/stm32f4xx_hal_rcc.o (__aeabi_uldivmod)
c:/st/stm32cubeide_1.3.0/stm32cubeide/plugins/com.st.stm32cube.ide.mcu.externaltools.gnu-tools-for-stm32.7-2018-q2-update.win32_1.5.0.202011040924/tools/bin/../lib/gcc/arm-none-eabi/7.3.1/thumb/v7e-m/fpv4-sp/hard\libgcc.a(_udivmoddi4.o)
                              c:/st/stm32cubeide_1.3.0/stm32cubeide/plugins/com.st.stm32cube.ide.mcu.externaltools.gnu-tools-for-stm32.7-2018-q2-update.win32_1.5.0.202011040924/tools/bin/../lib/gcc/arm-none-eabi/7.3.1/thumb/v7e-m/fpv4-sp/hard\libgcc.a(_aeabi_uldivmod.o) (__udivmoddi4)
c:/st/stm32cubeide_1.3.0/stm32cubeide/plugins/com.st.stm32cube.ide.mcu.externaltools.gnu-tools-for-stm32.7-2018-q2-update.win32_1.5.0.202011040924/tools/bin/../lib/gcc/arm-none-eabi/7.3.1/thumb/v7e-m/fpv4-sp/hard\libgcc.a(_dvmd_tls.o)
                              c:/st/stm32cubeide_1.3.0/stm32cubeide/plugins/com.st.stm32cube.ide.mcu.externaltools.gnu-tools-for-stm32.7-2018-q2-update.win32_1.5.0.202011040924/tools/bin/../lib/gcc/arm-none-eabi/7.3.1/thumb/v7e-m/fpv4-sp/hard\libgcc.a(_aeabi_uldivmod.o) (__aeabi_ldiv0)

Allocating common symbols
Common symbol       size              file

uwTick              0x4               Drivers/STM32F4xx_HAL_Driver/Src/stm32f4xx_hal.o
[...]
Memory Configuration

Name             Origin             Length             Attributes
RAM              0x0000000020000000 0x0000000000020000 xrw
ROM              0x0000000008000000 0x0000000000100000 xr
*default*        0x0000000000000000 0xffffffffffffffff

Linker script and memory map

LOAD c:/st/stm32cubeide_1.3.0/stm32cubeide/plugins/com.st.stm32cube.ide.mcu.externaltools.gnu-tools-for-stm32.7-2018-q2-update.win32_1.5.0.202011040924/tools/bin/../lib/gcc/arm-none-eabi/7.3.1/thumb/v7e-m/fpv4-sp/hard/crti.o
LOAD c:/st/stm32cubeide_1.3.0/stm32cubeide/plugins/com.st.stm32cube.ide.mcu.externaltools.gnu-tools-for-stm32.7-2018-q2-update.win32_1.5.0.202011040924/tools/bin/../lib/gcc/arm-none-eabi/7.3.1/thumb/v7e-m/fpv4-sp/hard/crtbegin.o
LOAD c:/st/stm32cubeide_1.3.0/stm32cubeide/plugins/com.st.stm32cube.ide.mcu.externaltools.gnu-tools-for-stm32.7-2018-q2-update.win32_1.5.0.202011040924/tools/bin/../lib/gcc/arm-none-eabi/7.3.1/../../../../arm-none-eabi/lib/thumb/v7e-m/fpv4-sp/hard/crt0.o
LOAD Core/Src/Peripherals/usart2.o
LOAD Core/Src/main.o
LOAD Core/Src/stm32f4xx_hal_msp.o
LOAD Core/Src/stm32f4xx_it.o
LOAD Core/Src/syscalls.o
LOAD Core/Src/sysmem.o
LOAD Core/Src/system_stm32f4xx.o
LOAD Drivers/STM32F4xx_HAL_Driver/Src/Legacy/stm32f4xx_hal_can.o
LOAD Drivers/STM32F4xx_HAL_Driver/Src/stm32f4xx_hal.o
LOAD Drivers/STM32F4xx_HAL_Driver/Src/stm32f4xx_hal_cortex.o
LOAD Drivers/STM32F4xx_HAL_Driver/Src/stm32f4xx_hal_dma.o
LOAD Drivers/STM32F4xx_HAL_Driver/Src/stm32f4xx_hal_dma2d.o
LOAD Drivers/STM32F4xx_HAL_Driver/Src/stm32f4xx_hal_dma_ex.o
LOAD Drivers/STM32F4xx_HAL_Driver/Src/stm32f4xx_hal_exti.o
LOAD Drivers/STM32F4xx_HAL_Driver/Src/stm32f4xx_hal_flash.o
LOAD Drivers/STM32F4xx_HAL_Driver/Src/stm32f4xx_hal_flash_ex.o
LOAD Drivers/STM32F4xx_HAL_Driver/Src/stm32f4xx_hal_flash_ramfunc.o
LOAD Drivers/STM32F4xx_HAL_Driver/Src/stm32f4xx_hal_gpio.o
LOAD Drivers/STM32F4xx_HAL_Driver/Src/stm32f4xx_hal_rcc.o
LOAD Drivers/STM32F4xx_HAL_Driver/Src/stm32f4xx_hal_rcc_ex.o
LOAD Drivers/STM32F4xx_HAL_Driver/Src/stm32f4xx_hal_uart.o
LOAD Drivers/STM32F4xx_HAL_Driver/Src/stm32f4xx_hal_usart.o
LOAD Startup/startup_stm32f407vgtx.o
LOAD Third-Party/FreeRTOS/org/Source/CMSIS_RTOS_V2/cmsis_os2.o
LOAD Third-Party/FreeRTOS/org/Source/croutine.o
LOAD Third-Party/FreeRTOS/org/Source/event_groups.o
LOAD Third-Party/FreeRTOS/org/Source/list.o
LOAD Third-Party/FreeRTOS/org/Source/queue.o
LOAD Third-Party/FreeRTOS/org/Source/stream_buffer.o
LOAD Third-Party/FreeRTOS/org/Source/tasks.o
LOAD Third-Party/FreeRTOS/org/Source/timers.o
LOAD Third-Party/FreeRTOS/org/Source/portable/GCC/ARM_CM4F/port.o
LOAD Third-Party/FreeRTOS/org/Source/portable/MemMang/heap_4.o
START GROUP
LOAD c:/st/stm32cubeide_1.3.0/stm32cubeide/plugins/com.st.stm32cube.ide.mcu.externaltools.gnu-tools-for-stm32.7-2018-q2-update.win32_1.5.0.202011040924/tools/bin/../lib/gcc/arm-none-eabi/7.3.1/../../../../arm-none-eabi/lib/thumb/v7e-m/fpv4-sp/hard\libc_nano.a
LOAD c:/st/stm32cubeide_1.3.0/stm32cubeide/plugins/com.st.stm32cube.ide.mcu.externaltools.gnu-tools-for-stm32.7-2018-q2-update.win32_1.5.0.202011040924/tools/bin/../lib/gcc/arm-none-eabi/7.3.1/../../../../arm-none-eabi/lib/thumb/v7e-m/fpv4-sp/hard\libm.a
END GROUP
START GROUP
LOAD c:/st/stm32cubeide_1.3.0/stm32cubeide/plugins/com.st.stm32cube.ide.mcu.externaltools.gnu-tools-for-stm32.7-2018-q2-update.win32_1.5.0.202011040924/tools/bin/../lib/gcc/arm-none-eabi/7.3.1/thumb/v7e-m/fpv4-sp/hard\libgcc.a
LOAD c:/st/stm32cubeide_1.3.0/stm32cubeide/plugins/com.st.stm32cube.ide.mcu.externaltools.gnu-tools-for-stm32.7-2018-q2-update.win32_1.5.0.202011040924/tools/bin/../lib/gcc/arm-none-eabi/7.3.1/../../../../arm-none-eabi/lib/thumb/v7e-m/fpv4-sp/hard\libc_nano.a
END GROUP
START GROUP
LOAD c:/st/stm32cubeide_1.3.0/stm32cubeide/plugins/com.st.stm32cube.ide.mcu.externaltools.gnu-tools-for-stm32.7-2018-q2-update.win32_1.5.0.202011040924/tools/bin/../lib/gcc/arm-none-eabi/7.3.1/thumb/v7e-m/fpv4-sp/hard\libgcc.a
LOAD c:/st/stm32cubeide_1.3.0/stm32cubeide/plugins/com.st.stm32cube.ide.mcu.externaltools.gnu-tools-for-stm32.7-2018-q2-update.win32_1.5.0.202011040924/tools/bin/../lib/gcc/arm-none-eabi/7.3.1/../../../../arm-none-eabi/lib/thumb/v7e-m/fpv4-sp/hard\libc_nano.a
LOAD c:/st/stm32cubeide_1.3.0/stm32cubeide/plugins/com.st.stm32cube.ide.mcu.externaltools.gnu-tools-for-stm32.7-2018-q2-update.win32_1.5.0.202011040924/tools/bin/../lib/gcc/arm-none-eabi/7.3.1/../../../../arm-none-eabi/lib/thumb/v7e-m/fpv4-sp/hard\libnosys.a
END GROUP
START GROUP
LOAD c:/st/stm32cubeide_1.3.0/stm32cubeide/plugins/com.st.stm32cube.ide.mcu.externaltools.gnu-tools-for-stm32.7-2018-q2-update.win32_1.5.0.202011040924/tools/bin/../lib/gcc/arm-none-eabi/7.3.1/thumb/v7e-m/fpv4-sp/hard\libgcc.a
LOAD c:/st/stm32cubeide_1.3.0/stm32cubeide/plugins/com.st.stm32cube.ide.mcu.externaltools.gnu-tools-for-stm32.7-2018-q2-update.win32_1.5.0.202011040924/tools/bin/../lib/gcc/arm-none-eabi/7.3.1/../../../../arm-none-eabi/lib/thumb/v7e-m/fpv4-sp/hard\libc_nano.a
LOAD c:/st/stm32cubeide_1.3.0/stm32cubeide/plugins/com.st.stm32cube.ide.mcu.externaltools.gnu-tools-for-stm32.7-2018-q2-update.win32_1.5.0.202011040924/tools/bin/../lib/gcc/arm-none-eabi/7.3.1/../../../../arm-none-eabi/lib/thumb/v7e-m/fpv4-sp/hard\libnosys.a
END GROUP
LOAD c:/st/stm32cubeide_1.3.0/stm32cubeide/plugins/com.st.stm32cube.ide.mcu.externaltools.gnu-tools-for-stm32.7-2018-q2-update.win32_1.5.0.202011040924/tools/bin/../lib/gcc/arm-none-eabi/7.3.1/thumb/v7e-m/fpv4-sp/hard/crtend.o
LOAD c:/st/stm32cubeide_1.3.0/stm32cubeide/plugins/com.st.stm32cube.ide.mcu.externaltools.gnu-tools-for-stm32.7-2018-q2-update.win32_1.5.0.202011040924/tools/bin/../lib/gcc/arm-none-eabi/7.3.1/thumb/v7e-m/fpv4-sp/hard/crtn.o
                0x0000000020020000                _estack = (ORIGIN (RAM) + LENGTH (RAM))
                0x0000000000000200                _Min_Heap_Size = 0x200
                0x0000000000000400                _Min_Stack_Size = 0x400

.isr_vector     0x0000000008000000      0x1a8
                0x0000000008000000                . = ALIGN (0x4)
 *(.isr_vector)
 .isr_vector    0x0000000008000000      0x1a8 Startup/startup_stm32f407vgtx.o
                0x0000000008000000                g_pfnVectors
                0x00000000080001a8                . = ALIGN (0x4)

.text           0x00000000080001b0     0x465c
                0x00000000080001b0                . = ALIGN (0x4)
 *(.text)
 .text          0x00000000080001b0       0x40 c:/st/stm32cubeide_1.3.0/stm32cubeide/plugins/com.st.stm32cube.ide.mcu.externaltools.gnu-tools-for-stm32.7-2018-q2-update.win32_1.5.0.202011040924/tools/bin/../lib/gcc/arm-none-eabi/7.3.1/thumb/v7e-m/fpv4-sp/hard/crtbegin.o
 .text          0x00000000080001f0       0x10 c:/st/stm32cubeide_1.3.0/stm32cubeide/plugins/com.st.stm32cube.ide.mcu.externaltools.gnu-tools-for-stm32.7-2018-q2-update.win32_1.5.0.202011040924/tools/bin/../lib/gcc/arm-none-eabi/7.3.1/../../../../arm-none-eabi/lib/thumb/v7e-m/fpv4-sp/hard\libc_nano.a(lib_a-strlen.o)
                0x00000000080001f0                strlen
 .text          0x0000000008000200       0x30 c:/st/stm32cubeide_1.3.0/stm32cubeide/plugins/com.st.stm32cube.ide.mcu.externaltools.gnu-tools-for-stm32.7-2018-q2-update.win32_1.5.0.202011040924/tools/bin/../lib/gcc/arm-none-eabi/7.3.1/thumb/v7e-m/fpv4-sp/hard\libgcc.a(_aeabi_uldivmod.o)
                0x0000000008000200                __aeabi_uldivmod
 .text          0x0000000008000230      0x2cc c:/st/stm32cubeide_1.3.0/stm32cubeide/plugins/com.st.stm32cube.ide.mcu.externaltools.gnu-tools-for-stm32.7-2018-q2-update.win32_1.5.0.202011040924/tools/bin/../lib/gcc/arm-none-eabi/7.3.1/thumb/v7e-m/fpv4-sp/hard\libgcc.a(_udivmoddi4.o)
                0x0000000008000230                __udivmoddi4
 .text          0x00000000080004fc        0x4 c:/st/stm32cubeide_1.3.0/stm32cubeide/plugins/com.st.stm32cube.ide.mcu.externaltools.gnu-tools-for-stm32.7-2018-q2-update.win32_1.5.0.202011040924/tools/bin/../lib/gcc/arm-none-eabi/7.3.1/thumb/v7e-m/fpv4-sp/hard\libgcc.a(_dvmd_tls.o)
                0x00000000080004fc                __aeabi_idiv0
                0x00000000080004fc                __aeabi_ldiv0
 *(.text*)
 .text.USART2_UART_Init
                0x0000000008000500       0x54 Core/Src/Peripherals/usart2.o
                0x0000000008000500                USART2_UART_Init
 .text.UART2_write
                0x0000000008000554       0x2c Core/Src/Peripherals/usart2.o
                0x0000000008000554                UART2_write
 .text.main     0x0000000008000580       0x64 Core/Src/main.o
                0x0000000008000580                main
 .text.SystemClock_Config
                0x00000000080005e4       0x9e Core/Src/main.o
                0x00000000080005e4                SystemClock_Config
 *fill*         0x0000000008000682        0x2 
 .text.vtask1_Handler
                0x0000000008000684       0x28 Core/Src/main.o
                0x0000000008000684                vtask1_Handler
 .text.vtask2_Handler
                0x00000000080006ac       0x28 Core/Src/main.o
                0x00000000080006ac                vtask2_Handler
 .text.Error_Handler
                0x00000000080006d4        0x6 Core/Src/main.o
                0x00000000080006d4                Error_Handler
 .text.HAL_MspInit
                0x00000000080006da       0x14 Core/Src/stm32f4xx_hal_msp.o
                0x00000000080006da                HAL_MspInit
 *fill*         0x00000000080006ee        0x2 
 .text.HAL_UART_MspInit
                0x00000000080006f0       0x90 Core/Src/stm32f4xx_hal_msp.o
                0x00000000080006f0                HAL_UART_MspInit
 .text.NMI_Handler
                0x0000000008000780        0xe Core/Src/stm32f4xx_it.o
                0x0000000008000780                NMI_Handler
 .text.HardFault_Handler
                0x000000000800078e        0x6 Core/Src/stm32f4xx_it.o
                0x000000000800078e                HardFault_Handler
 .text.MemManage_Handler
                0x0000000008000794        0x6 Core/Src/stm32f4xx_it.o
                0x0000000008000794                MemManage_Handler
 .text.BusFault_Handler
                0x000000000800079a        0x6 Core/Src/stm32f4xx_it.o
                0x000000000800079a                BusFault_Handler
 .text.UsageFault_Handler
                0x00000000080007a0        0x6 Core/Src/stm32f4xx_it.o
                0x00000000080007a0                UsageFault_Handler
 .text.SysTick_Handler
                0x00000000080007a6       0x10 Core/Src/stm32f4xx_it.o
                0x00000000080007a6                SysTick_Handler
 *fill*         0x00000000080007b6        0x2 
 .text.SystemInit
                0x00000000080007b8       0x2c Core/Src/system_stm32f4xx.o
                0x00000000080007b8                SystemInit
 .text.HAL_Init
                0x00000000080007e4       0x44 Drivers/STM32F4xx_HAL_Driver/Src/stm32f4xx_hal.o
                0x00000000080007e4                HAL_Init
 .text.HAL_InitTick
                0x0000000008000828       0x60 Drivers/STM32F4xx_HAL_Driver/Src/stm32f4xx_hal.o
                0x0000000008000828                HAL_InitTick
 .text.HAL_IncTick
                0x0000000008000888       0x28 Drivers/STM32F4xx_HAL_Driver/Src/stm32f4xx_hal.o
                0x0000000008000888                HAL_IncTick
 .text.HAL_GetTick
                0x00000000080008b0       0x18 Drivers/STM32F4xx_HAL_Driver/Src/stm32f4xx_hal.o
                0x00000000080008b0                HAL_GetTick
 .text.__NVIC_SetPriorityGrouping
                0x00000000080008c8       0x48 Drivers/STM32F4xx_HAL_Driver/Src/stm32f4xx_hal_cortex.o
 .text.__NVIC_GetPriorityGrouping
                0x0000000008000910       0x1c Drivers/STM32F4xx_HAL_Driver/Src/stm32f4xx_hal_cortex.o
 .text.__NVIC_SetPriority
                0x000000000800092c       0x54 Drivers/STM32F4xx_HAL_Driver/Src/stm32f4xx_hal_cortex.o
 .text.NVIC_EncodePriority
                0x0000000008000980       0x66 Drivers/STM32F4xx_HAL_Driver/Src/stm32f4xx_hal_cortex.o
 *fill*         0x00000000080009e6        0x2 
 .text.SysTick_Config
                0x00000000080009e8       0x44 Drivers/STM32F4xx_HAL_Driver/Src/stm32f4xx_hal_cortex.o
 .text.HAL_NVIC_SetPriorityGrouping
                0x0000000008000a2c       0x16 Drivers/STM32F4xx_HAL_Driver/Src/stm32f4xx_hal_cortex.o
                0x0000000008000a2c                HAL_NVIC_SetPriorityGrouping
 .text.HAL_NVIC_SetPriority
                0x0000000008000a42       0x38 Drivers/STM32F4xx_HAL_Driver/Src/stm32f4xx_hal_cortex.o
                0x0000000008000a42                HAL_NVIC_SetPriority
 .text.HAL_SYSTICK_Config
                0x0000000008000a7a       0x18 Drivers/STM32F4xx_HAL_Driver/Src/stm32f4xx_hal_cortex.o
                0x0000000008000a7a                HAL_SYSTICK_Config
 *fill*         0x0000000008000a92        0x2 
 .text.HAL_GPIO_Init
                0x0000000008000a94      0x334 Drivers/STM32F4xx_HAL_Driver/Src/stm32f4xx_hal_gpio.o
                0x0000000008000a94                HAL_GPIO_Init
 .text.HAL_RCC_OscConfig
                0x0000000008000dc8      0x4e0 Drivers/STM32F4xx_HAL_Driver/Src/stm32f4xx_hal_rcc.o
                0x0000000008000dc8                HAL_RCC_OscConfig
 .text.HAL_RCC_ClockConfig
                0x00000000080012a8      0x1cc Drivers/STM32F4xx_HAL_Driver/Src/stm32f4xx_hal_rcc.o
                0x00000000080012a8                HAL_RCC_ClockConfig
 .text.HAL_RCC_GetSysClockFreq
                0x0000000008001474      0x1b0 Drivers/STM32F4xx_HAL_Driver/Src/stm32f4xx_hal_rcc.o
                0x0000000008001474                HAL_RCC_GetSysClockFreq
 .text.HAL_RCC_GetHCLKFreq
                0x0000000008001624       0x18 Drivers/STM32F4xx_HAL_Driver/Src/stm32f4xx_hal_rcc.o
                0x0000000008001624                HAL_RCC_GetHCLKFreq
 .text.HAL_RCC_GetPCLK1Freq
                0x000000000800163c       0x28 Drivers/STM32F4xx_HAL_Driver/Src/stm32f4xx_hal_rcc.o
                0x000000000800163c                HAL_RCC_GetPCLK1Freq
 .text.HAL_RCC_GetPCLK2Freq
                0x0000000008001664       0x28 Drivers/STM32F4xx_HAL_Driver/Src/stm32f4xx_hal_rcc.o
                0x0000000008001664                HAL_RCC_GetPCLK2Freq
 .text.HAL_UART_Init
                0x000000000800168c       0x9a Drivers/STM32F4xx_HAL_Driver/Src/stm32f4xx_hal_uart.o
                0x000000000800168c                HAL_UART_Init
 .text.HAL_UART_Transmit
                0x0000000008001726      0x132 Drivers/STM32F4xx_HAL_Driver/Src/stm32f4xx_hal_uart.o
                0x0000000008001726                HAL_UART_Transmit
 .text.UART_WaitOnFlagUntilTimeout
                0x0000000008001858       0x94 Drivers/STM32F4xx_HAL_Driver/Src/stm32f4xx_hal_uart.o
 .text.UART_SetConfig
                0x00000000080018ec      0x6f8 Drivers/STM32F4xx_HAL_Driver/Src/stm32f4xx_hal_uart.o
 .text.Reset_Handler
                0x0000000008001fe4       0x50 Startup/startup_stm32f407vgtx.o
                0x0000000008001fe4                Reset_Handler
 .text.Default_Handler
                0x0000000008002034        0x2 Startup/startup_stm32f407vgtx.o
                0x0000000008002034                RTC_Alarm_IRQHandler
                0x0000000008002034                HASH_RNG_IRQHandler
                0x0000000008002034                EXTI2_IRQHandler
                0x0000000008002034                TIM8_CC_IRQHandler
                0x0000000008002034                DebugMon_Handler
                0x0000000008002034                TIM1_CC_IRQHandler
                0x0000000008002034                DMA2_Stream5_IRQHandler
                0x0000000008002034                DMA1_Stream5_IRQHandler
                0x0000000008002034                PVD_IRQHandler
                0x0000000008002034                SDIO_IRQHandler
                0x0000000008002034                TAMP_STAMP_IRQHandler
                0x0000000008002034                CAN2_RX1_IRQHandler
                0x0000000008002034                EXTI3_IRQHandler
                0x0000000008002034                TIM8_TRG_COM_TIM14_IRQHandler
                0x0000000008002034                TIM1_UP_TIM10_IRQHandler
                0x0000000008002034                TIM8_UP_TIM13_IRQHandler
                0x0000000008002034                I2C3_ER_IRQHandler
                0x0000000008002034                LCD_TFT_IRQHandler
                0x0000000008002034                EXTI0_IRQHandler
                0x0000000008002034                I2C2_EV_IRQHandler
                0x0000000008002034                DMA1_Stream2_IRQHandler
                0x0000000008002034                CAN1_RX0_IRQHandler
                0x0000000008002034                FPU_IRQHandler
                0x0000000008002034                OTG_HS_WKUP_IRQHandler
                0x0000000008002034                CAN2_SCE_IRQHandler
                0x0000000008002034                DMA2_Stream2_IRQHandler
                0x0000000008002034                SPI1_IRQHandler
                0x0000000008002034                TIM6_DAC_IRQHandler
                0x0000000008002034                TIM1_BRK_TIM9_IRQHandler
                0x0000000008002034                DCMI_IRQHandler
                0x0000000008002034                CAN2_RX0_IRQHandler
                0x0000000008002034                DMA2_Stream3_IRQHandler
                0x0000000008002034                USART6_IRQHandler
                0x0000000008002034                USART3_IRQHandler
                0x0000000008002034                CRYP_IRQHandler
                0x0000000008002034                CAN1_RX1_IRQHandler
                0x0000000008002034                UART5_IRQHandler
                0x0000000008002034                DMA2_Stream0_IRQHandler
                0x0000000008002034                TIM4_IRQHandler
                0x0000000008002034                I2C1_EV_IRQHandler
                0x0000000008002034                DMA1_Stream6_IRQHandler
                0x0000000008002034                DMA1_Stream1_IRQHandler
                0x0000000008002034                UART4_IRQHandler
                0x0000000008002034                LCD_TFT_1_IRQHandler
                0x0000000008002034                TIM3_IRQHandler
                0x0000000008002034                RCC_IRQHandler
                0x0000000008002034                TIM8_BRK_TIM12_IRQHandler
                0x0000000008002034                Default_Handler
                0x0000000008002034                EXTI15_10_IRQHandler
                0x0000000008002034                ADC_IRQHandler
                0x0000000008002034                DMA1_Stream7_IRQHandler
                0x0000000008002034                TIM7_IRQHandler
                0x0000000008002034                CAN2_TX_IRQHandler
                0x0000000008002034                TIM5_IRQHandler
                0x0000000008002034                DMA2_Stream7_IRQHandler
                0x0000000008002034                I2C3_EV_IRQHandler
                0x0000000008002034                EXTI9_5_IRQHandler
                0x0000000008002034                RTC_WKUP_IRQHandler
                0x0000000008002034                ETH_WKUP_IRQHandler
                0x0000000008002034                SPI2_IRQHandler
                0x0000000008002034                OTG_HS_EP1_IN_IRQHandler
                0x0000000008002034                DMA1_Stream0_IRQHandler
                0x0000000008002034                CAN1_TX_IRQHandler
                0x0000000008002034                EXTI4_IRQHandler
                0x0000000008002034                FSMC_IRQHandler
                0x0000000008002034                ETH_IRQHandler
                0x0000000008002034                OTG_HS_EP1_OUT_IRQHandler
                0x0000000008002034                WWDG_IRQHandler
                0x0000000008002034                TIM2_IRQHandler
                0x0000000008002034                OTG_FS_WKUP_IRQHandler
                0x0000000008002034                TIM1_TRG_COM_TIM11_IRQHandler
                0x0000000008002034                OTG_HS_IRQHandler
                0x0000000008002034                EXTI1_IRQHandler
                0x0000000008002034                USART2_IRQHandler
                0x0000000008002034                I2C2_ER_IRQHandler
                0x0000000008002034                DMA2_Stream1_IRQHandler
                0x0000000008002034                CAN1_SCE_IRQHandler
                0x0000000008002034                DMA2_Stream4_IRQHandler
                0x0000000008002034                USART1_IRQHandler
                0x0000000008002034                OTG_FS_IRQHandler
                0x0000000008002034                SPI3_IRQHandler
                0x0000000008002034                DMA1_Stream4_IRQHandler
                0x0000000008002034                I2C1_ER_IRQHandler
                0x0000000008002034                DMA2_Stream6_IRQHandler
                0x0000000008002034                DMA1_Stream3_IRQHandler
 .text.vApplicationMallocFailedHook
                0x0000000008002036        0xe Third-Party/FreeRTOS/org/Source/CMSIS_RTOS_V2/cmsis_os2.o
                0x0000000008002036                vApplicationMallocFailedHook
 .text.vApplicationGetIdleTaskMemory
                0x0000000008002044       0x34 Third-Party/FreeRTOS/org/Source/CMSIS_RTOS_V2/cmsis_os2.o
                0x0000000008002044                vApplicationGetIdleTaskMemory
 .text.vApplicationGetTimerTaskMemory
                0x0000000008002078       0x34 Third-Party/FreeRTOS/org/Source/CMSIS_RTOS_V2/cmsis_os2.o
                0x0000000008002078                vApplicationGetTimerTaskMemory
 .text.vListInitialise
                0x00000000080020ac       0x40 Third-Party/FreeRTOS/org/Source/list.o
                0x00000000080020ac                vListInitialise
 .text.vListInitialiseItem
                0x00000000080020ec       0x1a Third-Party/FreeRTOS/org/Source/list.o
                0x00000000080020ec                vListInitialiseItem
 .text.vListInsertEnd
                0x0000000008002106       0x48 Third-Party/FreeRTOS/org/Source/list.o
                0x0000000008002106                vListInsertEnd
 .text.vListInsert
                0x000000000800214e       0x72 Third-Party/FreeRTOS/org/Source/list.o
                0x000000000800214e                vListInsert
 .text.uxListRemove
                0x00000000080021c0       0x54 Third-Party/FreeRTOS/org/Source/list.o
                0x00000000080021c0                uxListRemove
 .text.xQueueGenericReset
                0x0000000008002214       0xd0 Third-Party/FreeRTOS/org/Source/queue.o
                0x0000000008002214                xQueueGenericReset
 .text.xQueueGenericCreateStatic
                0x00000000080022e4       0xe4 Third-Party/FreeRTOS/org/Source/queue.o
                0x00000000080022e4                xQueueGenericCreateStatic
 .text.prvInitialiseNewQueue
                0x00000000080023c8       0x46 Third-Party/FreeRTOS/org/Source/queue.o
 *fill*         0x000000000800240e        0x2 
 .text.xQueueGenericSend
                0x0000000008002410      0x1f4 Third-Party/FreeRTOS/org/Source/queue.o
                0x0000000008002410                xQueueGenericSend
 .text.xQueueGenericSendFromISR
                0x0000000008002604      0x128 Third-Party/FreeRTOS/org/Source/queue.o
                0x0000000008002604                xQueueGenericSendFromISR
 .text.xQueueReceive
                0x000000000800272c      0x1b8 Third-Party/FreeRTOS/org/Source/queue.o
                0x000000000800272c                xQueueReceive
 .text.prvCopyDataToQueue
                0x00000000080028e4       0xd4 Third-Party/FreeRTOS/org/Source/queue.o
 .text.prvCopyDataFromQueue
                0x00000000080029b8       0x4c Third-Party/FreeRTOS/org/Source/queue.o
 .text.prvUnlockQueue
                0x0000000008002a04       0xa4 Third-Party/FreeRTOS/org/Source/queue.o
 .text.prvIsQueueEmpty
                0x0000000008002aa8       0x2c Third-Party/FreeRTOS/org/Source/queue.o
 .text.prvIsQueueFull
                0x0000000008002ad4       0x30 Third-Party/FreeRTOS/org/Source/queue.o
 .text.vQueueAddToRegistry
                0x0000000008002b04       0x50 Third-Party/FreeRTOS/org/Source/queue.o
                0x0000000008002b04                vQueueAddToRegistry
 .text.vQueueWaitForMessageRestricted
                0x0000000008002b54       0x68 Third-Party/FreeRTOS/org/Source/queue.o
                0x0000000008002b54                vQueueWaitForMessageRestricted
 .text.xTaskCreateStatic
                0x0000000008002bbc       0xb2 Third-Party/FreeRTOS/org/Source/tasks.o
                0x0000000008002bbc                xTaskCreateStatic
 .text.xTaskCreate
                0x0000000008002c6e       0x8a Third-Party/FreeRTOS/org/Source/tasks.o
                0x0000000008002c6e                xTaskCreate
 .text.prvInitialiseNewTask
                0x0000000008002cf8      0x10c Third-Party/FreeRTOS/org/Source/tasks.o
 .text.prvAddNewTaskToReadyList
                0x0000000008002e04       0xdc Third-Party/FreeRTOS/org/Source/tasks.o
 .text.vTaskStartScheduler
                0x0000000008002ee0       0xc8 Third-Party/FreeRTOS/org/Source/tasks.o
                0x0000000008002ee0                vTaskStartScheduler
 .text.vTaskSuspendAll
                0x0000000008002fa8       0x1c Third-Party/FreeRTOS/org/Source/tasks.o
                0x0000000008002fa8                vTaskSuspendAll
 .text.xTaskResumeAll
                0x0000000008002fc4      0x138 Third-Party/FreeRTOS/org/Source/tasks.o
                0x0000000008002fc4                xTaskResumeAll
 .text.xTaskGetTickCount
                0x00000000080030fc       0x20 Third-Party/FreeRTOS/org/Source/tasks.o
                0x00000000080030fc                xTaskGetTickCount
 .text.xTaskIncrementTick
                0x000000000800311c      0x178 Third-Party/FreeRTOS/org/Source/tasks.o
                0x000000000800311c                xTaskIncrementTick
 .text.vTaskSwitchContext
                0x0000000008003294       0xb4 Third-Party/FreeRTOS/org/Source/tasks.o
                0x0000000008003294                vTaskSwitchContext
 .text.vTaskPlaceOnEventList
                0x0000000008003348       0x48 Third-Party/FreeRTOS/org/Source/tasks.o
                0x0000000008003348                vTaskPlaceOnEventList
 .text.vTaskPlaceOnEventListRestricted
                0x0000000008003390       0x54 Third-Party/FreeRTOS/org/Source/tasks.o
                0x0000000008003390                vTaskPlaceOnEventListRestricted
 .text.xTaskRemoveFromEventList
                0x00000000080033e4       0xc4 Third-Party/FreeRTOS/org/Source/tasks.o
                0x00000000080033e4                xTaskRemoveFromEventList
 .text.vTaskInternalSetTimeOutState
                0x00000000080034a8       0x2c Third-Party/FreeRTOS/org/Source/tasks.o
                0x00000000080034a8                vTaskInternalSetTimeOutState
 .text.xTaskCheckForTimeOut
                0x00000000080034d4       0xc0 Third-Party/FreeRTOS/org/Source/tasks.o
                0x00000000080034d4                xTaskCheckForTimeOut
 .text.vTaskMissedYield
                0x0000000008003594       0x18 Third-Party/FreeRTOS/org/Source/tasks.o
                0x0000000008003594                vTaskMissedYield
 .text.prvIdleTask
                0x00000000080035ac       0x30 Third-Party/FreeRTOS/org/Source/tasks.o
 .text.prvInitialiseTaskLists
                0x00000000080035dc       0x80 Third-Party/FreeRTOS/org/Source/tasks.o
 .text.prvCheckTasksWaitingTermination
                0x000000000800365c       0x58 Third-Party/FreeRTOS/org/Source/tasks.o
 .text.prvDeleteTCB
                0x00000000080036b4       0x5c Third-Party/FreeRTOS/org/Source/tasks.o
 .text.prvResetNextTaskUnblockTime
                0x0000000008003710       0x4c Third-Party/FreeRTOS/org/Source/tasks.o
 .text.xTaskGetSchedulerState
                0x000000000800375c       0x3c Third-Party/FreeRTOS/org/Source/tasks.o
                0x000000000800375c                xTaskGetSchedulerState
 .text.xTaskPriorityDisinherit
                0x0000000008003798      0x108 Third-Party/FreeRTOS/org/Source/tasks.o
                0x0000000008003798                xTaskPriorityDisinherit
 .text.prvAddCurrentTaskToDelayedList
                0x00000000080038a0       0xcc Third-Party/FreeRTOS/org/Source/tasks.o
 .text.xTimerCreateTimerTask
                0x000000000800396c       0x90 Third-Party/FreeRTOS/org/Source/timers.o
                0x000000000800396c                xTimerCreateTimerTask
 .text.xTimerGenericCommand
                0x00000000080039fc       0x98 Third-Party/FreeRTOS/org/Source/timers.o
                0x00000000080039fc                xTimerGenericCommand
 .text.prvProcessExpiredTimer
                0x0000000008003a94       0x80 Third-Party/FreeRTOS/org/Source/timers.o
 .text.prvTimerTask
                0x0000000008003b14       0x24 Third-Party/FreeRTOS/org/Source/timers.o
 .text.prvProcessTimerOrBlockTask
                0x0000000008003b38       0x9c Third-Party/FreeRTOS/org/Source/timers.o
 .text.prvGetNextExpireTime
                0x0000000008003bd4       0x48 Third-Party/FreeRTOS/org/Source/timers.o
 .text.prvSampleTimeNow
                0x0000000008003c1c       0x40 Third-Party/FreeRTOS/org/Source/timers.o
 .text.prvInsertTimerInActiveList
                0x0000000008003c5c       0x84 Third-Party/FreeRTOS/org/Source/timers.o
 .text.prvProcessReceivedCommands
                0x0000000008003ce0      0x12c Third-Party/FreeRTOS/org/Source/timers.o
 .text.prvSwitchTimerLists
                0x0000000008003e0c       0xc0 Third-Party/FreeRTOS/org/Source/timers.o
 .text.prvCheckForValidListAndQueue
                0x0000000008003ecc       0x80 Third-Party/FreeRTOS/org/Source/timers.o
 .text.pxPortInitialiseStack
                0x0000000008003f4c       0x68 Third-Party/FreeRTOS/org/Source/portable/GCC/ARM_CM4F/port.o
                0x0000000008003f4c                pxPortInitialiseStack
 .text.prvTaskExitError
                0x0000000008003fb4       0x54 Third-Party/FreeRTOS/org/Source/portable/GCC/ARM_CM4F/port.o
 *fill*         0x0000000008004008        0x8 
 .text.SVC_Handler
                0x0000000008004010       0x28 Third-Party/FreeRTOS/org/Source/portable/GCC/ARM_CM4F/port.o
                0x0000000008004010                SVC_Handler
 .text.prvPortStartFirstTask
                0x0000000008004038       0x28 Third-Party/FreeRTOS/org/Source/portable/GCC/ARM_CM4F/port.o
 .text.xPortStartScheduler
                0x0000000008004060      0x13c Third-Party/FreeRTOS/org/Source/portable/GCC/ARM_CM4F/port.o
                0x0000000008004060                xPortStartScheduler
 .text.vPortEnterCritical
                0x000000000800419c       0x5c Third-Party/FreeRTOS/org/Source/portable/GCC/ARM_CM4F/port.o
                0x000000000800419c                vPortEnterCritical
 .text.vPortExitCritical
                0x00000000080041f8       0x50 Third-Party/FreeRTOS/org/Source/portable/GCC/ARM_CM4F/port.o
                0x00000000080041f8                vPortExitCritical
 *fill*         0x0000000008004248        0x8 
 .text.PendSV_Handler
                0x0000000008004250       0x68 Third-Party/FreeRTOS/org/Source/portable/GCC/ARM_CM4F/port.o
                0x0000000008004250                PendSV_Handler
 .text.xPortSysTickHandler
                0x00000000080042b8       0x40 Third-Party/FreeRTOS/org/Source/portable/GCC/ARM_CM4F/port.o
                0x00000000080042b8                xPortSysTickHandler
 .text.vPortSetupTimerInterrupt
                0x00000000080042f8       0x48 Third-Party/FreeRTOS/org/Source/portable/GCC/ARM_CM4F/port.o
                0x00000000080042f8                vPortSetupTimerInterrupt
 .text.vPortEnableVFP
                0x0000000008004340       0x14 Third-Party/FreeRTOS/org/Source/portable/GCC/ARM_CM4F/port.o
 .text.vPortValidateInterruptPriority
                0x0000000008004354       0x7c Third-Party/FreeRTOS/org/Source/portable/GCC/ARM_CM4F/port.o
                0x0000000008004354                vPortValidateInterruptPriority
 .text.pvPortMalloc
                0x00000000080043d0      0x18c Third-Party/FreeRTOS/org/Source/portable/MemMang/heap_4.o
                0x00000000080043d0                pvPortMalloc
 .text.vPortFree
                0x000000000800455c       0xb0 Third-Party/FreeRTOS/org/Source/portable/MemMang/heap_4.o
                0x000000000800455c                vPortFree
 .text.prvHeapInit
                0x000000000800460c       0xc4 Third-Party/FreeRTOS/org/Source/portable/MemMang/heap_4.o
 .text.prvInsertBlockIntoFreeList
                0x00000000080046d0       0xb4 Third-Party/FreeRTOS/org/Source/portable/MemMang/heap_4.o
 .text.__libc_init_array
                0x0000000008004784       0x48 c:/st/stm32cubeide_1.3.0/stm32cubeide/plugins/com.st.stm32cube.ide.mcu.externaltools.gnu-tools-for-stm32.7-2018-q2-update.win32_1.5.0.202011040924/tools/bin/../lib/gcc/arm-none-eabi/7.3.1/../../../../arm-none-eabi/lib/thumb/v7e-m/fpv4-sp/hard\libc_nano.a(lib_a-init.o)
                0x0000000008004784                __libc_init_array
 .text.memcpy   0x00000000080047cc       0x16 c:/st/stm32cubeide_1.3.0/stm32cubeide/plugins/com.st.stm32cube.ide.mcu.externaltools.gnu-tools-for-stm32.7-2018-q2-update.win32_1.5.0.202011040924/tools/bin/../lib/gcc/arm-none-eabi/7.3.1/../../../../arm-none-eabi/lib/thumb/v7e-m/fpv4-sp/hard\libc_nano.a(lib_a-memcpy-stub.o)
                0x00000000080047cc                memcpy
 .text.memset   0x00000000080047e2       0x10 c:/st/stm32cubeide_1.3.0/stm32cubeide/plugins/com.st.stm32cube.ide.mcu.externaltools.gnu-tools-for-stm32.7-2018-q2-update.win32_1.5.0.202011040924/tools/bin/../lib/gcc/arm-none-eabi/7.3.1/../../../../arm-none-eabi/lib/thumb/v7e-m/fpv4-sp/hard\libc_nano.a(lib_a-memset.o)
                0x00000000080047e2                memset
 *(.glue_7)
 .glue_7        0x00000000080047f2        0x0 linker stubs
 *(.glue_7t)
 .glue_7t       0x00000000080047f2        0x0 linker stubs
 *(.eh_frame)
 *fill*         0x00000000080047f2        0x2 
 .eh_frame      0x00000000080047f4        0x0 c:/st/stm32cubeide_1.3.0/stm32cubeide/plugins/com.st.stm32cube.ide.mcu.externaltools.gnu-tools-for-stm32.7-2018-q2-update.win32_1.5.0.202011040924/tools/bin/../lib/gcc/arm-none-eabi/7.3.1/thumb/v7e-m/fpv4-sp/hard/crtbegin.o
 *(.init)
 .init          0x00000000080047f4        0x4 c:/st/stm32cubeide_1.3.0/stm32cubeide/plugins/com.st.stm32cube.ide.mcu.externaltools.gnu-tools-for-stm32.7-2018-q2-update.win32_1.5.0.202011040924/tools/bin/../lib/gcc/arm-none-eabi/7.3.1/thumb/v7e-m/fpv4-sp/hard/crti.o
                0x00000000080047f4                _init
 .init          0x00000000080047f8        0x8 c:/st/stm32cubeide_1.3.0/stm32cubeide/plugins/com.st.stm32cube.ide.mcu.externaltools.gnu-tools-for-stm32.7-2018-q2-update.win32_1.5.0.202011040924/tools/bin/../lib/gcc/arm-none-eabi/7.3.1/thumb/v7e-m/fpv4-sp/hard/crtn.o
 *(.fini)
 .fini          0x0000000008004800        0x4 c:/st/stm32cubeide_1.3.0/stm32cubeide/plugins/com.st.stm32cube.ide.mcu.externaltools.gnu-tools-for-stm32.7-2018-q2-update.win32_1.5.0.202011040924/tools/bin/../lib/gcc/arm-none-eabi/7.3.1/thumb/v7e-m/fpv4-sp/hard/crti.o
                0x0000000008004800                _fini
 .fini          0x0000000008004804        0x8 c:/st/stm32cubeide_1.3.0/stm32cubeide/plugins/com.st.stm32cube.ide.mcu.externaltools.gnu-tools-for-stm32.7-2018-q2-update.win32_1.5.0.202011040924/tools/bin/../lib/gcc/arm-none-eabi/7.3.1/thumb/v7e-m/fpv4-sp/hard/crtn.o
                0x000000000800480c                . = ALIGN (0x4)
                0x000000000800480c                _etext = .

.vfp11_veneer   0x000000000800480c        0x0
 .vfp11_veneer  0x000000000800480c        0x0 linker stubs

.v4_bx          0x000000000800480c        0x0
 .v4_bx         0x000000000800480c        0x0 linker stubs

.iplt           0x000000000800480c        0x0
 .iplt          0x000000000800480c        0x0 c:/st/stm32cubeide_1.3.0/stm32cubeide/plugins/com.st.stm32cube.ide.mcu.externaltools.gnu-tools-for-stm32.7-2018-q2-update.win32_1.5.0.202011040924/tools/bin/../lib/gcc/arm-none-eabi/7.3.1/thumb/v7e-m/fpv4-sp/hard/crtbegin.o

.rodata         0x000000000800480c       0x88
                0x000000000800480c                . = ALIGN (0x4)
 *(.rodata)
 .rodata        0x000000000800480c       0x57 Core/Src/main.o
 *fill*         0x0000000008004863        0x1 
 .rodata        0x0000000008004864        0x5 Third-Party/FreeRTOS/org/Source/tasks.o
 *fill*         0x0000000008004869        0x3 
 .rodata        0x000000000800486c        0xd Third-Party/FreeRTOS/org/Source/timers.o
 *(.rodata*)
 *fill*         0x0000000008004879        0x3 
 .rodata.AHBPrescTable
                0x000000000800487c       0x10 Core/Src/system_stm32f4xx.o
                0x000000000800487c                AHBPrescTable
 .rodata.APBPrescTable
                0x000000000800488c        0x8 Core/Src/system_stm32f4xx.o
                0x000000000800488c                APBPrescTable
                0x0000000008004894                . = ALIGN (0x4)

.ARM.extab      0x0000000008004894        0x0
                0x0000000008004894                . = ALIGN (0x4)
 *(.ARM.extab* .gnu.linkonce.armextab.*)
                0x0000000008004894                . = ALIGN (0x4)

.ARM            0x0000000008004894        0x8
                0x0000000008004894                . = ALIGN (0x4)
                0x0000000008004894                __exidx_start = .
 *(.ARM.exidx*)
 .ARM.exidx     0x0000000008004894        0x8 c:/st/stm32cubeide_1.3.0/stm32cubeide/plugins/com.st.stm32cube.ide.mcu.externaltools.gnu-tools-for-stm32.7-2018-q2-update.win32_1.5.0.202011040924/tools/bin/../lib/gcc/arm-none-eabi/7.3.1/thumb/v7e-m/fpv4-sp/hard\libgcc.a(_udivmoddi4.o)
                0x000000000800489c                __exidx_end = .
                0x000000000800489c                . = ALIGN (0x4)

.rel.dyn        0x000000000800489c        0x0
 .rel.iplt      0x000000000800489c        0x0 c:/st/stm32cubeide_1.3.0/stm32cubeide/plugins/com.st.stm32cube.ide.mcu.externaltools.gnu-tools-for-stm32.7-2018-q2-update.win32_1.5.0.202011040924/tools/bin/../lib/gcc/arm-none-eabi/7.3.1/thumb/v7e-m/fpv4-sp/hard/crtbegin.o

.preinit_array  0x000000000800489c        0x0
                0x000000000800489c                . = ALIGN (0x4)
                0x000000000800489c                PROVIDE (__preinit_array_start = .)
 *(.preinit_array*)
                0x000000000800489c                PROVIDE (__preinit_array_end = .)
                0x000000000800489c                . = ALIGN (0x4)

.init_array     0x000000000800489c        0x4
                0x000000000800489c                . = ALIGN (0x4)
                0x000000000800489c                PROVIDE (__init_array_start = .)
 *(SORT_BY_NAME(.init_array.*))
 *(.init_array*)
 .init_array    0x000000000800489c        0x4 c:/st/stm32cubeide_1.3.0/stm32cubeide/plugins/com.st.stm32cube.ide.mcu.externaltools.gnu-tools-for-stm32.7-2018-q2-update.win32_1.5.0.202011040924/tools/bin/../lib/gcc/arm-none-eabi/7.3.1/thumb/v7e-m/fpv4-sp/hard/crtbegin.o
                0x00000000080048a0                PROVIDE (__init_array_end = .)
                0x00000000080048a0                . = ALIGN (0x4)

.fini_array     0x00000000080048a0        0x4
                0x00000000080048a0                . = ALIGN (0x4)
                [!provide]                        PROVIDE (__fini_array_start = .)
 *(SORT_BY_NAME(.fini_array.*))
 *(.fini_array*)
 .fini_array    0x00000000080048a0        0x4 c:/st/stm32cubeide_1.3.0/stm32cubeide/plugins/com.st.stm32cube.ide.mcu.externaltools.gnu-tools-for-stm32.7-2018-q2-update.win32_1.5.0.202011040924/tools/bin/../lib/gcc/arm-none-eabi/7.3.1/thumb/v7e-m/fpv4-sp/hard/crtbegin.o
                [!provide]                        PROVIDE (__fini_array_end = .)
                0x00000000080048a4                . = ALIGN (0x4)
                0x00000000080048a4                _sidata = LOADADDR (.data)

.data           0x0000000020000000       0x10 load address 0x00000000080048a4
                0x0000000020000000                . = ALIGN (0x4)
                0x0000000020000000                _sdata = .
 *(.data)
 *(.data*)
 .data.SystemCoreClock
                0x0000000020000000        0x4 Core/Src/system_stm32f4xx.o
                0x0000000020000000                SystemCoreClock
 .data.uwTickPrio
                0x0000000020000004        0x4 Drivers/STM32F4xx_HAL_Driver/Src/stm32f4xx_hal.o
                0x0000000020000004                uwTickPrio
 .data.uwTickFreq
                0x0000000020000008        0x1 Drivers/STM32F4xx_HAL_Driver/Src/stm32f4xx_hal.o
                0x0000000020000008                uwTickFreq
 *fill*         0x0000000020000009        0x3 
 .data.uxCriticalNesting
                0x000000002000000c        0x4 Third-Party/FreeRTOS/org/Source/portable/GCC/ARM_CM4F/port.o
                0x0000000020000010                . = ALIGN (0x4)
                0x0000000020000010                _edata = .

.igot.plt       0x0000000020000010        0x0 load address 0x00000000080048b4
 .igot.plt      0x0000000020000010        0x0 c:/st/stm32cubeide_1.3.0/stm32cubeide/plugins/com.st.stm32cube.ide.mcu.externaltools.gnu-tools-for-stm32.7-2018-q2-update.win32_1.5.0.202011040924/tools/bin/../lib/gcc/arm-none-eabi/7.3.1/thumb/v7e-m/fpv4-sp/hard/crtbegin.o
                0x0000000020000010                . = ALIGN (0x4)

.bss            0x0000000020000010    0x13598 load address 0x00000000080048b4
                0x0000000020000010                _sbss = .
                0x0000000020000010                __bss_start__ = _sbss
 *(.bss)
 .bss           0x0000000020000010       0x1c c:/st/stm32cubeide_1.3.0/stm32cubeide/plugins/com.st.stm32cube.ide.mcu.externaltools.gnu-tools-for-stm32.7-2018-q2-update.win32_1.5.0.202011040924/tools/bin/../lib/gcc/arm-none-eabi/7.3.1/thumb/v7e-m/fpv4-sp/hard/crtbegin.o
 *(.bss*)
 .bss.xTaskHandler1
                0x000000002000002c        0x4 Core/Src/main.o
                0x000000002000002c                xTaskHandler1
 .bss.xTaskHandler2
                0x0000000020000030        0x4 Core/Src/main.o
                0x0000000020000030                xTaskHandler2
 .bss.Idle_TCB  0x0000000020000034       0x58 Third-Party/FreeRTOS/org/Source/CMSIS_RTOS_V2/cmsis_os2.o
 .bss.Idle_Stack
                0x000000002000008c      0x208 Third-Party/FreeRTOS/org/Source/CMSIS_RTOS_V2/cmsis_os2.o
 .bss.Timer_TCB
                0x0000000020000294       0x58 Third-Party/FreeRTOS/org/Source/CMSIS_RTOS_V2/cmsis_os2.o
 .bss.Timer_Stack
                0x00000000200002ec      0x410 Third-Party/FreeRTOS/org/Source/CMSIS_RTOS_V2/cmsis_os2.o
 .bss.pxCurrentTCB
                0x00000000200006fc        0x4 Third-Party/FreeRTOS/org/Source/tasks.o
                0x00000000200006fc                pxCurrentTCB
 .bss.pxReadyTasksLists
                0x0000000020000700       0x64 Third-Party/FreeRTOS/org/Source/tasks.o
 .bss.xDelayedTaskList1
                0x0000000020000764       0x14 Third-Party/FreeRTOS/org/Source/tasks.o
 .bss.xDelayedTaskList2
                0x0000000020000778       0x14 Third-Party/FreeRTOS/org/Source/tasks.o
 .bss.pxDelayedTaskList
                0x000000002000078c        0x4 Third-Party/FreeRTOS/org/Source/tasks.o
 .bss.pxOverflowDelayedTaskList
                0x0000000020000790        0x4 Third-Party/FreeRTOS/org/Source/tasks.o
 .bss.xPendingReadyList
                0x0000000020000794       0x14 Third-Party/FreeRTOS/org/Source/tasks.o
 .bss.xTasksWaitingTermination
                0x00000000200007a8       0x14 Third-Party/FreeRTOS/org/Source/tasks.o
 .bss.uxDeletedTasksWaitingCleanUp
                0x00000000200007bc        0x4 Third-Party/FreeRTOS/org/Source/tasks.o
 .bss.xSuspendedTaskList
                0x00000000200007c0       0x14 Third-Party/FreeRTOS/org/Source/tasks.o
 .bss.uxCurrentNumberOfTasks
                0x00000000200007d4        0x4 Third-Party/FreeRTOS/org/Source/tasks.o
 .bss.xTickCount
                0x00000000200007d8        0x4 Third-Party/FreeRTOS/org/Source/tasks.o
 .bss.uxTopReadyPriority
                0x00000000200007dc        0x4 Third-Party/FreeRTOS/org/Source/tasks.o
 .bss.xSchedulerRunning
                0x00000000200007e0        0x4 Third-Party/FreeRTOS/org/Source/tasks.o
 .bss.uxPendedTicks
                0x00000000200007e4        0x4 Third-Party/FreeRTOS/org/Source/tasks.o
 .bss.xYieldPending
                0x00000000200007e8        0x4 Third-Party/FreeRTOS/org/Source/tasks.o
 .bss.xNumOfOverflows
                0x00000000200007ec        0x4 Third-Party/FreeRTOS/org/Source/tasks.o
 .bss.uxTaskNumber
                0x00000000200007f0        0x4 Third-Party/FreeRTOS/org/Source/tasks.o
 .bss.xNextTaskUnblockTime
                0x00000000200007f4        0x4 Third-Party/FreeRTOS/org/Source/tasks.o
 .bss.xIdleTaskHandle
                0x00000000200007f8        0x4 Third-Party/FreeRTOS/org/Source/tasks.o
 .bss.uxSchedulerSuspended
                0x00000000200007fc        0x4 Third-Party/FreeRTOS/org/Source/tasks.o
 .bss.xActiveTimerList1
                0x0000000020000800       0x14 Third-Party/FreeRTOS/org/Source/timers.o
 .bss.xActiveTimerList2
                0x0000000020000814       0x14 Third-Party/FreeRTOS/org/Source/timers.o
 .bss.pxCurrentTimerList
                0x0000000020000828        0x4 Third-Party/FreeRTOS/org/Source/timers.o
 .bss.pxOverflowTimerList
                0x000000002000082c        0x4 Third-Party/FreeRTOS/org/Source/timers.o
 .bss.xTimerQueue
                0x0000000020000830        0x4 Third-Party/FreeRTOS/org/Source/timers.o
 .bss.xTimerTaskHandle
                0x0000000020000834        0x4 Third-Party/FreeRTOS/org/Source/timers.o
 .bss.xLastTime.6730
                0x0000000020000838        0x4 Third-Party/FreeRTOS/org/Source/timers.o
 .bss.ucStaticTimerQueueStorage.6779
                0x000000002000083c       0x78 Third-Party/FreeRTOS/org/Source/timers.o
 .bss.xStaticTimerQueue.6778
                0x00000000200008b4       0x50 Third-Party/FreeRTOS/org/Source/timers.o
 .bss.ucMaxSysCallPriority
                0x0000000020000904        0x1 Third-Party/FreeRTOS/org/Source/portable/GCC/ARM_CM4F/port.o
 *fill*         0x0000000020000905        0x3 
 .bss.ulMaxPRIGROUPValue
                0x0000000020000908        0x4 Third-Party/FreeRTOS/org/Source/portable/GCC/ARM_CM4F/port.o
 .bss.ucHeap    0x000000002000090c    0x12c00 Third-Party/FreeRTOS/org/Source/portable/MemMang/heap_4.o
 .bss.xStart    0x000000002001350c        0x8 Third-Party/FreeRTOS/org/Source/portable/MemMang/heap_4.o
 .bss.pxEnd     0x0000000020013514        0x4 Third-Party/FreeRTOS/org/Source/portable/MemMang/heap_4.o
 .bss.xFreeBytesRemaining
                0x0000000020013518        0x4 Third-Party/FreeRTOS/org/Source/portable/MemMang/heap_4.o
 .bss.xMinimumEverFreeBytesRemaining
                0x000000002001351c        0x4 Third-Party/FreeRTOS/org/Source/portable/MemMang/heap_4.o
 .bss.xBlockAllocatedBit
                0x0000000020013520        0x4 Third-Party/FreeRTOS/org/Source/portable/MemMang/heap_4.o
 *(COMMON)
 COMMON         0x0000000020013524       0x40 Core/Src/Peripherals/usart2.o
                0x0000000020013524                huart2
 COMMON         0x0000000020013564        0x4 Drivers/STM32F4xx_HAL_Driver/Src/stm32f4xx_hal.o
                0x0000000020013564                uwTick
 COMMON         0x0000000020013568       0x40 Third-Party/FreeRTOS/org/Source/queue.o
                0x0000000020013568                xQueueRegistry
                0x00000000200135a8                . = ALIGN (0x4)
                0x00000000200135a8                _ebss = .
                0x00000000200135a8                __bss_end__ = _ebss

._user_heap_stack
                0x00000000200135a8      0x600 load address 0x00000000080048b4
                0x00000000200135a8                . = ALIGN (0x8)
                0x00000000200135a8                PROVIDE (end = .)
                [!provide]                        PROVIDE (_end = .)
                0x00000000200137a8                . = (. + _Min_Heap_Size)
 *fill*         0x00000000200135a8      0x200 
                0x0000000020013ba8                . = (. + _Min_Stack_Size)
 *fill*         0x00000000200137a8      0x400 
                0x0000000020013ba8                . = ALIGN (0x8)

/DISCARD/
 libc.a(*)
 libm.a(*)
 libgcc.a(*)

.ARM.attributes
                0x0000000000000000       0x30
 *(.ARM.attributes)
 .ARM.attributes
                0x0000000000000000       0x22 c:/st/stm32cubeide_1.3.0/stm32cubeide/plugins/com.st.stm32cube.ide.mcu.externaltools.gnu-tools-for-stm32.7-2018-q2-update.win32_1.5.0.202011040924/tools/bin/../lib/gcc/arm-none-eabi/7.3.1/thumb/v7e-m/fpv4-sp/hard/crti.o
 .ARM.attributes
                0x0000000000000022       0x34 c:/st/stm32cubeide_1.3.0/stm32cubeide/plugins/com.st.stm32cube.ide.mcu.externaltools.gnu-tools-for-stm32.7-2018-q2-update.win32_1.5.0.202011040924/tools/bin/../lib/gcc/arm-none-eabi/7.3.1/thumb/v7e-m/fpv4-sp/hard/crtbegin.o
 .ARM.attributes
                0x0000000000000056       0x39 Core/Src/Peripherals/usart2.o
 .ARM.attributes
                0x000000000000008f       0x39 Core/Src/main.o
 .ARM.attributes
                0x00000000000000c8       0x39 Core/Src/stm32f4xx_hal_msp.o
 .ARM.attributes
                0x0000000000000101       0x39 Core/Src/stm32f4xx_it.o
 .ARM.attributes
                0x000000000000013a       0x39 Core/Src/system_stm32f4xx.o
 .ARM.attributes
                0x0000000000000173       0x39 Drivers/STM32F4xx_HAL_Driver/Src/stm32f4xx_hal.o
 .ARM.attributes
                0x00000000000001ac       0x39 Drivers/STM32F4xx_HAL_Driver/Src/stm32f4xx_hal_cortex.o
 .ARM.attributes
                0x00000000000001e5       0x39 Drivers/STM32F4xx_HAL_Driver/Src/stm32f4xx_hal_gpio.o
 .ARM.attributes
                0x000000000000021e       0x39 Drivers/STM32F4xx_HAL_Driver/Src/stm32f4xx_hal_rcc.o
 .ARM.attributes
                0x0000000000000257       0x39 Drivers/STM32F4xx_HAL_Driver/Src/stm32f4xx_hal_uart.o
 .ARM.attributes
                0x0000000000000290       0x21 Startup/startup_stm32f407vgtx.o
 .ARM.attributes
                0x00000000000002b1       0x39 Third-Party/FreeRTOS/org/Source/CMSIS_RTOS_V2/cmsis_os2.o
 .ARM.attributes
                0x00000000000002ea       0x39 Third-Party/FreeRTOS/org/Source/list.o
 .ARM.attributes
                0x0000000000000323       0x39 Third-Party/FreeRTOS/org/Source/queue.o
 .ARM.attributes
                0x000000000000035c       0x39 Third-Party/FreeRTOS/org/Source/tasks.o
 .ARM.attributes
                0x0000000000000395       0x39 Third-Party/FreeRTOS/org/Source/timers.o
 .ARM.attributes
                0x00000000000003ce       0x39 Third-Party/FreeRTOS/org/Source/portable/GCC/ARM_CM4F/port.o
 .ARM.attributes
                0x0000000000000407       0x39 Third-Party/FreeRTOS/org/Source/portable/MemMang/heap_4.o
 .ARM.attributes
                0x0000000000000440       0x34 c:/st/stm32cubeide_1.3.0/stm32cubeide/plugins/com.st.stm32cube.ide.mcu.externaltools.gnu-tools-for-stm32.7-2018-q2-update.win32_1.5.0.202011040924/tools/bin/../lib/gcc/arm-none-eabi/7.3.1/../../../../arm-none-eabi/lib/thumb/v7e-m/fpv4-sp/hard\libc_nano.a(lib_a-init.o)
 .ARM.attributes
                0x0000000000000474       0x34 c:/st/stm32cubeide_1.3.0/stm32cubeide/plugins/com.st.stm32cube.ide.mcu.externaltools.gnu-tools-for-stm32.7-2018-q2-update.win32_1.5.0.202011040924/tools/bin/../lib/gcc/arm-none-eabi/7.3.1/../../../../arm-none-eabi/lib/thumb/v7e-m/fpv4-sp/hard\libc_nano.a(lib_a-memcpy-stub.o)
 .ARM.attributes
                0x00000000000004a8       0x34 c:/st/stm32cubeide_1.3.0/stm32cubeide/plugins/com.st.stm32cube.ide.mcu.externaltools.gnu-tools-for-stm32.7-2018-q2-update.win32_1.5.0.202011040924/tools/bin/../lib/gcc/arm-none-eabi/7.3.1/../../../../arm-none-eabi/lib/thumb/v7e-m/fpv4-sp/hard\libc_nano.a(lib_a-memset.o)
 .ARM.attributes
                0x00000000000004dc       0x1b c:/st/stm32cubeide_1.3.0/stm32cubeide/plugins/com.st.stm32cube.ide.mcu.externaltools.gnu-tools-for-stm32.7-2018-q2-update.win32_1.5.0.202011040924/tools/bin/../lib/gcc/arm-none-eabi/7.3.1/../../../../arm-none-eabi/lib/thumb/v7e-m/fpv4-sp/hard\libc_nano.a(lib_a-strlen.o)
 .ARM.attributes
                0x00000000000004f7       0x22 c:/st/stm32cubeide_1.3.0/stm32cubeide/plugins/com.st.stm32cube.ide.mcu.externaltools.gnu-tools-for-stm32.7-2018-q2-update.win32_1.5.0.202011040924/tools/bin/../lib/gcc/arm-none-eabi/7.3.1/thumb/v7e-m/fpv4-sp/hard\libgcc.a(_aeabi_uldivmod.o)
 .ARM.attributes
                0x0000000000000519       0x34 c:/st/stm32cubeide_1.3.0/stm32cubeide/plugins/com.st.stm32cube.ide.mcu.externaltools.gnu-tools-for-stm32.7-2018-q2-update.win32_1.5.0.202011040924/tools/bin/../lib/gcc/arm-none-eabi/7.3.1/thumb/v7e-m/fpv4-sp/hard\libgcc.a(_udivmoddi4.o)
 .ARM.attributes
                0x000000000000054d       0x22 c:/st/stm32cubeide_1.3.0/stm32cubeide/plugins/com.st.stm32cube.ide.mcu.externaltools.gnu-tools-for-stm32.7-2018-q2-update.win32_1.5.0.202011040924/tools/bin/../lib/gcc/arm-none-eabi/7.3.1/thumb/v7e-m/fpv4-sp/hard\libgcc.a(_dvmd_tls.o)
 .ARM.attributes
                0x000000000000056f       0x22 c:/st/stm32cubeide_1.3.0/stm32cubeide/plugins/com.st.stm32cube.ide.mcu.externaltools.gnu-tools-for-stm32.7-2018-q2-update.win32_1.5.0.202011040924/tools/bin/../lib/gcc/arm-none-eabi/7.3.1/thumb/v7e-m/fpv4-sp/hard/crtn.o
OUTPUT(FreeRTOS_01-UART2.elf elf32-littlearm)

.debug_info     0x0000000000000000    0x11f31
 .debug_info    0x0000000000000000      0xe4c Core/Src/Peripherals/usart2.o
 .debug_info    0x0000000000000e4c      0x3fe Core/Src/main.o
 .debug_info    0x000000000000124a      0xb30 Core/Src/stm32f4xx_hal_msp.o
 .debug_info    0x0000000000001d7a      0x1d7 Core/Src/stm32f4xx_it.o
 .debug_info    0x0000000000001f51      0x554 Core/Src/system_stm32f4xx.o
 .debug_info    0x00000000000024a5      0x945 Drivers/STM32F4xx_HAL_Driver/Src/stm32f4xx_hal.o
 .debug_info    0x0000000000002dea      0xe28 Drivers/STM32F4xx_HAL_Driver/Src/stm32f4xx_hal_cortex.o
 .debug_info    0x0000000000003c12      0x7b5 Drivers/STM32F4xx_HAL_Driver/Src/stm32f4xx_hal_gpio.o
 .debug_info    0x00000000000043c7      0x904 Drivers/STM32F4xx_HAL_Driver/Src/stm32f4xx_hal_rcc.o
 .debug_info    0x0000000000004ccb     0x124c Drivers/STM32F4xx_HAL_Driver/Src/stm32f4xx_hal_uart.o
 .debug_info    0x0000000000005f17       0x22 Startup/startup_stm32f407vgtx.o
 .debug_info    0x0000000000005f39     0x4008 Third-Party/FreeRTOS/org/Source/CMSIS_RTOS_V2/cmsis_os2.o
 .debug_info    0x0000000000009f41      0xac5 Third-Party/FreeRTOS/org/Source/list.o
 .debug_info    0x000000000000aa06     0x2253 Third-Party/FreeRTOS/org/Source/queue.o
 .debug_info    0x000000000000cc59     0x2948 Third-Party/FreeRTOS/org/Source/tasks.o
 .debug_info    0x000000000000f5a1     0x185c Third-Party/FreeRTOS/org/Source/timers.o
 .debug_info    0x0000000000010dfd      0x533 Third-Party/FreeRTOS/org/Source/portable/GCC/ARM_CM4F/port.o
 .debug_info    0x0000000000011330      0xc01 Third-Party/FreeRTOS/org/Source/portable/MemMang/heap_4.o

.debug_abbrev   0x0000000000000000     0x25eb
 .debug_abbrev  0x0000000000000000      0x1dc Core/Src/Peripherals/usart2.o
 .debug_abbrev  0x00000000000001dc      0x16c Core/Src/main.o
 .debug_abbrev  0x0000000000000348      0x195 Core/Src/stm32f4xx_hal_msp.o
 .debug_abbrev  0x00000000000004dd       0xc6 Core/Src/stm32f4xx_it.o
 .debug_abbrev  0x00000000000005a3      0x12b Core/Src/system_stm32f4xx.o
 .debug_abbrev  0x00000000000006ce      0x1c7 Drivers/STM32F4xx_HAL_Driver/Src/stm32f4xx_hal.o
 .debug_abbrev  0x0000000000000895      0x2fa Drivers/STM32F4xx_HAL_Driver/Src/stm32f4xx_hal_cortex.o
 .debug_abbrev  0x0000000000000b8f      0x1c9 Drivers/STM32F4xx_HAL_Driver/Src/stm32f4xx_hal_gpio.o
 .debug_abbrev  0x0000000000000d58      0x245 Drivers/STM32F4xx_HAL_Driver/Src/stm32f4xx_hal_rcc.o
 .debug_abbrev  0x0000000000000f9d      0x242 Drivers/STM32F4xx_HAL_Driver/Src/stm32f4xx_hal_uart.o
 .debug_abbrev  0x00000000000011df       0x12 Startup/startup_stm32f407vgtx.o
 .debug_abbrev  0x00000000000011f1      0x3e4 Third-Party/FreeRTOS/org/Source/CMSIS_RTOS_V2/cmsis_os2.o
 .debug_abbrev  0x00000000000015d5      0x1cf Third-Party/FreeRTOS/org/Source/list.o
 .debug_abbrev  0x00000000000017a4      0x354 Third-Party/FreeRTOS/org/Source/queue.o
 .debug_abbrev  0x0000000000001af8      0x352 Third-Party/FreeRTOS/org/Source/tasks.o
 .debug_abbrev  0x0000000000001e4a      0x2d7 Third-Party/FreeRTOS/org/Source/timers.o
 .debug_abbrev  0x0000000000002121      0x210 Third-Party/FreeRTOS/org/Source/portable/GCC/ARM_CM4F/port.o
 .debug_abbrev  0x0000000000002331      0x2ba Third-Party/FreeRTOS/org/Source/portable/MemMang/heap_4.o

.debug_aranges  0x0000000000000000      0xd30
 .debug_aranges
                0x0000000000000000       0x28 Core/Src/Peripherals/usart2.o
 .debug_aranges
                0x0000000000000028       0x40 Core/Src/main.o
 .debug_aranges
                0x0000000000000068       0x30 Core/Src/stm32f4xx_hal_msp.o
 .debug_aranges
                0x0000000000000098       0x48 Core/Src/stm32f4xx_it.o
 .debug_aranges
                0x00000000000000e0       0x28 Core/Src/system_stm32f4xx.o
 .debug_aranges
                0x0000000000000108       0xf0 Drivers/STM32F4xx_HAL_Driver/Src/stm32f4xx_hal.o
 .debug_aranges
                0x00000000000001f8      0x118 Drivers/STM32F4xx_HAL_Driver/Src/stm32f4xx_hal_cortex.o
 .debug_aranges
                0x0000000000000310       0x58 Drivers/STM32F4xx_HAL_Driver/Src/stm32f4xx_hal_gpio.o
 .debug_aranges
                0x0000000000000368       0x88 Drivers/STM32F4xx_HAL_Driver/Src/stm32f4xx_hal_rcc.o
 .debug_aranges
                0x00000000000003f0      0x1d0 Drivers/STM32F4xx_HAL_Driver/Src/stm32f4xx_hal_uart.o
 .debug_aranges
                0x00000000000005c0       0x28 Startup/startup_stm32f407vgtx.o
 .debug_aranges
                0x00000000000005e8      0x230 Third-Party/FreeRTOS/org/Source/CMSIS_RTOS_V2/cmsis_os2.o
 .debug_aranges
                0x0000000000000818       0x40 Third-Party/FreeRTOS/org/Source/list.o
 .debug_aranges
                0x0000000000000858      0x148 Third-Party/FreeRTOS/org/Source/queue.o
 .debug_aranges
                0x00000000000009a0      0x1f0 Third-Party/FreeRTOS/org/Source/tasks.o
 .debug_aranges
                0x0000000000000b90       0xd0 Third-Party/FreeRTOS/org/Source/timers.o
 .debug_aranges
                0x0000000000000c60       0x80 Third-Party/FreeRTOS/org/Source/portable/GCC/ARM_CM4F/port.o
 .debug_aranges
                0x0000000000000ce0       0x50 Third-Party/FreeRTOS/org/Source/portable/MemMang/heap_4.o

.debug_ranges   0x0000000000000000      0xc18
 .debug_ranges  0x0000000000000000       0x18 Core/Src/Peripherals/usart2.o
 .debug_ranges  0x0000000000000018       0x30 Core/Src/main.o
 .debug_ranges  0x0000000000000048       0x20 Core/Src/stm32f4xx_hal_msp.o
 .debug_ranges  0x0000000000000068       0x38 Core/Src/stm32f4xx_it.o
 .debug_ranges  0x00000000000000a0       0x18 Core/Src/system_stm32f4xx.o
 .debug_ranges  0x00000000000000b8       0xe0 Drivers/STM32F4xx_HAL_Driver/Src/stm32f4xx_hal.o
 .debug_ranges  0x0000000000000198      0x108 Drivers/STM32F4xx_HAL_Driver/Src/stm32f4xx_hal_cortex.o
 .debug_ranges  0x00000000000002a0       0x48 Drivers/STM32F4xx_HAL_Driver/Src/stm32f4xx_hal_gpio.o
 .debug_ranges  0x00000000000002e8       0x78 Drivers/STM32F4xx_HAL_Driver/Src/stm32f4xx_hal_rcc.o
 .debug_ranges  0x0000000000000360      0x1c0 Drivers/STM32F4xx_HAL_Driver/Src/stm32f4xx_hal_uart.o
 .debug_ranges  0x0000000000000520       0x20 Startup/startup_stm32f407vgtx.o
 .debug_ranges  0x0000000000000540      0x220 Third-Party/FreeRTOS/org/Source/CMSIS_RTOS_V2/cmsis_os2.o
 .debug_ranges  0x0000000000000760       0x30 Third-Party/FreeRTOS/org/Source/list.o
 .debug_ranges  0x0000000000000790      0x138 Third-Party/FreeRTOS/org/Source/queue.o
 .debug_ranges  0x00000000000008c8      0x1e0 Third-Party/FreeRTOS/org/Source/tasks.o
 .debug_ranges  0x0000000000000aa8       0xc0 Third-Party/FreeRTOS/org/Source/timers.o
 .debug_ranges  0x0000000000000b68       0x70 Third-Party/FreeRTOS/org/Source/portable/GCC/ARM_CM4F/port.o
 .debug_ranges  0x0000000000000bd8       0x40 Third-Party/FreeRTOS/org/Source/portable/MemMang/heap_4.o

.debug_macro    0x0000000000000000    0x212c6
 .debug_macro   0x0000000000000000      0x280 Core/Src/Peripherals/usart2.o
 .debug_macro   0x0000000000000280      0xa5a Core/Src/Peripherals/usart2.o
 .debug_macro   0x0000000000000cda      0x17e Core/Src/Peripherals/usart2.o
 .debug_macro   0x0000000000000e58       0x32 Core/Src/Peripherals/usart2.o
 .debug_macro   0x0000000000000e8a       0x2f Core/Src/Peripherals/usart2.o
 .debug_macro   0x0000000000000eb9       0x22 Core/Src/Peripherals/usart2.o
 .debug_macro   0x0000000000000edb       0x8e Core/Src/Peripherals/usart2.o
 .debug_macro   0x0000000000000f69       0x51 Core/Src/Peripherals/usart2.o
 .debug_macro   0x0000000000000fba       0xef Core/Src/Peripherals/usart2.o
 .debug_macro   0x00000000000010a9       0x6a Core/Src/Peripherals/usart2.o
 .debug_macro   0x0000000000001113      0x1df Core/Src/Peripherals/usart2.o
 .debug_macro   0x00000000000012f2       0x1c Core/Src/Peripherals/usart2.o
 .debug_macro   0x000000000000130e       0x22 Core/Src/Peripherals/usart2.o
 .debug_macro   0x0000000000001330      0x101 Core/Src/Peripherals/usart2.o
 .debug_macro   0x0000000000001431     0x1011 Core/Src/Peripherals/usart2.o
 .debug_macro   0x0000000000002442      0x11f Core/Src/Peripherals/usart2.o
 .debug_macro   0x0000000000002561    0x15e3c Core/Src/Peripherals/usart2.o
 .debug_macro   0x000000000001839d       0x43 Core/Src/Peripherals/usart2.o
 .debug_macro   0x00000000000183e0     0x3659 Core/Src/Peripherals/usart2.o
 .debug_macro   0x000000000001ba39      0x174 Core/Src/Peripherals/usart2.o
 .debug_macro   0x000000000001bbad       0x5a Core/Src/Peripherals/usart2.o
 .debug_macro   0x000000000001bc07      0x96b Core/Src/Peripherals/usart2.o
 .debug_macro   0x000000000001c572      0x9fe Core/Src/Peripherals/usart2.o
 .debug_macro   0x000000000001cf70      0x174 Core/Src/Peripherals/usart2.o
 .debug_macro   0x000000000001d0e4      0x117 Core/Src/Peripherals/usart2.o
 .debug_macro   0x000000000001d1fb      0x13e Core/Src/Peripherals/usart2.o
 .debug_macro   0x000000000001d339       0x27 Core/Src/Peripherals/usart2.o
 .debug_macro   0x000000000001d360      0x287 Core/Src/Peripherals/usart2.o
 .debug_macro   0x000000000001d5e7       0x5f Core/Src/Peripherals/usart2.o
 .debug_macro   0x000000000001d646      0x236 Core/Src/Peripherals/usart2.o
 .debug_macro   0x000000000001d87c      0x12c Core/Src/Peripherals/usart2.o
 .debug_macro   0x000000000001d9a8      0x21e Core/Src/Peripherals/usart2.o
 .debug_macro   0x000000000001dbc6       0x2e Core/Src/Peripherals/usart2.o
 .debug_macro   0x000000000001dbf4      0x287 Core/Src/Peripherals/usart2.o
 .debug_macro   0x000000000001de7b      0x12d Core/Src/Peripherals/usart2.o
 .debug_macro   0x000000000001dfa8       0x46 Core/Src/Peripherals/usart2.o
 .debug_macro   0x000000000001dfee       0x18 Core/Src/Peripherals/usart2.o
 .debug_macro   0x000000000001e006       0x3c Core/Src/Peripherals/usart2.o
 .debug_macro   0x000000000001e042       0x34 Core/Src/Peripherals/usart2.o
 .debug_macro   0x000000000001e076       0x52 Core/Src/Peripherals/usart2.o
 .debug_macro   0x000000000001e0c8       0x1f Core/Src/Peripherals/usart2.o
 .debug_macro   0x000000000001e0e7       0x43 Core/Src/Peripherals/usart2.o
 .debug_macro   0x000000000001e12a       0x20 Core/Src/Peripherals/usart2.o
 .debug_macro   0x000000000001e14a      0x1a3 Core/Src/Peripherals/usart2.o
 .debug_macro   0x000000000001e2ed      0x32a Core/Src/Peripherals/usart2.o
 .debug_macro   0x000000000001e617       0x10 Core/Src/Peripherals/usart2.o
 .debug_macro   0x000000000001e627       0x35 Core/Src/Peripherals/usart2.o
 .debug_macro   0x000000000001e65c       0x20 Core/Src/Peripherals/usart2.o
 .debug_macro   0x000000000001e67c      0x249 Core/Src/main.o
 .debug_macro   0x000000000001e8c5      0x10c Core/Src/main.o
 .debug_macro   0x000000000001e9d1      0x15a Core/Src/main.o
 .debug_macro   0x000000000001eb2b       0xdd Core/Src/main.o
 .debug_macro   0x000000000001ec08       0x10 Core/Src/main.o
 .debug_macro   0x000000000001ec18       0x1f Core/Src/main.o
 .debug_macro   0x000000000001ec37      0x47f Core/Src/main.o
 .debug_macro   0x000000000001f0b6       0xb5 Core/Src/main.o
 .debug_macro   0x000000000001f16b       0x8c Core/Src/main.o
 .debug_macro   0x000000000001f1f7       0x66 Core/Src/main.o
 .debug_macro   0x000000000001f25d       0x74 Core/Src/main.o
 .debug_macro   0x000000000001f2d1       0xdd Core/Src/main.o
 .debug_macro   0x000000000001f3ae      0x1bf Core/Src/stm32f4xx_hal_msp.o
 .debug_macro   0x000000000001f56d      0x1c9 Core/Src/stm32f4xx_it.o
 .debug_macro   0x000000000001f736      0x1a7 Core/Src/system_stm32f4xx.o
 .debug_macro   0x000000000001f8dd      0x201 Drivers/STM32F4xx_HAL_Driver/Src/stm32f4xx_hal.o
 .debug_macro   0x000000000001fade      0x1a1 Drivers/STM32F4xx_HAL_Driver/Src/stm32f4xx_hal_cortex.o
 .debug_macro   0x000000000001fc7f      0x1d7 Drivers/STM32F4xx_HAL_Driver/Src/stm32f4xx_hal_gpio.o
 .debug_macro   0x000000000001fe56      0x1c5 Drivers/STM32F4xx_HAL_Driver/Src/stm32f4xx_hal_rcc.o
 .debug_macro   0x000000000002001b      0x1a2 Drivers/STM32F4xx_HAL_Driver/Src/stm32f4xx_hal_uart.o
 .debug_macro   0x00000000000201bd      0x23a Third-Party/FreeRTOS/org/Source/CMSIS_RTOS_V2/cmsis_os2.o
 .debug_macro   0x00000000000203f7       0x10 Third-Party/FreeRTOS/org/Source/CMSIS_RTOS_V2/cmsis_os2.o
 .debug_macro   0x0000000000020407       0xf5 Third-Party/FreeRTOS/org/Source/CMSIS_RTOS_V2/cmsis_os2.o
 .debug_macro   0x00000000000204fc      0x10c Third-Party/FreeRTOS/org/Source/CMSIS_RTOS_V2/cmsis_os2.o
 .debug_macro   0x0000000000020608       0x91 Third-Party/FreeRTOS/org/Source/CMSIS_RTOS_V2/cmsis_os2.o
 .debug_macro   0x0000000000020699       0x8d Third-Party/FreeRTOS/org/Source/CMSIS_RTOS_V2/cmsis_os2.o
 .debug_macro   0x0000000000020726       0x9a Third-Party/FreeRTOS/org/Source/CMSIS_RTOS_V2/cmsis_os2.o
 .debug_macro   0x00000000000207c0      0x17a Third-Party/FreeRTOS/org/Source/list.o
 .debug_macro   0x000000000002093a      0x205 Third-Party/FreeRTOS/org/Source/queue.o
 .debug_macro   0x0000000000020b3f       0x16 Third-Party/FreeRTOS/org/Source/queue.o
 .debug_macro   0x0000000000020b55      0x26d Third-Party/FreeRTOS/org/Source/tasks.o
 .debug_macro   0x0000000000020dc2       0x10 Third-Party/FreeRTOS/org/Source/tasks.o
 .debug_macro   0x0000000000020dd2      0x1bd Third-Party/FreeRTOS/org/Source/timers.o
 .debug_macro   0x0000000000020f8f      0x196 Third-Party/FreeRTOS/org/Source/portable/GCC/ARM_CM4F/port.o
 .debug_macro   0x0000000000021125      0x1a1 Third-Party/FreeRTOS/org/Source/portable/MemMang/heap_4.o

.debug_line     0x0000000000000000     0xe5a2
 .debug_line    0x0000000000000000      0xba1 Core/Src/Peripherals/usart2.o
 .debug_line    0x0000000000000ba1      0xb67 Core/Src/main.o
 .debug_line    0x0000000000001708      0xa60 Core/Src/stm32f4xx_hal_msp.o
 .debug_line    0x0000000000002168      0xaa3 Core/Src/stm32f4xx_it.o
 .debug_line    0x0000000000002c0b      0x98a Core/Src/system_stm32f4xx.o
 .debug_line    0x0000000000003595      0xb74 Drivers/STM32F4xx_HAL_Driver/Src/stm32f4xx_hal.o
 .debug_line    0x0000000000004109      0xc9a Drivers/STM32F4xx_HAL_Driver/Src/stm32f4xx_hal_cortex.o
 .debug_line    0x0000000000004da3      0xb53 Drivers/STM32F4xx_HAL_Driver/Src/stm32f4xx_hal_gpio.o
 .debug_line    0x00000000000058f6      0xbcc Drivers/STM32F4xx_HAL_Driver/Src/stm32f4xx_hal_rcc.o
 .debug_line    0x00000000000064c2     0x1282 Drivers/STM32F4xx_HAL_Driver/Src/stm32f4xx_hal_uart.o
 .debug_line    0x0000000000007744       0x84 Startup/startup_stm32f407vgtx.o
 .debug_line    0x00000000000077c8     0x2090 Third-Party/FreeRTOS/org/Source/CMSIS_RTOS_V2/cmsis_os2.o
 .debug_line    0x0000000000009858      0x837 Third-Party/FreeRTOS/org/Source/list.o
 .debug_line    0x000000000000a08f     0x1281 Third-Party/FreeRTOS/org/Source/queue.o
 .debug_line    0x000000000000b310     0x1531 Third-Party/FreeRTOS/org/Source/tasks.o
 .debug_line    0x000000000000c841      0xb93 Third-Party/FreeRTOS/org/Source/timers.o
 .debug_line    0x000000000000d3d4      0x8af Third-Party/FreeRTOS/org/Source/portable/GCC/ARM_CM4F/port.o
 .debug_line    0x000000000000dc83      0x91f Third-Party/FreeRTOS/org/Source/portable/MemMang/heap_4.o

.debug_str      0x0000000000000000    0xc9536
 .debug_str     0x0000000000000000    0xbd80c Core/Src/Peripherals/usart2.o
                                      0xbdb5d (size before relaxing)
 .debug_str     0x00000000000bd80c     0x485f Core/Src/main.o
                                      0xbef3e (size before relaxing)
 .debug_str     0x00000000000c206b      0x692 Core/Src/stm32f4xx_hal_msp.o
                                      0xbb226 (size before relaxing)
 .debug_str     0x00000000000c26fd       0x91 Core/Src/stm32f4xx_it.o
                                      0xba7f3 (size before relaxing)
 .debug_str     0x00000000000c278e       0xc4 Core/Src/system_stm32f4xx.o
                                      0xba8fb (size before relaxing)
 .debug_str     0x00000000000c2852      0x58d Drivers/STM32F4xx_HAL_Driver/Src/stm32f4xx_hal.o
                                      0xbb3c8 (size before relaxing)
 .debug_str     0x00000000000c2ddf      0x389 Drivers/STM32F4xx_HAL_Driver/Src/stm32f4xx_hal_cortex.o
                                      0xbb1b8 (size before relaxing)
 .debug_str     0x00000000000c3168      0x228 Drivers/STM32F4xx_HAL_Driver/Src/stm32f4xx_hal_gpio.o
                                      0xbab3a (size before relaxing)
 .debug_str     0x00000000000c3390      0x265 Drivers/STM32F4xx_HAL_Driver/Src/stm32f4xx_hal_rcc.o
                                      0xbace8 (size before relaxing)
 .debug_str     0x00000000000c35f5      0x52d Drivers/STM32F4xx_HAL_Driver/Src/stm32f4xx_hal_uart.o
                                      0xbb147 (size before relaxing)
 .debug_str     0x00000000000c3b22       0x31 Startup/startup_stm32f407vgtx.o
                                         0xdb (size before relaxing)
 .debug_str     0x00000000000c3b53     0x2cbf Third-Party/FreeRTOS/org/Source/CMSIS_RTOS_V2/cmsis_os2.o
                                       0xe390 (size before relaxing)
 .debug_str     0x00000000000c6812      0x21d Third-Party/FreeRTOS/org/Source/list.o
                                       0xa5c7 (size before relaxing)
 .debug_str     0x00000000000c6a2f      0x8d7 Third-Party/FreeRTOS/org/Source/queue.o
                                       0xbda6 (size before relaxing)
 .debug_str     0x00000000000c7306     0x1314 Third-Party/FreeRTOS/org/Source/tasks.o
                                       0xca23 (size before relaxing)
 .debug_str     0x00000000000c861a      0x4c4 Third-Party/FreeRTOS/org/Source/timers.o
                                       0xc253 (size before relaxing)
 .debug_str     0x00000000000c8ade      0x80f Third-Party/FreeRTOS/org/Source/portable/GCC/ARM_CM4F/port.o
                                       0x82c2 (size before relaxing)
 .debug_str     0x00000000000c92ed      0x249 Third-Party/FreeRTOS/org/Source/portable/MemMang/heap_4.o
                                       0xad05 (size before relaxing)

.comment        0x0000000000000000       0x7b
 .comment       0x0000000000000000       0x7b Core/Src/Peripherals/usart2.o
                                         0x7c (size before relaxing)
 .comment       0x000000000000007b       0x7c Core/Src/main.o
 .comment       0x000000000000007b       0x7c Core/Src/stm32f4xx_hal_msp.o
 .comment       0x000000000000007b       0x7c Core/Src/stm32f4xx_it.o
 .comment       0x000000000000007b       0x7c Core/Src/system_stm32f4xx.o
 .comment       0x000000000000007b       0x7c Drivers/STM32F4xx_HAL_Driver/Src/stm32f4xx_hal.o
 .comment       0x000000000000007b       0x7c Drivers/STM32F4xx_HAL_Driver/Src/stm32f4xx_hal_cortex.o
 .comment       0x000000000000007b       0x7c Drivers/STM32F4xx_HAL_Driver/Src/stm32f4xx_hal_gpio.o
 .comment       0x000000000000007b       0x7c Drivers/STM32F4xx_HAL_Driver/Src/stm32f4xx_hal_rcc.o
 .comment       0x000000000000007b       0x7c Drivers/STM32F4xx_HAL_Driver/Src/stm32f4xx_hal_uart.o
 .comment       0x000000000000007b       0x7c Third-Party/FreeRTOS/org/Source/CMSIS_RTOS_V2/cmsis_os2.o
 .comment       0x000000000000007b       0x7c Third-Party/FreeRTOS/org/Source/list.o
 .comment       0x000000000000007b       0x7c Third-Party/FreeRTOS/org/Source/queue.o
 .comment       0x000000000000007b       0x7c Third-Party/FreeRTOS/org/Source/tasks.o
 .comment       0x000000000000007b       0x7c Third-Party/FreeRTOS/org/Source/timers.o
 .comment       0x000000000000007b       0x7c Third-Party/FreeRTOS/org/Source/portable/GCC/ARM_CM4F/port.o
 .comment       0x000000000000007b       0x7c Third-Party/FreeRTOS/org/Source/portable/MemMang/heap_4.o

.debug_frame    0x0000000000000000     0x3584
 .debug_frame   0x0000000000000000       0x50 Core/Src/Peripherals/usart2.o
 .debug_frame   0x0000000000000050       0xac Core/Src/main.o
 .debug_frame   0x00000000000000fc       0x74 Core/Src/stm32f4xx_hal_msp.o
 .debug_frame   0x0000000000000170       0xac Core/Src/stm32f4xx_it.o
 .debug_frame   0x000000000000021c       0x58 Core/Src/system_stm32f4xx.o
 .debug_frame   0x0000000000000274      0x374 Drivers/STM32F4xx_HAL_Driver/Src/stm32f4xx_hal.o
 .debug_frame   0x00000000000005e8      0x498 Drivers/STM32F4xx_HAL_Driver/Src/stm32f4xx_hal_cortex.o
 .debug_frame   0x0000000000000a80      0x14c Drivers/STM32F4xx_HAL_Driver/Src/stm32f4xx_hal_gpio.o
 .debug_frame   0x0000000000000bcc      0x1f0 Drivers/STM32F4xx_HAL_Driver/Src/stm32f4xx_hal_rcc.o
 .debug_frame   0x0000000000000dbc      0x844 Drivers/STM32F4xx_HAL_Driver/Src/stm32f4xx_hal_uart.o
 .debug_frame   0x0000000000001600      0x998 Third-Party/FreeRTOS/org/Source/CMSIS_RTOS_V2/cmsis_os2.o
 .debug_frame   0x0000000000001f98       0xd8 Third-Party/FreeRTOS/org/Source/list.o
 .debug_frame   0x0000000000002070      0x5a0 Third-Party/FreeRTOS/org/Source/queue.o
 .debug_frame   0x0000000000002610      0x884 Third-Party/FreeRTOS/org/Source/tasks.o
 .debug_frame   0x0000000000002e94      0x36c Third-Party/FreeRTOS/org/Source/timers.o
 .debug_frame   0x0000000000003200      0x1a8 Third-Party/FreeRTOS/org/Source/portable/GCC/ARM_CM4F/port.o
 .debug_frame   0x00000000000033a8      0x108 Third-Party/FreeRTOS/org/Source/portable/MemMang/heap_4.o
 .debug_frame   0x00000000000034b0       0x2c c:/st/stm32cubeide_1.3.0/stm32cubeide/plugins/com.st.stm32cube.ide.mcu.externaltools.gnu-tools-for-stm32.7-2018-q2-update.win32_1.5.0.202011040924/tools/bin/../lib/gcc/arm-none-eabi/7.3.1/../../../../arm-none-eabi/lib/thumb/v7e-m/fpv4-sp/hard\libc_nano.a(lib_a-init.o)
 .debug_frame   0x00000000000034dc       0x28 c:/st/stm32cubeide_1.3.0/stm32cubeide/plugins/com.st.stm32cube.ide.mcu.externaltools.gnu-tools-for-stm32.7-2018-q2-update.win32_1.5.0.202011040924/tools/bin/../lib/gcc/arm-none-eabi/7.3.1/../../../../arm-none-eabi/lib/thumb/v7e-m/fpv4-sp/hard\libc_nano.a(lib_a-memcpy-stub.o)
 .debug_frame   0x0000000000003504       0x20 c:/st/stm32cubeide_1.3.0/stm32cubeide/plugins/com.st.stm32cube.ide.mcu.externaltools.gnu-tools-for-stm32.7-2018-q2-update.win32_1.5.0.202011040924/tools/bin/../lib/gcc/arm-none-eabi/7.3.1/../../../../arm-none-eabi/lib/thumb/v7e-m/fpv4-sp/hard\libc_nano.a(lib_a-memset.o)
 .debug_frame   0x0000000000003524       0x2c c:/st/stm32cubeide_1.3.0/stm32cubeide/plugins/com.st.stm32cube.ide.mcu.externaltools.gnu-tools-for-stm32.7-2018-q2-update.win32_1.5.0.202011040924/tools/bin/../lib/gcc/arm-none-eabi/7.3.1/thumb/v7e-m/fpv4-sp/hard\libgcc.a(_aeabi_uldivmod.o)
 .debug_frame   0x0000000000003550       0x34 c:/st/stm32cubeide_1.3.0/stm32cubeide/plugins/com.st.stm32cube.ide.mcu.externaltools.gnu-tools-for-stm32.7-2018-q2-update.win32_1.5.0.202011040924/tools/bin/../lib/gcc/arm-none-eabi/7.3.1/thumb/v7e-m/fpv4-sp/hard\libgcc.a(_udivmoddi4.o)
