Archive member included to satisfy reference by file (symbol)

c:/st/stm32cubeide_1.3.0/stm32cubeide/plugins/com.st.stm32cube.ide.mcu.externaltools.gnu-tools-for-stm32.7-2018-q2-update.win32_1.5.0.202011040924/tools/bin/../lib/gcc/arm-none-eabi/7.3.1/../../../../arm-none-eabi/lib/thumb/v7e-m/fpv4-sp/hard\libc_nano.a(lib_a-errno.o)
                              Core/Src/syscalls.o (__errno)
c:/st/stm32cubeide_1.3.0/stm32cubeide/plugins/com.st.stm32cube.ide.mcu.externaltools.gnu-tools-for-stm32.7-2018-q2-update.win32_1.5.0.202011040924/tools/bin/../lib/gcc/arm-none-eabi/7.3.1/../../../../arm-none-eabi/lib/thumb/v7e-m/fpv4-sp/hard\libc_nano.a(lib_a-exit.o)
                              c:/st/stm32cubeide_1.3.0/stm32cubeide/plugins/com.st.stm32cube.ide.mcu.externaltools.gnu-tools-for-stm32.7-2018-q2-update.win32_1.5.0.202011040924/tools/bin/../lib/gcc/arm-none-eabi/7.3.1/../../../../arm-none-eabi/lib/thumb/v7e-m/fpv4-sp/hard/crt0.o (exit)
c:/st/stm32cubeide_1.3.0/stm32cubeide/plugins/com.st.stm32cube.ide.mcu.externaltools.gnu-tools-for-stm32.7-2018-q2-update.win32_1.5.0.202011040924/tools/bin/../lib/gcc/arm-none-eabi/7.3.1/../../../../arm-none-eabi/lib/thumb/v7e-m/fpv4-sp/hard\libc_nano.a(lib_a-impure.o)
                              c:/st/stm32cubeide_1.3.0/stm32cubeide/plugins/com.st.stm32cube.ide.mcu.externaltools.gnu-tools-for-stm32.7-2018-q2-update.win32_1.5.0.202011040924/tools/bin/../lib/gcc/arm-none-eabi/7.3.1/../../../../arm-none-eabi/lib/thumb/v7e-m/fpv4-sp/hard\libc_nano.a(lib_a-exit.o) (_global_impure_ptr)
c:/st/stm32cubeide_1.3.0/stm32cubeide/plugins/com.st.stm32cube.ide.mcu.externaltools.gnu-tools-for-stm32.7-2018-q2-update.win32_1.5.0.202011040924/tools/bin/../lib/gcc/arm-none-eabi/7.3.1/../../../../arm-none-eabi/lib/thumb/v7e-m/fpv4-sp/hard\libc_nano.a(lib_a-init.o)
                              c:/st/stm32cubeide_1.3.0/stm32cubeide/plugins/com.st.stm32cube.ide.mcu.externaltools.gnu-tools-for-stm32.7-2018-q2-update.win32_1.5.0.202011040924/tools/bin/../lib/gcc/arm-none-eabi/7.3.1/../../../../arm-none-eabi/lib/thumb/v7e-m/fpv4-sp/hard/crt0.o (__libc_init_array)
c:/st/stm32cubeide_1.3.0/stm32cubeide/plugins/com.st.stm32cube.ide.mcu.externaltools.gnu-tools-for-stm32.7-2018-q2-update.win32_1.5.0.202011040924/tools/bin/../lib/gcc/arm-none-eabi/7.3.1/../../../../arm-none-eabi/lib/thumb/v7e-m/fpv4-sp/hard\libc_nano.a(lib_a-memcmp.o)
                              Third-Party/FreeRTOS/org/Source/tasks.o (memcmp)
c:/st/stm32cubeide_1.3.0/stm32cubeide/plugins/com.st.stm32cube.ide.mcu.externaltools.gnu-tools-for-stm32.7-2018-q2-update.win32_1.5.0.202011040924/tools/bin/../lib/gcc/arm-none-eabi/7.3.1/../../../../arm-none-eabi/lib/thumb/v7e-m/fpv4-sp/hard\libc_nano.a(lib_a-memcpy-stub.o)
                              Third-Party/FreeRTOS/org/Source/CMSIS_RTOS_V2/cmsis_os2.o (memcpy)
c:/st/stm32cubeide_1.3.0/stm32cubeide/plugins/com.st.stm32cube.ide.mcu.externaltools.gnu-tools-for-stm32.7-2018-q2-update.win32_1.5.0.202011040924/tools/bin/../lib/gcc/arm-none-eabi/7.3.1/../../../../arm-none-eabi/lib/thumb/v7e-m/fpv4-sp/hard\libc_nano.a(lib_a-memset.o)
                              c:/st/stm32cubeide_1.3.0/stm32cubeide/plugins/com.st.stm32cube.ide.mcu.externaltools.gnu-tools-for-stm32.7-2018-q2-update.win32_1.5.0.202011040924/tools/bin/../lib/gcc/arm-none-eabi/7.3.1/../../../../arm-none-eabi/lib/thumb/v7e-m/fpv4-sp/hard/crt0.o (memset)
c:/st/stm32cubeide_1.3.0/stm32cubeide/plugins/com.st.stm32cube.ide.mcu.externaltools.gnu-tools-for-stm32.7-2018-q2-update.win32_1.5.0.202011040924/tools/bin/../lib/gcc/arm-none-eabi/7.3.1/../../../../arm-none-eabi/lib/thumb/v7e-m/fpv4-sp/hard\libc_nano.a(lib_a-sprintf.o)
                              Core/Src/main.o (sprintf)
c:/st/stm32cubeide_1.3.0/stm32cubeide/plugins/com.st.stm32cube.ide.mcu.externaltools.gnu-tools-for-stm32.7-2018-q2-update.win32_1.5.0.202011040924/tools/bin/../lib/gcc/arm-none-eabi/7.3.1/../../../../arm-none-eabi/lib/thumb/v7e-m/fpv4-sp/hard\libc_nano.a(lib_a-strlen.o)
                              Core/Src/Peripherals/usart2.o (strlen)
c:/st/stm32cubeide_1.3.0/stm32cubeide/plugins/com.st.stm32cube.ide.mcu.externaltools.gnu-tools-for-stm32.7-2018-q2-update.win32_1.5.0.202011040924/tools/bin/../lib/gcc/arm-none-eabi/7.3.1/../../../../arm-none-eabi/lib/thumb/v7e-m/fpv4-sp/hard\libc_nano.a(lib_a-nano-svfprintf.o)
                              c:/st/stm32cubeide_1.3.0/stm32cubeide/plugins/com.st.stm32cube.ide.mcu.externaltools.gnu-tools-for-stm32.7-2018-q2-update.win32_1.5.0.202011040924/tools/bin/../lib/gcc/arm-none-eabi/7.3.1/../../../../arm-none-eabi/lib/thumb/v7e-m/fpv4-sp/hard\libc_nano.a(lib_a-sprintf.o) (_svfprintf_r)
c:/st/stm32cubeide_1.3.0/stm32cubeide/plugins/com.st.stm32cube.ide.mcu.externaltools.gnu-tools-for-stm32.7-2018-q2-update.win32_1.5.0.202011040924/tools/bin/../lib/gcc/arm-none-eabi/7.3.1/../../../../arm-none-eabi/lib/thumb/v7e-m/fpv4-sp/hard\libc_nano.a(lib_a-nano-vfprintf_i.o)
[...]
Memory Configuration

Name             Origin             Length             Attributes
RAM              0x0000000020000000 0x0000000000020000 xrw
ROM              0x0000000008000000 0x0000000000100000 xr
*default*        0x0000000000000000 0xffffffffffffffff

Linker script and memory map

LOAD c:/st/stm32cubeide_1.3.0/stm32cubeide/plugins/com.st.stm32cube.ide.mcu.externaltools.gnu-tools-for-stm32.7-2018-q2-update.win32_1.5.0.202011040924/tools/bin/../lib/gcc/arm-none-eabi/7.3.1/thumb/v7e-m/fpv4-sp/hard/crti.o
LOAD c:/st/stm32cubeide_1.3.0/stm32cubeide/plugins/com.st.stm32cube.ide.mcu.externaltools.gnu-tools-for-stm32.7-2018-q2-update.win32_1.5.0.202011040924/tools/bin/../lib/gcc/arm-none-eabi/7.3.1/thumb/v7e-m/fpv4-sp/hard/crtbegin.o
LOAD c:/st/stm32cubeide_1.3.0/stm32cubeide/plugins/com.st.stm32cube.ide.mcu.externaltools.gnu-tools-for-stm32.7-2018-q2-update.win32_1.5.0.202011040924/tools/bin/../lib/gcc/arm-none-eabi/7.3.1/../../../../arm-none-eabi/lib/thumb/v7e-m/fpv4-sp/hard/crt0.o
LOAD Core/Src/Peripherals/usart2.o
LOAD Core/Src/main.o
LOAD Core/Src/stm32f4xx_hal_msp.o
LOAD Core/Src/stm32f4xx_it.o
LOAD Core/Src/syscalls.o
LOAD Core/Src/sysmem.o
LOAD Core/Src/system_stm32f4xx.o
LOAD Drivers/STM32F4xx_HAL_Driver/Src/Legacy/stm32f4xx_hal_can.o
LOAD Drivers/STM32F4xx_HAL_Driver/Src/stm32f4xx_hal.o
LOAD Drivers/STM32F4xx_HAL_Driver/Src/stm32f4xx_hal_cortex.o
LOAD Drivers/STM32F4xx_HAL_Driver/Src/stm32f4xx_hal_dma.o
LOAD Drivers/STM32F4xx_HAL_Driver/Src/stm32f4xx_hal_dma2d.o
LOAD Drivers/STM32F4xx_HAL_Driver/Src/stm32f4xx_hal_dma_ex.o
LOAD Drivers/STM32F4xx_HAL_Driver/Src/stm32f4xx_hal_exti.o
LOAD Drivers/STM32F4xx_HAL_Driver/Src/stm32f4xx_hal_flash.o
LOAD Drivers/STM32F4xx_HAL_Driver/Src/stm32f4xx_hal_flash_ex.o
LOAD Drivers/STM32F4xx_HAL_Driver/Src/stm32f4xx_hal_flash_ramfunc.o
LOAD Drivers/STM32F4xx_HAL_Driver/Src/stm32f4xx_hal_gpio.o
LOAD Drivers/STM32F4xx_HAL_Driver/Src/stm32f4xx_hal_rcc.o
LOAD Drivers/STM32F4xx_HAL_Driver/Src/stm32f4xx_hal_rcc_ex.o
LOAD Drivers/STM32F4xx_HAL_Driver/Src/stm32f4xx_hal_rtc.o
LOAD Drivers/STM32F4xx_HAL_Driver/Src/stm32f4xx_hal_rtc_ex.o
LOAD Drivers/STM32F4xx_HAL_Driver/Src/stm32f4xx_hal_uart.o
LOAD Drivers/STM32F4xx_HAL_Driver/Src/stm32f4xx_hal_usart.o
LOAD Startup/startup_stm32f407vgtx.o
LOAD Third-Party/FreeRTOS/org/Source/CMSIS_RTOS_V2/cmsis_os2.o
LOAD Third-Party/FreeRTOS/org/Source/croutine.o
LOAD Third-Party/FreeRTOS/org/Source/event_groups.o
LOAD Third-Party/FreeRTOS/org/Source/list.o
LOAD Third-Party/FreeRTOS/org/Source/queue.o
LOAD Third-Party/FreeRTOS/org/Source/stream_buffer.o
LOAD Third-Party/FreeRTOS/org/Source/tasks.o
LOAD Third-Party/FreeRTOS/org/Source/timers.o
LOAD Third-Party/FreeRTOS/org/Source/portable/GCC/ARM_CM4F/port.o
LOAD Third-Party/FreeRTOS/org/Source/portable/MemMang/heap_4.o
LOAD Third-Party/SEGGER/Config/SEGGER_SYSVIEW_Config_FreeRTOS.o
LOAD Third-Party/SEGGER/OS/SEGGER_SYSVIEW_FreeRTOS.o
LOAD Third-Party/SEGGER/SEGGER/SEGGER_RTT.o
LOAD Third-Party/SEGGER/SEGGER/SEGGER_RTT_ASM_ARMv7M.o
LOAD Third-Party/SEGGER/SEGGER/SEGGER_SYSVIEW.o
START GROUP
LOAD c:/st/stm32cubeide_1.3.0/stm32cubeide/plugins/com.st.stm32cube.ide.mcu.externaltools.gnu-tools-for-stm32.7-2018-q2-update.win32_1.5.0.202011040924/tools/bin/../lib/gcc/arm-none-eabi/7.3.1/../../../../arm-none-eabi/lib/thumb/v7e-m/fpv4-sp/hard\libc_nano.a
LOAD c:/st/stm32cubeide_1.3.0/stm32cubeide/plugins/com.st.stm32cube.ide.mcu.externaltools.gnu-tools-for-stm32.7-2018-q2-update.win32_1.5.0.202011040924/tools/bin/../lib/gcc/arm-none-eabi/7.3.1/../../../../arm-none-eabi/lib/thumb/v7e-m/fpv4-sp/hard\libm.a
END GROUP
START GROUP
LOAD c:/st/stm32cubeide_1.3.0/stm32cubeide/plugins/com.st.stm32cube.ide.mcu.externaltools.gnu-tools-for-stm32.7-2018-q2-update.win32_1.5.0.202011040924/tools/bin/../lib/gcc/arm-none-eabi/7.3.1/thumb/v7e-m/fpv4-sp/hard\libgcc.a
LOAD c:/st/stm32cubeide_1.3.0/stm32cubeide/plugins/com.st.stm32cube.ide.mcu.externaltools.gnu-tools-for-stm32.7-2018-q2-update.win32_1.5.0.202011040924/tools/bin/../lib/gcc/arm-none-eabi/7.3.1/../../../../arm-none-eabi/lib/thumb/v7e-m/fpv4-sp/hard\libc_nano.a
END GROUP
START GROUP
LOAD c:/st/stm32cubeide_1.3.0/stm32cubeide/plugins/com.st.stm32cube.ide.mcu.externaltools.gnu-tools-for-stm32.7-2018-q2-update.win32_1.5.0.202011040924/tools/bin/../lib/gcc/arm-none-eabi/7.3.1/thumb/v7e-m/fpv4-sp/hard\libgcc.a
LOAD c:/st/stm32cubeide_1.3.0/stm32cubeide/plugins/com.st.stm32cube.ide.mcu.externaltools.gnu-tools-for-stm32.7-2018-q2-update.win32_1.5.0.202011040924/tools/bin/../lib/gcc/arm-none-eabi/7.3.1/../../../../arm-none-eabi/lib/thumb/v7e-m/fpv4-sp/hard\libc_nano.a
LOAD c:/st/stm32cubeide_1.3.0/stm32cubeide/plugins/com.st.stm32cube.ide.mcu.externaltools.gnu-tools-for-stm32.7-2018-q2-update.win32_1.5.0.202011040924/tools/bin/../lib/gcc/arm-none-eabi/7.3.1/../../../../arm-none-eabi/lib/thumb/v7e-m/fpv4-sp/hard\libnosys.a
END GROUP
START GROUP
LOAD c:/st/stm32cubeide_1.3.0/stm32cubeide/plugins/com.st.stm32cube.ide.mcu.externaltools.gnu-tools-for-stm32.7-2018-q2-update.win32_1.5.0.202011040924/tools/bin/../lib/gcc/arm-none-eabi/7.3.1/thumb/v7e-m/fpv4-sp/hard\libgcc.a
LOAD c:/st/stm32cubeide_1.3.0/stm32cubeide/plugins/com.st.stm32cube.ide.mcu.externaltools.gnu-tools-for-stm32.7-2018-q2-update.win32_1.5.0.202011040924/tools/bin/../lib/gcc/arm-none-eabi/7.3.1/../../../../arm-none-eabi/lib/thumb/v7e-m/fpv4-sp/hard\libc_nano.a
LOAD c:/st/stm32cubeide_1.3.0/stm32cubeide/plugins/com.st.stm32cube.ide.mcu.externaltools.gnu-tools-for-stm32.7-2018-q2-update.win32_1.5.0.202011040924/tools/bin/../lib/gcc/arm-none-eabi/7.3.1/../../../../arm-none-eabi/lib/thumb/v7e-m/fpv4-sp/hard\libnosys.a
END GROUP
LOAD c:/st/stm32cubeide_1.3.0/stm32cubeide/plugins/com.st.stm32cube.ide.mcu.externaltools.gnu-tools-for-stm32.7-2018-q2-update.win32_1.5.0.202011040924/tools/bin/../lib/gcc/arm-none-eabi/7.3.1/thumb/v7e-m/fpv4-sp/hard/crtend.o
LOAD c:/st/stm32cubeide_1.3.0/stm32cubeide/plugins/com.st.stm32cube.ide.mcu.externaltools.gnu-tools-for-stm32.7-2018-q2-update.win32_1.5.0.202011040924/tools/bin/../lib/gcc/arm-none-eabi/7.3.1/thumb/v7e-m/fpv4-sp/hard/crtn.o
                0x0000000020020000                _estack = (ORIGIN (RAM) + LENGTH (RAM))
                0x0000000000000200                _Min_Heap_Size = 0x200
                0x0000000000000400                _Min_Stack_Size = 0x400

.isr_vector     0x0000000008000000      0x1a8
                0x0000000008000000                . = ALIGN (0x4)
 *(.isr_vector)
 .isr_vector    0x0000000008000000      0x1a8 Startup/startup_stm32f407vgtx.o
                0x0000000008000000                g_pfnVectors
                0x00000000080001a8                . = ALIGN (0x4)

.text           0x00000000080001b0     0x7fcc
                0x00000000080001b0                . = ALIGN (0x4)
 *(.text)
 .text          0x00000000080001b0       0x40 c:/st/stm32cubeide_1.3.0/stm32cubeide/plugins/com.st.stm32cube.ide.mcu.externaltools.gnu-tools-for-stm32.7-2018-q2-update.win32_1.5.0.202011040924/tools/bin/../lib/gcc/arm-none-eabi/7.3.1/thumb/v7e-m/fpv4-sp/hard/crtbegin.o
 .text          0x00000000080001f0       0x8c Third-Party/SEGGER/SEGGER/SEGGER_RTT_ASM_ARMv7M.o
                0x00000000080001f0                SEGGER_RTT_ASM_WriteSkipNoLock
 .text          0x000000000800027c       0x10 c:/st/stm32cubeide_1.3.0/stm32cubeide/plugins/com.st.stm32cube.ide.mcu.externaltools.gnu-tools-for-stm32.7-2018-q2-update.win32_1.5.0.202011040924/tools/bin/../lib/gcc/arm-none-eabi/7.3.1/../../../../arm-none-eabi/lib/thumb/v7e-m/fpv4-sp/hard\libc_nano.a(lib_a-strlen.o)
                0x000000000800027c                strlen
 *fill*         0x000000000800028c        0x4 
 .text          0x0000000008000290       0xa0 c:/st/stm32cubeide_1.3.0/stm32cubeide/plugins/com.st.stm32cube.ide.mcu.externaltools.gnu-tools-for-stm32.7-2018-q2-update.win32_1.5.0.202011040924/tools/bin/../lib/gcc/arm-none-eabi/7.3.1/../../../../arm-none-eabi/lib/thumb/v7e-m/fpv4-sp/hard\libc_nano.a(lib_a-memchr.o)
                0x0000000008000290                memchr
 .text          0x0000000008000330       0x30 c:/st/stm32cubeide_1.3.0/stm32cubeide/plugins/com.st.stm32cube.ide.mcu.externaltools.gnu-tools-for-stm32.7-2018-q2-update.win32_1.5.0.202011040924/tools/bin/../lib/gcc/arm-none-eabi/7.3.1/thumb/v7e-m/fpv4-sp/hard\libgcc.a(_aeabi_uldivmod.o)
                0x0000000008000330                __aeabi_uldivmod
 .text          0x0000000008000360      0x2cc c:/st/stm32cubeide_1.3.0/stm32cubeide/plugins/com.st.stm32cube.ide.mcu.externaltools.gnu-tools-for-stm32.7-2018-q2-update.win32_1.5.0.202011040924/tools/bin/../lib/gcc/arm-none-eabi/7.3.1/thumb/v7e-m/fpv4-sp/hard\libgcc.a(_udivmoddi4.o)
                0x0000000008000360                __udivmoddi4
 .text          0x000000000800062c        0x4 c:/st/stm32cubeide_1.3.0/stm32cubeide/plugins/com.st.stm32cube.ide.mcu.externaltools.gnu-tools-for-stm32.7-2018-q2-update.win32_1.5.0.202011040924/tools/bin/../lib/gcc/arm-none-eabi/7.3.1/thumb/v7e-m/fpv4-sp/hard\libgcc.a(_dvmd_tls.o)
                0x000000000800062c                __aeabi_idiv0
                0x000000000800062c                __aeabi_ldiv0
 *(.text*)
 .text.USART2_UART_Init
                0x0000000008000630       0x54 Core/Src/Peripherals/usart2.o
                0x0000000008000630                USART2_UART_Init
 .text.UART2_write
                0x0000000008000684       0x2c Core/Src/Peripherals/usart2.o
                0x0000000008000684                UART2_write
 .text.main     0x00000000080006b0      0x12c Core/Src/main.o
                0x00000000080006b0                main
 .text.SystemClock_Config
                0x00000000080007dc       0x9e Core/Src/main.o
 *fill*         0x000000000800087a        0x2 
 .text.GPIO_Init
                0x000000000800087c       0xb4 Core/Src/main.o
 .text.RTC_Init
                0x0000000008000930        0xe Core/Src/main.o
 *fill*         0x000000000800093e        0x2 
 .text.vTask1_menu_display
                0x0000000008000940       0x38 Core/Src/main.o
                0x0000000008000940                vTask1_menu_display
 .text.vTask2_cmd_handling
                0x0000000008000978       0x64 Core/Src/main.o
                0x0000000008000978                vTask2_cmd_handling
 .text.vTask3_cmd_processing
                0x00000000080009dc       0xa8 Core/Src/main.o
                0x00000000080009dc                vTask3_cmd_processing
 .text.vTask4_cmd_uart_write
                0x0000000008000a84       0x2c Core/Src/main.o
                0x0000000008000a84                vTask4_cmd_uart_write
 .text.HAL_UART_RxCpltCallback
                0x0000000008000ab0       0xa4 Core/Src/main.o
                0x0000000008000ab0                HAL_UART_RxCpltCallback
 .text.getCommandCode
                0x0000000008000b54       0x1c Core/Src/main.o
                0x0000000008000b54                getCommandCode
 .text.getArguments
                0x0000000008000b70       0x14 Core/Src/main.o
                0x0000000008000b70                getArguments
 .text.print_error_message
                0x0000000008000b84       0x48 Core/Src/main.o
                0x0000000008000b84                print_error_message
 .text.make_led_on
                0x0000000008000bcc       0x18 Core/Src/main.o
                0x0000000008000bcc                make_led_on
 .text.make_led_off
                0x0000000008000be4       0x18 Core/Src/main.o
                0x0000000008000be4                make_led_off
 .text.read_led_status
                0x0000000008000bfc       0x44 Core/Src/main.o
                0x0000000008000bfc                read_led_status
 .text.led_toggle_start
                0x0000000008000c40       0x54 Core/Src/main.o
                0x0000000008000c40                led_toggle_start
 .text.led_toggle
                0x0000000008000c94       0x20 Core/Src/main.o
                0x0000000008000c94                led_toggle
 .text.led_toggle_stop
                0x0000000008000cb4       0x24 Core/Src/main.o
                0x0000000008000cb4                led_toggle_stop
 .text.read_rtc_info
                0x0000000008000cd8       0x5c Core/Src/main.o
                0x0000000008000cd8                read_rtc_info
 .text.exit_app
                0x0000000008000d34       0x58 Core/Src/main.o
                0x0000000008000d34                exit_app
 .text.vApplicationIdleHook
                0x0000000008000d8c       0x10 Core/Src/main.o
                0x0000000008000d8c                vApplicationIdleHook
 .text.Error_Handler
                0x0000000008000d9c        0x6 Core/Src/main.o
                0x0000000008000d9c                Error_Handler
 .text.HAL_MspInit
                0x0000000008000da2       0x1a Core/Src/stm32f4xx_hal_msp.o
                0x0000000008000da2                HAL_MspInit
 .text.HAL_UART_MspInit
                0x0000000008000dbc       0xa0 Core/Src/stm32f4xx_hal_msp.o
                0x0000000008000dbc                HAL_UART_MspInit
 .text.NMI_Handler
                0x0000000008000e5c        0xe Core/Src/stm32f4xx_it.o
                0x0000000008000e5c                NMI_Handler
 .text.HardFault_Handler
                0x0000000008000e6a        0x6 Core/Src/stm32f4xx_it.o
                0x0000000008000e6a                HardFault_Handler
 .text.MemManage_Handler
                0x0000000008000e70        0x6 Core/Src/stm32f4xx_it.o
                0x0000000008000e70                MemManage_Handler
 .text.BusFault_Handler
                0x0000000008000e76        0x6 Core/Src/stm32f4xx_it.o
                0x0000000008000e76                BusFault_Handler
 .text.UsageFault_Handler
                0x0000000008000e7c        0x6 Core/Src/stm32f4xx_it.o
                0x0000000008000e7c                UsageFault_Handler
 .text.SysTick_Handler
                0x0000000008000e82       0x10 Core/Src/stm32f4xx_it.o
                0x0000000008000e82                SysTick_Handler
 *fill*         0x0000000008000e92        0x2 
 .text.USART2_IRQHandler
                0x0000000008000e94       0x14 Core/Src/stm32f4xx_it.o
                0x0000000008000e94                USART2_IRQHandler
 .text._sbrk    0x0000000008000ea8       0x58 Core/Src/sysmem.o
                0x0000000008000ea8                _sbrk
 .text.SystemInit
                0x0000000008000f00       0x2c Core/Src/system_stm32f4xx.o
                0x0000000008000f00                SystemInit
 .text.HAL_Init
                0x0000000008000f2c       0x44 Drivers/STM32F4xx_HAL_Driver/Src/stm32f4xx_hal.o
                0x0000000008000f2c                HAL_Init
 .text.HAL_InitTick
                0x0000000008000f70       0x60 Drivers/STM32F4xx_HAL_Driver/Src/stm32f4xx_hal.o
                0x0000000008000f70                HAL_InitTick
 .text.HAL_IncTick
                0x0000000008000fd0       0x28 Drivers/STM32F4xx_HAL_Driver/Src/stm32f4xx_hal.o
                0x0000000008000fd0                HAL_IncTick
 .text.HAL_GetTick
                0x0000000008000ff8       0x18 Drivers/STM32F4xx_HAL_Driver/Src/stm32f4xx_hal.o
                0x0000000008000ff8                HAL_GetTick
 .text.__NVIC_SetPriorityGrouping
                0x0000000008001010       0x48 Drivers/STM32F4xx_HAL_Driver/Src/stm32f4xx_hal_cortex.o
 .text.__NVIC_GetPriorityGrouping
                0x0000000008001058       0x1c Drivers/STM32F4xx_HAL_Driver/Src/stm32f4xx_hal_cortex.o
 .text.__NVIC_EnableIRQ
                0x0000000008001074       0x3c Drivers/STM32F4xx_HAL_Driver/Src/stm32f4xx_hal_cortex.o
 .text.__NVIC_DisableIRQ
                0x00000000080010b0       0x44 Drivers/STM32F4xx_HAL_Driver/Src/stm32f4xx_hal_cortex.o
 .text.__NVIC_SetPriority
                0x00000000080010f4       0x54 Drivers/STM32F4xx_HAL_Driver/Src/stm32f4xx_hal_cortex.o
 .text.NVIC_EncodePriority
                0x0000000008001148       0x66 Drivers/STM32F4xx_HAL_Driver/Src/stm32f4xx_hal_cortex.o
 *fill*         0x00000000080011ae        0x2 
 .text.SysTick_Config
                0x00000000080011b0       0x44 Drivers/STM32F4xx_HAL_Driver/Src/stm32f4xx_hal_cortex.o
 .text.HAL_NVIC_SetPriorityGrouping
                0x00000000080011f4       0x16 Drivers/STM32F4xx_HAL_Driver/Src/stm32f4xx_hal_cortex.o
                0x00000000080011f4                HAL_NVIC_SetPriorityGrouping
 .text.HAL_NVIC_SetPriority
                0x000000000800120a       0x38 Drivers/STM32F4xx_HAL_Driver/Src/stm32f4xx_hal_cortex.o
                0x000000000800120a                HAL_NVIC_SetPriority
 .text.HAL_NVIC_EnableIRQ
                0x0000000008001242       0x1c Drivers/STM32F4xx_HAL_Driver/Src/stm32f4xx_hal_cortex.o
                0x0000000008001242                HAL_NVIC_EnableIRQ
 .text.HAL_NVIC_DisableIRQ
                0x000000000800125e       0x1c Drivers/STM32F4xx_HAL_Driver/Src/stm32f4xx_hal_cortex.o
                0x000000000800125e                HAL_NVIC_DisableIRQ
 .text.HAL_SYSTICK_Config
                0x000000000800127a       0x18 Drivers/STM32F4xx_HAL_Driver/Src/stm32f4xx_hal_cortex.o
                0x000000000800127a                HAL_SYSTICK_Config
 .text.HAL_DMA_Abort_IT
                0x0000000008001292       0x44 Drivers/STM32F4xx_HAL_Driver/Src/stm32f4xx_hal_dma.o
                0x0000000008001292                HAL_DMA_Abort_IT
 *fill*         0x00000000080012d6        0x2 
 .text.HAL_GPIO_Init
                0x00000000080012d8      0x334 Drivers/STM32F4xx_HAL_Driver/Src/stm32f4xx_hal_gpio.o
                0x00000000080012d8                HAL_GPIO_Init
 .text.HAL_GPIO_ReadPin
                0x000000000800160c       0x30 Drivers/STM32F4xx_HAL_Driver/Src/stm32f4xx_hal_gpio.o
                0x000000000800160c                HAL_GPIO_ReadPin
 .text.HAL_GPIO_WritePin
                0x000000000800163c       0x32 Drivers/STM32F4xx_HAL_Driver/Src/stm32f4xx_hal_gpio.o
                0x000000000800163c                HAL_GPIO_WritePin
 .text.HAL_GPIO_TogglePin
                0x000000000800166e       0x36 Drivers/STM32F4xx_HAL_Driver/Src/stm32f4xx_hal_gpio.o
                0x000000000800166e                HAL_GPIO_TogglePin
 .text.HAL_RCC_OscConfig
                0x00000000080016a4      0x4e0 Drivers/STM32F4xx_HAL_Driver/Src/stm32f4xx_hal_rcc.o
                0x00000000080016a4                HAL_RCC_OscConfig
 .text.HAL_RCC_ClockConfig
                0x0000000008001b84      0x1cc Drivers/STM32F4xx_HAL_Driver/Src/stm32f4xx_hal_rcc.o
                0x0000000008001b84                HAL_RCC_ClockConfig
 .text.HAL_RCC_GetSysClockFreq
                0x0000000008001d50      0x1b0 Drivers/STM32F4xx_HAL_Driver/Src/stm32f4xx_hal_rcc.o
                0x0000000008001d50                HAL_RCC_GetSysClockFreq
 .text.HAL_RCC_GetHCLKFreq
                0x0000000008001f00       0x18 Drivers/STM32F4xx_HAL_Driver/Src/stm32f4xx_hal_rcc.o
                0x0000000008001f00                HAL_RCC_GetHCLKFreq
 .text.HAL_RCC_GetPCLK1Freq
                0x0000000008001f18       0x28 Drivers/STM32F4xx_HAL_Driver/Src/stm32f4xx_hal_rcc.o
                0x0000000008001f18                HAL_RCC_GetPCLK1Freq
 .text.HAL_RCC_GetPCLK2Freq
                0x0000000008001f40       0x28 Drivers/STM32F4xx_HAL_Driver/Src/stm32f4xx_hal_rcc.o
                0x0000000008001f40                HAL_RCC_GetPCLK2Freq
 .text.HAL_UART_Init
                0x0000000008001f68       0x9a Drivers/STM32F4xx_HAL_Driver/Src/stm32f4xx_hal_uart.o
                0x0000000008001f68                HAL_UART_Init
 .text.HAL_UART_Transmit
                0x0000000008002002      0x132 Drivers/STM32F4xx_HAL_Driver/Src/stm32f4xx_hal_uart.o
                0x0000000008002002                HAL_UART_Transmit
 .text.HAL_UART_Receive_IT
                0x0000000008002134       0xaa Drivers/STM32F4xx_HAL_Driver/Src/stm32f4xx_hal_uart.o
                0x0000000008002134                HAL_UART_Receive_IT
 *fill*         0x00000000080021de        0x2 
 .text.HAL_UART_IRQHandler
                0x00000000080021e0      0x200 Drivers/STM32F4xx_HAL_Driver/Src/stm32f4xx_hal_uart.o
                0x00000000080021e0                HAL_UART_IRQHandler
 .text.HAL_UART_TxCpltCallback
                0x00000000080023e0       0x14 Drivers/STM32F4xx_HAL_Driver/Src/stm32f4xx_hal_uart.o
                0x00000000080023e0                HAL_UART_TxCpltCallback
 .text.HAL_UART_ErrorCallback
                0x00000000080023f4       0x14 Drivers/STM32F4xx_HAL_Driver/Src/stm32f4xx_hal_uart.o
                0x00000000080023f4                HAL_UART_ErrorCallback
 .text.UART_WaitOnFlagUntilTimeout
                0x0000000008002408       0x94 Drivers/STM32F4xx_HAL_Driver/Src/stm32f4xx_hal_uart.o
 .text.UART_EndRxTransfer
                0x000000000800249c       0x3c Drivers/STM32F4xx_HAL_Driver/Src/stm32f4xx_hal_uart.o
 .text.UART_DMAAbortOnError
                0x00000000080024d8       0x28 Drivers/STM32F4xx_HAL_Driver/Src/stm32f4xx_hal_uart.o
 .text.UART_Transmit_IT
                0x0000000008002500       0xac Drivers/STM32F4xx_HAL_Driver/Src/stm32f4xx_hal_uart.o
 .text.UART_EndTransmit_IT
                0x00000000080025ac       0x30 Drivers/STM32F4xx_HAL_Driver/Src/stm32f4xx_hal_uart.o
 .text.UART_Receive_IT
                0x00000000080025dc      0x102 Drivers/STM32F4xx_HAL_Driver/Src/stm32f4xx_hal_uart.o
 *fill*         0x00000000080026de        0x2 
 .text.UART_SetConfig
                0x00000000080026e0      0x6f8 Drivers/STM32F4xx_HAL_Driver/Src/stm32f4xx_hal_uart.o
 .text.Reset_Handler
                0x0000000008002dd8       0x50 Startup/startup_stm32f407vgtx.o
                0x0000000008002dd8                Reset_Handler
 .text.Default_Handler
                0x0000000008002e28        0x2 Startup/startup_stm32f407vgtx.o
                0x0000000008002e28                RTC_Alarm_IRQHandler
                0x0000000008002e28                HASH_RNG_IRQHandler
                0x0000000008002e28                EXTI2_IRQHandler
                0x0000000008002e28                TIM8_CC_IRQHandler
                0x0000000008002e28                DebugMon_Handler
                0x0000000008002e28                TIM1_CC_IRQHandler
                0x0000000008002e28                DMA2_Stream5_IRQHandler
                0x0000000008002e28                DMA1_Stream5_IRQHandler
                0x0000000008002e28                PVD_IRQHandler
                0x0000000008002e28                SDIO_IRQHandler
                0x0000000008002e28                TAMP_STAMP_IRQHandler
                0x0000000008002e28                CAN2_RX1_IRQHandler
                0x0000000008002e28                EXTI3_IRQHandler
                0x0000000008002e28                TIM8_TRG_COM_TIM14_IRQHandler
                0x0000000008002e28                TIM1_UP_TIM10_IRQHandler
                0x0000000008002e28                TIM8_UP_TIM13_IRQHandler
                0x0000000008002e28                I2C3_ER_IRQHandler
                0x0000000008002e28                LCD_TFT_IRQHandler
                0x0000000008002e28                EXTI0_IRQHandler
                0x0000000008002e28                I2C2_EV_IRQHandler
                0x0000000008002e28                DMA1_Stream2_IRQHandler
                0x0000000008002e28                CAN1_RX0_IRQHandler
                0x0000000008002e28                FPU_IRQHandler
                0x0000000008002e28                OTG_HS_WKUP_IRQHandler
                0x0000000008002e28                CAN2_SCE_IRQHandler
                0x0000000008002e28                DMA2_Stream2_IRQHandler
                0x0000000008002e28                SPI1_IRQHandler
                0x0000000008002e28                TIM6_DAC_IRQHandler
                0x0000000008002e28                TIM1_BRK_TIM9_IRQHandler
                0x0000000008002e28                DCMI_IRQHandler
                0x0000000008002e28                CAN2_RX0_IRQHandler
                0x0000000008002e28                DMA2_Stream3_IRQHandler
                0x0000000008002e28                USART6_IRQHandler
                0x0000000008002e28                USART3_IRQHandler
                0x0000000008002e28                CRYP_IRQHandler
                0x0000000008002e28                CAN1_RX1_IRQHandler
                0x0000000008002e28                UART5_IRQHandler
                0x0000000008002e28                DMA2_Stream0_IRQHandler
                0x0000000008002e28                TIM4_IRQHandler
                0x0000000008002e28                I2C1_EV_IRQHandler
                0x0000000008002e28                DMA1_Stream6_IRQHandler
                0x0000000008002e28                DMA1_Stream1_IRQHandler
                0x0000000008002e28                UART4_IRQHandler
                0x0000000008002e28                LCD_TFT_1_IRQHandler
                0x0000000008002e28                TIM3_IRQHandler
                0x0000000008002e28                RCC_IRQHandler
                0x0000000008002e28                TIM8_BRK_TIM12_IRQHandler
                0x0000000008002e28                Default_Handler
                0x0000000008002e28                EXTI15_10_IRQHandler
                0x0000000008002e28                ADC_IRQHandler
                0x0000000008002e28                DMA1_Stream7_IRQHandler
                0x0000000008002e28                TIM7_IRQHandler
                0x0000000008002e28                CAN2_TX_IRQHandler
                0x0000000008002e28                TIM5_IRQHandler
                0x0000000008002e28                DMA2_Stream7_IRQHandler
                0x0000000008002e28                I2C3_EV_IRQHandler
                0x0000000008002e28                EXTI9_5_IRQHandler
                0x0000000008002e28                RTC_WKUP_IRQHandler
                0x0000000008002e28                ETH_WKUP_IRQHandler
                0x0000000008002e28                SPI2_IRQHandler
                0x0000000008002e28                OTG_HS_EP1_IN_IRQHandler
                0x0000000008002e28                DMA1_Stream0_IRQHandler
                0x0000000008002e28                CAN1_TX_IRQHandler
                0x0000000008002e28                EXTI4_IRQHandler
                0x0000000008002e28                FSMC_IRQHandler
                0x0000000008002e28                ETH_IRQHandler
                0x0000000008002e28                OTG_HS_EP1_OUT_IRQHandler
                0x0000000008002e28                WWDG_IRQHandler
                0x0000000008002e28                TIM2_IRQHandler
                0x0000000008002e28                OTG_FS_WKUP_IRQHandler
                0x0000000008002e28                TIM1_TRG_COM_TIM11_IRQHandler
                0x0000000008002e28                OTG_HS_IRQHandler
                0x0000000008002e28                EXTI1_IRQHandler
                0x0000000008002e28                I2C2_ER_IRQHandler
                0x0000000008002e28                DMA2_Stream1_IRQHandler
                0x0000000008002e28                CAN1_SCE_IRQHandler
                0x0000000008002e28                DMA2_Stream4_IRQHandler
                0x0000000008002e28                USART1_IRQHandler
                0x0000000008002e28                OTG_FS_IRQHandler
                0x0000000008002e28                SPI3_IRQHandler
                0x0000000008002e28                DMA1_Stream4_IRQHandler
                0x0000000008002e28                I2C1_ER_IRQHandler
                0x0000000008002e28                DMA2_Stream6_IRQHandler
                0x0000000008002e28                DMA1_Stream3_IRQHandler
 .text.vApplicationMallocFailedHook
                0x0000000008002e2a        0xe Third-Party/FreeRTOS/org/Source/CMSIS_RTOS_V2/cmsis_os2.o
                0x0000000008002e2a                vApplicationMallocFailedHook
 .text.vApplicationGetIdleTaskMemory
                0x0000000008002e38       0x34 Third-Party/FreeRTOS/org/Source/CMSIS_RTOS_V2/cmsis_os2.o
                0x0000000008002e38                vApplicationGetIdleTaskMemory
 .text.vApplicationGetTimerTaskMemory
                0x0000000008002e6c       0x34 Third-Party/FreeRTOS/org/Source/CMSIS_RTOS_V2/cmsis_os2.o
                0x0000000008002e6c                vApplicationGetTimerTaskMemory
 .text.vListInitialise
                0x0000000008002ea0       0x40 Third-Party/FreeRTOS/org/Source/list.o
                0x0000000008002ea0                vListInitialise
 .text.vListInitialiseItem
                0x0000000008002ee0       0x1a Third-Party/FreeRTOS/org/Source/list.o
                0x0000000008002ee0                vListInitialiseItem
 .text.vListInsertEnd
                0x0000000008002efa       0x48 Third-Party/FreeRTOS/org/Source/list.o
                0x0000000008002efa                vListInsertEnd
 .text.vListInsert
                0x0000000008002f42       0x72 Third-Party/FreeRTOS/org/Source/list.o
                0x0000000008002f42                vListInsert
 .text.uxListRemove
                0x0000000008002fb4       0x54 Third-Party/FreeRTOS/org/Source/list.o
                0x0000000008002fb4                uxListRemove
 .text.xQueueGenericReset
                0x0000000008003008       0xd0 Third-Party/FreeRTOS/org/Source/queue.o
                0x0000000008003008                xQueueGenericReset
 .text.xQueueGenericCreateStatic
                0x00000000080030d8       0xe4 Third-Party/FreeRTOS/org/Source/queue.o
                0x00000000080030d8                xQueueGenericCreateStatic
 .text.xQueueGenericCreate
                0x00000000080031bc       0x7a Third-Party/FreeRTOS/org/Source/queue.o
                0x00000000080031bc                xQueueGenericCreate
 .text.prvInitialiseNewQueue
                0x0000000008003236       0x52 Third-Party/FreeRTOS/org/Source/queue.o
 .text.xQueueGenericSend
                0x0000000008003288      0x244 Third-Party/FreeRTOS/org/Source/queue.o
                0x0000000008003288                xQueueGenericSend
 .text.xQueueGenericSendFromISR
                0x00000000080034cc      0x150 Third-Party/FreeRTOS/org/Source/queue.o
                0x00000000080034cc                xQueueGenericSendFromISR
 .text.xQueueReceive
                0x000000000800361c      0x228 Third-Party/FreeRTOS/org/Source/queue.o
                0x000000000800361c                xQueueReceive
 .text.prvCopyDataToQueue
                0x0000000008003844       0xd4 Third-Party/FreeRTOS/org/Source/queue.o
 .text.prvCopyDataFromQueue
                0x0000000008003918       0x4c Third-Party/FreeRTOS/org/Source/queue.o
 .text.prvUnlockQueue
                0x0000000008003964       0xa4 Third-Party/FreeRTOS/org/Source/queue.o
 .text.prvIsQueueEmpty
                0x0000000008003a08       0x2c Third-Party/FreeRTOS/org/Source/queue.o
 .text.prvIsQueueFull
                0x0000000008003a34       0x30 Third-Party/FreeRTOS/org/Source/queue.o
 .text.vQueueAddToRegistry
                0x0000000008003a64       0x60 Third-Party/FreeRTOS/org/Source/queue.o
                0x0000000008003a64                vQueueAddToRegistry
 .text.vQueueWaitForMessageRestricted
                0x0000000008003ac4       0x68 Third-Party/FreeRTOS/org/Source/queue.o
                0x0000000008003ac4                vQueueWaitForMessageRestricted
 .text.xTaskCreateStatic
                0x0000000008003b2c       0xb2 Third-Party/FreeRTOS/org/Source/tasks.o
                0x0000000008003b2c                xTaskCreateStatic
 .text.xTaskCreate
                0x0000000008003bde       0x8a Third-Party/FreeRTOS/org/Source/tasks.o
                0x0000000008003bde                xTaskCreate
 .text.prvInitialiseNewTask
                0x0000000008003c68      0x10c Third-Party/FreeRTOS/org/Source/tasks.o
 .text.prvAddNewTaskToReadyList
                0x0000000008003d74      0x118 Third-Party/FreeRTOS/org/Source/tasks.o
 .text.vTaskDelete
                0x0000000008003e8c      0x138 Third-Party/FreeRTOS/org/Source/tasks.o
                0x0000000008003e8c                vTaskDelete
 .text.vTaskStartScheduler
                0x0000000008003fc4       0xc8 Third-Party/FreeRTOS/org/Source/tasks.o
                0x0000000008003fc4                vTaskStartScheduler
 .text.vTaskSuspendAll
                0x000000000800408c       0x1c Third-Party/FreeRTOS/org/Source/tasks.o
                0x000000000800408c                vTaskSuspendAll
 .text.xTaskResumeAll
                0x00000000080040a8      0x140 Third-Party/FreeRTOS/org/Source/tasks.o
                0x00000000080040a8                xTaskResumeAll
 .text.xTaskGetTickCount
                0x00000000080041e8       0x20 Third-Party/FreeRTOS/org/Source/tasks.o
                0x00000000080041e8                xTaskGetTickCount
 .text.xTaskGetTickCountFromISR
                0x0000000008004208       0x24 Third-Party/FreeRTOS/org/Source/tasks.o
                0x0000000008004208                xTaskGetTickCountFromISR
 .text.xTaskIncrementTick
                0x000000000800422c      0x180 Third-Party/FreeRTOS/org/Source/tasks.o
                0x000000000800422c                xTaskIncrementTick
 .text.vTaskSwitchContext
                0x00000000080043ac       0xdc Third-Party/FreeRTOS/org/Source/tasks.o
                0x00000000080043ac                vTaskSwitchContext
 .text.vTaskPlaceOnEventList
                0x0000000008004488       0x48 Third-Party/FreeRTOS/org/Source/tasks.o
                0x0000000008004488                vTaskPlaceOnEventList
 .text.vTaskPlaceOnEventListRestricted
                0x00000000080044d0       0x5c Third-Party/FreeRTOS/org/Source/tasks.o
                0x00000000080044d0                vTaskPlaceOnEventListRestricted
 .text.xTaskRemoveFromEventList
                0x000000000800452c       0xcc Third-Party/FreeRTOS/org/Source/tasks.o
                0x000000000800452c                xTaskRemoveFromEventList
 .text.vTaskInternalSetTimeOutState
                0x00000000080045f8       0x2c Third-Party/FreeRTOS/org/Source/tasks.o
                0x00000000080045f8                vTaskInternalSetTimeOutState
 .text.xTaskCheckForTimeOut
                0x0000000008004624       0xc0 Third-Party/FreeRTOS/org/Source/tasks.o
                0x0000000008004624                xTaskCheckForTimeOut
 .text.vTaskMissedYield
                0x00000000080046e4       0x18 Third-Party/FreeRTOS/org/Source/tasks.o
                0x00000000080046e4                vTaskMissedYield
 .text.prvIdleTask
                0x00000000080046fc       0x12 Third-Party/FreeRTOS/org/Source/tasks.o
 *fill*         0x000000000800470e        0x2 
 .text.prvInitialiseTaskLists
                0x0000000008004710       0x80 Third-Party/FreeRTOS/org/Source/tasks.o
 .text.prvCheckTasksWaitingTermination
                0x0000000008004790       0x58 Third-Party/FreeRTOS/org/Source/tasks.o
 .text.prvDeleteTCB
                0x00000000080047e8       0x5c Third-Party/FreeRTOS/org/Source/tasks.o
 .text.prvResetNextTaskUnblockTime
                0x0000000008004844       0x4c Third-Party/FreeRTOS/org/Source/tasks.o
 .text.xTaskGetSchedulerState
                0x0000000008004890       0x3c Third-Party/FreeRTOS/org/Source/tasks.o
                0x0000000008004890                xTaskGetSchedulerState
 .text.xTaskPriorityDisinherit
                0x00000000080048cc      0x110 Third-Party/FreeRTOS/org/Source/tasks.o
                0x00000000080048cc                xTaskPriorityDisinherit
 .text.xTaskNotifyWait
                0x00000000080049dc       0xc8 Third-Party/FreeRTOS/org/Source/tasks.o
                0x00000000080049dc                xTaskNotifyWait
 .text.xTaskGenericNotifyFromISR
                0x0000000008004aa4      0x1b4 Third-Party/FreeRTOS/org/Source/tasks.o
                0x0000000008004aa4                xTaskGenericNotifyFromISR
 .text.prvAddCurrentTaskToDelayedList
                0x0000000008004c58       0xf0 Third-Party/FreeRTOS/org/Source/tasks.o
 .text.xTimerCreateTimerTask
                0x0000000008004d48       0x90 Third-Party/FreeRTOS/org/Source/timers.o
                0x0000000008004d48                xTimerCreateTimerTask
 .text.xTimerCreate
                0x0000000008004dd8       0x42 Third-Party/FreeRTOS/org/Source/timers.o
                0x0000000008004dd8                xTimerCreate
 .text.prvInitialiseNewTimer
                0x0000000008004e1a       0x62 Third-Party/FreeRTOS/org/Source/timers.o
 .text.xTimerGenericCommand
                0x0000000008004e7c       0x98 Third-Party/FreeRTOS/org/Source/timers.o
                0x0000000008004e7c                xTimerGenericCommand
 .text.prvProcessExpiredTimer
                0x0000000008004f14       0x80 Third-Party/FreeRTOS/org/Source/timers.o
 .text.prvTimerTask
                0x0000000008004f94       0x24 Third-Party/FreeRTOS/org/Source/timers.o
 .text.prvProcessTimerOrBlockTask
                0x0000000008004fb8       0x9c Third-Party/FreeRTOS/org/Source/timers.o
 .text.prvGetNextExpireTime
                0x0000000008005054       0x48 Third-Party/FreeRTOS/org/Source/timers.o
 .text.prvSampleTimeNow
                0x000000000800509c       0x40 Third-Party/FreeRTOS/org/Source/timers.o
 .text.prvInsertTimerInActiveList
                0x00000000080050dc       0x84 Third-Party/FreeRTOS/org/Source/timers.o
 .text.prvProcessReceivedCommands
                0x0000000008005160      0x12c Third-Party/FreeRTOS/org/Source/timers.o
 .text.prvSwitchTimerLists
                0x000000000800528c       0xc0 Third-Party/FreeRTOS/org/Source/timers.o
 .text.prvCheckForValidListAndQueue
                0x000000000800534c       0x80 Third-Party/FreeRTOS/org/Source/timers.o
 .text.pxPortInitialiseStack
                0x00000000080053cc       0x68 Third-Party/FreeRTOS/org/Source/portable/GCC/ARM_CM4F/port.o
                0x00000000080053cc                pxPortInitialiseStack
 .text.prvTaskExitError
                0x0000000008005434       0x54 Third-Party/FreeRTOS/org/Source/portable/GCC/ARM_CM4F/port.o
 *fill*         0x0000000008005488        0x8 
 .text.SVC_Handler
                0x0000000008005490       0x28 Third-Party/FreeRTOS/org/Source/portable/GCC/ARM_CM4F/port.o
                0x0000000008005490                SVC_Handler
 .text.prvPortStartFirstTask
                0x00000000080054b8       0x28 Third-Party/FreeRTOS/org/Source/portable/GCC/ARM_CM4F/port.o
 .text.xPortStartScheduler
                0x00000000080054e0      0x13c Third-Party/FreeRTOS/org/Source/portable/GCC/ARM_CM4F/port.o
                0x00000000080054e0                xPortStartScheduler
 .text.vPortEnterCritical
                0x000000000800561c       0x5c Third-Party/FreeRTOS/org/Source/portable/GCC/ARM_CM4F/port.o
                0x000000000800561c                vPortEnterCritical
 .text.vPortExitCritical
                0x0000000008005678       0x50 Third-Party/FreeRTOS/org/Source/portable/GCC/ARM_CM4F/port.o
                0x0000000008005678                vPortExitCritical
 *fill*         0x00000000080056c8        0x8 
 .text.PendSV_Handler
                0x00000000080056d0       0x68 Third-Party/FreeRTOS/org/Source/portable/GCC/ARM_CM4F/port.o
                0x00000000080056d0                PendSV_Handler
 .text.xPortSysTickHandler
                0x0000000008005738       0x50 Third-Party/FreeRTOS/org/Source/portable/GCC/ARM_CM4F/port.o
                0x0000000008005738                xPortSysTickHandler
 .text.vPortSetupTimerInterrupt
                0x0000000008005788       0x48 Third-Party/FreeRTOS/org/Source/portable/GCC/ARM_CM4F/port.o
                0x0000000008005788                vPortSetupTimerInterrupt
 .text.vPortEnableVFP
                0x00000000080057d0       0x14 Third-Party/FreeRTOS/org/Source/portable/GCC/ARM_CM4F/port.o
 .text.vPortValidateInterruptPriority
                0x00000000080057e4       0x7c Third-Party/FreeRTOS/org/Source/portable/GCC/ARM_CM4F/port.o
                0x00000000080057e4                vPortValidateInterruptPriority
 .text.vSetVarulMaxPRIGROUPValue
                0x0000000008005860       0x8c Third-Party/FreeRTOS/org/Source/portable/GCC/ARM_CM4F/port.o
                0x0000000008005860                vSetVarulMaxPRIGROUPValue
 .text.pvPortMalloc
                0x00000000080058ec      0x18c Third-Party/FreeRTOS/org/Source/portable/MemMang/heap_4.o
                0x00000000080058ec                pvPortMalloc
 .text.vPortFree
                0x0000000008005a78       0xb0 Third-Party/FreeRTOS/org/Source/portable/MemMang/heap_4.o
                0x0000000008005a78                vPortFree
 .text.prvHeapInit
                0x0000000008005b28       0xc4 Third-Party/FreeRTOS/org/Source/portable/MemMang/heap_4.o
 .text.prvInsertBlockIntoFreeList
                0x0000000008005bec       0xb4 Third-Party/FreeRTOS/org/Source/portable/MemMang/heap_4.o
 .text._cbSendSystemDesc
                0x0000000008005ca0       0x1c Third-Party/SEGGER/Config/SEGGER_SYSVIEW_Config_FreeRTOS.o
 .text.SEGGER_SYSVIEW_Conf
                0x0000000008005cbc       0x2c Third-Party/SEGGER/Config/SEGGER_SYSVIEW_Config_FreeRTOS.o
                0x0000000008005cbc                SEGGER_SYSVIEW_Conf
 .text._cbSendTaskList
                0x0000000008005ce8       0x90 Third-Party/SEGGER/OS/SEGGER_SYSVIEW_FreeRTOS.o
 .text._cbGetTime
                0x0000000008005d78       0x76 Third-Party/SEGGER/OS/SEGGER_SYSVIEW_FreeRTOS.o
 *fill*         0x0000000008005dee        0x2 
 .text.SYSVIEW_AddTask
                0x0000000008005df0       0xd0 Third-Party/SEGGER/OS/SEGGER_SYSVIEW_FreeRTOS.o
                0x0000000008005df0                SYSVIEW_AddTask
 .text.SYSVIEW_DeleteTask
                0x0000000008005ec0      0x178 Third-Party/SEGGER/OS/SEGGER_SYSVIEW_FreeRTOS.o
                0x0000000008005ec0                SYSVIEW_DeleteTask
 .text.SYSVIEW_SendTaskInfo
                0x0000000008006038       0x42 Third-Party/SEGGER/OS/SEGGER_SYSVIEW_FreeRTOS.o
                0x0000000008006038                SYSVIEW_SendTaskInfo
 *fill*         0x000000000800607a        0x2 
 .text._DoInit  0x000000000800607c       0xa4 Third-Party/SEGGER/SEGGER/SEGGER_RTT.o
 .text.SEGGER_RTT_ReadNoLock
                0x0000000008006120      0x104 Third-Party/SEGGER/SEGGER/SEGGER_RTT.o
                0x0000000008006120                SEGGER_RTT_ReadNoLock
 .text.SEGGER_RTT_ConfigUpBuffer
                0x0000000008006224       0xd4 Third-Party/SEGGER/SEGGER/SEGGER_RTT.o
                0x0000000008006224                SEGGER_RTT_ConfigUpBuffer
 .text.SEGGER_RTT_ConfigDownBuffer
                0x00000000080062f8       0xd4 Third-Party/SEGGER/SEGGER/SEGGER_RTT.o
                0x00000000080062f8                SEGGER_RTT_ConfigDownBuffer
 .text._EncodeStr
                0x00000000080063cc       0x9a Third-Party/SEGGER/SEGGER/SEGGER_SYSVIEW.o
 .text._PreparePacket
                0x0000000008006466       0x18 Third-Party/SEGGER/SEGGER/SEGGER_SYSVIEW.o
 .text._HandleIncomingPacket
                0x000000000800647e       0xb8 Third-Party/SEGGER/SEGGER/SEGGER_SYSVIEW.o
 *fill*         0x0000000008006536        0x2 
 .text._TrySendOverflowPacket
                0x0000000008006538       0xe0 Third-Party/SEGGER/SEGGER/SEGGER_SYSVIEW.o
 .text._SendPacket
                0x0000000008006618      0x1a8 Third-Party/SEGGER/SEGGER/SEGGER_SYSVIEW.o
 .text.SEGGER_SYSVIEW_Init
                0x00000000080067c0       0x7c Third-Party/SEGGER/SEGGER/SEGGER_SYSVIEW.o
                0x00000000080067c0                SEGGER_SYSVIEW_Init
 .text.SEGGER_SYSVIEW_SetRAMBase
                0x000000000800683c       0x20 Third-Party/SEGGER/SEGGER/SEGGER_SYSVIEW.o
                0x000000000800683c                SEGGER_SYSVIEW_SetRAMBase
 .text.SEGGER_SYSVIEW_RecordVoid
                0x000000000800685c       0x3c Third-Party/SEGGER/SEGGER/SEGGER_SYSVIEW.o
                0x000000000800685c                SEGGER_SYSVIEW_RecordVoid
 .text.SEGGER_SYSVIEW_RecordU32
                0x0000000008006898       0x78 Third-Party/SEGGER/SEGGER/SEGGER_SYSVIEW.o
                0x0000000008006898                SEGGER_SYSVIEW_RecordU32
 .text.SEGGER_SYSVIEW_RecordU32x2
                0x0000000008006910       0xb4 Third-Party/SEGGER/SEGGER/SEGGER_SYSVIEW.o
                0x0000000008006910                SEGGER_SYSVIEW_RecordU32x2
 .text.SEGGER_SYSVIEW_RecordU32x3
                0x00000000080069c4       0xec Third-Party/SEGGER/SEGGER/SEGGER_SYSVIEW.o
                0x00000000080069c4                SEGGER_SYSVIEW_RecordU32x3
 .text.SEGGER_SYSVIEW_RecordU32x4
                0x0000000008006ab0      0x124 Third-Party/SEGGER/SEGGER/SEGGER_SYSVIEW.o
                0x0000000008006ab0                SEGGER_SYSVIEW_RecordU32x4
 .text.SEGGER_SYSVIEW_RecordU32x5
                0x0000000008006bd4      0x15c Third-Party/SEGGER/SEGGER/SEGGER_SYSVIEW.o
                0x0000000008006bd4                SEGGER_SYSVIEW_RecordU32x5
 .text.SEGGER_SYSVIEW_Start
                0x0000000008006d30      0x170 Third-Party/SEGGER/SEGGER/SEGGER_SYSVIEW.o
                0x0000000008006d30                SEGGER_SYSVIEW_Start
 .text.SEGGER_SYSVIEW_Stop
                0x0000000008006ea0       0x4c Third-Party/SEGGER/SEGGER/SEGGER_SYSVIEW.o
                0x0000000008006ea0                SEGGER_SYSVIEW_Stop
 .text.SEGGER_SYSVIEW_GetSysDesc
                0x0000000008006eec      0x134 Third-Party/SEGGER/SEGGER/SEGGER_SYSVIEW.o
                0x0000000008006eec                SEGGER_SYSVIEW_GetSysDesc
 .text.SEGGER_SYSVIEW_SendTaskInfo
                0x0000000008007020      0x1cc Third-Party/SEGGER/SEGGER/SEGGER_SYSVIEW.o
                0x0000000008007020                SEGGER_SYSVIEW_SendTaskInfo
 .text.SEGGER_SYSVIEW_SendTaskList
                0x00000000080071ec       0x28 Third-Party/SEGGER/SEGGER/SEGGER_SYSVIEW.o
                0x00000000080071ec                SEGGER_SYSVIEW_SendTaskList
 .text.SEGGER_SYSVIEW_SendSysDesc
                0x0000000008007214       0x48 Third-Party/SEGGER/SEGGER/SEGGER_SYSVIEW.o
                0x0000000008007214                SEGGER_SYSVIEW_SendSysDesc
 .text.SEGGER_SYSVIEW_RecordSystime
                0x000000000800725c       0x60 Third-Party/SEGGER/SEGGER/SEGGER_SYSVIEW.o
                0x000000000800725c                SEGGER_SYSVIEW_RecordSystime
 .text.SEGGER_SYSVIEW_RecordEnterISR
                0x00000000080072bc       0x84 Third-Party/SEGGER/SEGGER/SEGGER_SYSVIEW.o
                0x00000000080072bc                SEGGER_SYSVIEW_RecordEnterISR
 .text.SEGGER_SYSVIEW_RecordExitISR
                0x0000000008007340       0x38 Third-Party/SEGGER/SEGGER/SEGGER_SYSVIEW.o
                0x0000000008007340                SEGGER_SYSVIEW_RecordExitISR
 .text.SEGGER_SYSVIEW_RecordExitISRToScheduler
                0x0000000008007378       0x38 Third-Party/SEGGER/SEGGER/SEGGER_SYSVIEW.o
                0x0000000008007378                SEGGER_SYSVIEW_RecordExitISRToScheduler
 .text.SEGGER_SYSVIEW_OnIdle
                0x00000000080073b0       0x38 Third-Party/SEGGER/SEGGER/SEGGER_SYSVIEW.o
                0x00000000080073b0                SEGGER_SYSVIEW_OnIdle
 .text.SEGGER_SYSVIEW_OnTaskCreate
                0x00000000080073e8       0x88 Third-Party/SEGGER/SEGGER/SEGGER_SYSVIEW.o
                0x00000000080073e8                SEGGER_SYSVIEW_OnTaskCreate
 .text.SEGGER_SYSVIEW_OnTaskStartExec
                0x0000000008007470       0x88 Third-Party/SEGGER/SEGGER/SEGGER_SYSVIEW.o
                0x0000000008007470                SEGGER_SYSVIEW_OnTaskStartExec
 .text.SEGGER_SYSVIEW_OnTaskStartReady
                0x00000000080074f8       0x88 Third-Party/SEGGER/SEGGER/SEGGER_SYSVIEW.o
                0x00000000080074f8                SEGGER_SYSVIEW_OnTaskStartReady
 .text.SEGGER_SYSVIEW_OnTaskStopReady
                0x0000000008007580       0xc0 Third-Party/SEGGER/SEGGER/SEGGER_SYSVIEW.o
                0x0000000008007580                SEGGER_SYSVIEW_OnTaskStopReady
 .text.SEGGER_SYSVIEW_ShrinkId
                0x0000000008007640       0x24 Third-Party/SEGGER/SEGGER/SEGGER_SYSVIEW.o
                0x0000000008007640                SEGGER_SYSVIEW_ShrinkId
 .text.SEGGER_SYSVIEW_SendModule
                0x0000000008007664      0x100 Third-Party/SEGGER/SEGGER/SEGGER_SYSVIEW.o
                0x0000000008007664                SEGGER_SYSVIEW_SendModule
 .text.SEGGER_SYSVIEW_SendModuleDescription
                0x0000000008007764       0x3c Third-Party/SEGGER/SEGGER/SEGGER_SYSVIEW.o
                0x0000000008007764                SEGGER_SYSVIEW_SendModuleDescription
 .text.SEGGER_SYSVIEW_SendNumModules
                0x00000000080077a0       0x7c Third-Party/SEGGER/SEGGER/SEGGER_SYSVIEW.o
                0x00000000080077a0                SEGGER_SYSVIEW_SendNumModules
 .text.SEGGER_SYSVIEW_Warn
                0x000000000800781c       0xb8 Third-Party/SEGGER/SEGGER/SEGGER_SYSVIEW.o
                0x000000000800781c                SEGGER_SYSVIEW_Warn
 .text.__errno  0x00000000080078d4        0xc c:/st/stm32cubeide_1.3.0/stm32cubeide/plugins/com.st.stm32cube.ide.mcu.externaltools.gnu-tools-for-stm32.7-2018-q2-update.win32_1.5.0.202011040924/tools/bin/../lib/gcc/arm-none-eabi/7.3.1/../../../../arm-none-eabi/lib/thumb/v7e-m/fpv4-sp/hard\libc_nano.a(lib_a-errno.o)
                0x00000000080078d4                __errno
 .text.__libc_init_array
                0x00000000080078e0       0x48 c:/st/stm32cubeide_1.3.0/stm32cubeide/plugins/com.st.stm32cube.ide.mcu.externaltools.gnu-tools-for-stm32.7-2018-q2-update.win32_1.5.0.202011040924/tools/bin/../lib/gcc/arm-none-eabi/7.3.1/../../../../arm-none-eabi/lib/thumb/v7e-m/fpv4-sp/hard\libc_nano.a(lib_a-init.o)
                0x00000000080078e0                __libc_init_array
 .text.memcmp   0x0000000008007928       0x1e c:/st/stm32cubeide_1.3.0/stm32cubeide/plugins/com.st.stm32cube.ide.mcu.externaltools.gnu-tools-for-stm32.7-2018-q2-update.win32_1.5.0.202011040924/tools/bin/../lib/gcc/arm-none-eabi/7.3.1/../../../../arm-none-eabi/lib/thumb/v7e-m/fpv4-sp/hard\libc_nano.a(lib_a-memcmp.o)
                0x0000000008007928                memcmp
 .text.memcpy   0x0000000008007946       0x16 c:/st/stm32cubeide_1.3.0/stm32cubeide/plugins/com.st.stm32cube.ide.mcu.externaltools.gnu-tools-for-stm32.7-2018-q2-update.win32_1.5.0.202011040924/tools/bin/../lib/gcc/arm-none-eabi/7.3.1/../../../../arm-none-eabi/lib/thumb/v7e-m/fpv4-sp/hard\libc_nano.a(lib_a-memcpy-stub.o)
                0x0000000008007946                memcpy
 .text.memset   0x000000000800795c       0x10 c:/st/stm32cubeide_1.3.0/stm32cubeide/plugins/com.st.stm32cube.ide.mcu.externaltools.gnu-tools-for-stm32.7-2018-q2-update.win32_1.5.0.202011040924/tools/bin/../lib/gcc/arm-none-eabi/7.3.1/../../../../arm-none-eabi/lib/thumb/v7e-m/fpv4-sp/hard\libc_nano.a(lib_a-memset.o)
                0x000000000800795c                memset
 .text.sprintf  0x000000000800796c       0x40 c:/st/stm32cubeide_1.3.0/stm32cubeide/plugins/com.st.stm32cube.ide.mcu.externaltools.gnu-tools-for-stm32.7-2018-q2-update.win32_1.5.0.202011040924/tools/bin/../lib/gcc/arm-none-eabi/7.3.1/../../../../arm-none-eabi/lib/thumb/v7e-m/fpv4-sp/hard\libc_nano.a(lib_a-sprintf.o)
                0x000000000800796c                siprintf
                0x000000000800796c                sprintf
 .text.__ssputs_r
                0x00000000080079ac       0xb4 c:/st/stm32cubeide_1.3.0/stm32cubeide/plugins/com.st.stm32cube.ide.mcu.externaltools.gnu-tools-for-stm32.7-2018-q2-update.win32_1.5.0.202011040924/tools/bin/../lib/gcc/arm-none-eabi/7.3.1/../../../../arm-none-eabi/lib/thumb/v7e-m/fpv4-sp/hard\libc_nano.a(lib_a-nano-svfprintf.o)
                0x00000000080079ac                __ssputs_r
 .text._svfprintf_r
                0x0000000008007a60      0x1f0 c:/st/stm32cubeide_1.3.0/stm32cubeide/plugins/com.st.stm32cube.ide.mcu.externaltools.gnu-tools-for-stm32.7-2018-q2-update.win32_1.5.0.202011040924/tools/bin/../lib/gcc/arm-none-eabi/7.3.1/../../../../arm-none-eabi/lib/thumb/v7e-m/fpv4-sp/hard\libc_nano.a(lib_a-nano-svfprintf.o)
                0x0000000008007a60                _svfiprintf_r
                0x0000000008007a60                _svfprintf_r
 .text._printf_common
                0x0000000008007c50       0xea c:/st/stm32cubeide_1.3.0/stm32cubeide/plugins/com.st.stm32cube.ide.mcu.externaltools.gnu-tools-for-stm32.7-2018-q2-update.win32_1.5.0.202011040924/tools/bin/../lib/gcc/arm-none-eabi/7.3.1/../../../../arm-none-eabi/lib/thumb/v7e-m/fpv4-sp/hard\libc_nano.a(lib_a-nano-vfprintf_i.o)
                0x0000000008007c50                _printf_common
 *fill*         0x0000000008007d3a        0x2 
 .text._printf_i
                0x0000000008007d3c      0x224 c:/st/stm32cubeide_1.3.0/stm32cubeide/plugins/com.st.stm32cube.ide.mcu.externaltools.gnu-tools-for-stm32.7-2018-q2-update.win32_1.5.0.202011040924/tools/bin/../lib/gcc/arm-none-eabi/7.3.1/../../../../arm-none-eabi/lib/thumb/v7e-m/fpv4-sp/hard\libc_nano.a(lib_a-nano-vfprintf_i.o)
                0x0000000008007d3c                _printf_i
 .text.memmove  0x0000000008007f60       0x32 c:/st/stm32cubeide_1.3.0/stm32cubeide/plugins/com.st.stm32cube.ide.mcu.externaltools.gnu-tools-for-stm32.7-2018-q2-update.win32_1.5.0.202011040924/tools/bin/../lib/gcc/arm-none-eabi/7.3.1/../../../../arm-none-eabi/lib/thumb/v7e-m/fpv4-sp/hard\libc_nano.a(lib_a-memmove.o)
                0x0000000008007f60                memmove
 *fill*         0x0000000008007f92        0x2 
 .text._free_r  0x0000000008007f94       0x9c c:/st/stm32cubeide_1.3.0/stm32cubeide/plugins/com.st.stm32cube.ide.mcu.externaltools.gnu-tools-for-stm32.7-2018-q2-update.win32_1.5.0.202011040924/tools/bin/../lib/gcc/arm-none-eabi/7.3.1/../../../../arm-none-eabi/lib/thumb/v7e-m/fpv4-sp/hard\libc_nano.a(lib_a-nano-freer.o)
                0x0000000008007f94                _free_r
 .text._malloc_r
                0x0000000008008030       0xb4 c:/st/stm32cubeide_1.3.0/stm32cubeide/plugins/com.st.stm32cube.ide.mcu.externaltools.gnu-tools-for-stm32.7-2018-q2-update.win32_1.5.0.202011040924/tools/bin/../lib/gcc/arm-none-eabi/7.3.1/../../../../arm-none-eabi/lib/thumb/v7e-m/fpv4-sp/hard\libc_nano.a(lib_a-nano-mallocr.o)
                0x0000000008008030                _malloc_r
 .text._realloc_r
                0x00000000080080e4       0x4c c:/st/stm32cubeide_1.3.0/stm32cubeide/plugins/com.st.stm32cube.ide.mcu.externaltools.gnu-tools-for-stm32.7-2018-q2-update.win32_1.5.0.202011040924/tools/bin/../lib/gcc/arm-none-eabi/7.3.1/../../../../arm-none-eabi/lib/thumb/v7e-m/fpv4-sp/hard\libc_nano.a(lib_a-nano-reallocr.o)
                0x00000000080080e4                _realloc_r
 .text._sbrk_r  0x0000000008008130       0x20 c:/st/stm32cubeide_1.3.0/stm32cubeide/plugins/com.st.stm32cube.ide.mcu.externaltools.gnu-tools-for-stm32.7-2018-q2-update.win32_1.5.0.202011040924/tools/bin/../lib/gcc/arm-none-eabi/7.3.1/../../../../arm-none-eabi/lib/thumb/v7e-m/fpv4-sp/hard\libc_nano.a(lib_a-sbrkr.o)
                0x0000000008008130                _sbrk_r
 .text.__malloc_lock
                0x0000000008008150        0x2 c:/st/stm32cubeide_1.3.0/stm32cubeide/plugins/com.st.stm32cube.ide.mcu.externaltools.gnu-tools-for-stm32.7-2018-q2-update.win32_1.5.0.202011040924/tools/bin/../lib/gcc/arm-none-eabi/7.3.1/../../../../arm-none-eabi/lib/thumb/v7e-m/fpv4-sp/hard\libc_nano.a(lib_a-mlock.o)
                0x0000000008008150                __malloc_lock
 .text.__malloc_unlock
                0x0000000008008152        0x2 c:/st/stm32cubeide_1.3.0/stm32cubeide/plugins/com.st.stm32cube.ide.mcu.externaltools.gnu-tools-for-stm32.7-2018-q2-update.win32_1.5.0.202011040924/tools/bin/../lib/gcc/arm-none-eabi/7.3.1/../../../../arm-none-eabi/lib/thumb/v7e-m/fpv4-sp/hard\libc_nano.a(lib_a-mlock.o)
                0x0000000008008152                __malloc_unlock
 .text._malloc_usable_size_r
                0x0000000008008154       0x10 c:/st/stm32cubeide_1.3.0/stm32cubeide/plugins/com.st.stm32cube.ide.mcu.externaltools.gnu-tools-for-stm32.7-2018-q2-update.win32_1.5.0.202011040924/tools/bin/../lib/gcc/arm-none-eabi/7.3.1/../../../../arm-none-eabi/lib/thumb/v7e-m/fpv4-sp/hard\libc_nano.a(lib_a-nano-msizer.o)
                0x0000000008008154                _malloc_usable_size_r
 *(.glue_7)
 .glue_7        0x0000000008008164        0x0 linker stubs
 *(.glue_7t)
 .glue_7t       0x0000000008008164        0x0 linker stubs
 *(.eh_frame)
 .eh_frame      0x0000000008008164        0x0 c:/st/stm32cubeide_1.3.0/stm32cubeide/plugins/com.st.stm32cube.ide.mcu.externaltools.gnu-tools-for-stm32.7-2018-q2-update.win32_1.5.0.202011040924/tools/bin/../lib/gcc/arm-none-eabi/7.3.1/thumb/v7e-m/fpv4-sp/hard/crtbegin.o
 *(.init)
 .init          0x0000000008008164        0x4 c:/st/stm32cubeide_1.3.0/stm32cubeide/plugins/com.st.stm32cube.ide.mcu.externaltools.gnu-tools-for-stm32.7-2018-q2-update.win32_1.5.0.202011040924/tools/bin/../lib/gcc/arm-none-eabi/7.3.1/thumb/v7e-m/fpv4-sp/hard/crti.o
                0x0000000008008164                _init
 .init          0x0000000008008168        0x8 c:/st/stm32cubeide_1.3.0/stm32cubeide/plugins/com.st.stm32cube.ide.mcu.externaltools.gnu-tools-for-stm32.7-2018-q2-update.win32_1.5.0.202011040924/tools/bin/../lib/gcc/arm-none-eabi/7.3.1/thumb/v7e-m/fpv4-sp/hard/crtn.o
 *(.fini)
 .fini          0x0000000008008170        0x4 c:/st/stm32cubeide_1.3.0/stm32cubeide/plugins/com.st.stm32cube.ide.mcu.externaltools.gnu-tools-for-stm32.7-2018-q2-update.win32_1.5.0.202011040924/tools/bin/../lib/gcc/arm-none-eabi/7.3.1/thumb/v7e-m/fpv4-sp/hard/crti.o
                0x0000000008008170                _fini
 .fini          0x0000000008008174        0x8 c:/st/stm32cubeide_1.3.0/stm32cubeide/plugins/com.st.stm32cube.ide.mcu.externaltools.gnu-tools-for-stm32.7-2018-q2-update.win32_1.5.0.202011040924/tools/bin/../lib/gcc/arm-none-eabi/7.3.1/thumb/v7e-m/fpv4-sp/hard/crtn.o
                0x000000000800817c                . = ALIGN (0x4)
                0x000000000800817c                _etext = .

.vfp11_veneer   0x000000000800817c        0x0
 .vfp11_veneer  0x000000000800817c        0x0 linker stubs

.v4_bx          0x000000000800817c        0x0
 .v4_bx         0x000000000800817c        0x0 linker stubs

.iplt           0x000000000800817c        0x0
 .iplt          0x000000000800817c        0x0 c:/st/stm32cubeide_1.3.0/stm32cubeide/plugins/com.st.stm32cube.ide.mcu.externaltools.gnu-tools-for-stm32.7-2018-q2-update.win32_1.5.0.202011040924/tools/bin/../lib/gcc/arm-none-eabi/7.3.1/thumb/v7e-m/fpv4-sp/hard/crtbegin.o

.rodata         0x000000000800817c      0x298
                0x000000000800817c                . = ALIGN (0x4)
 *(.rodata)
 .rodata        0x000000000800817c      0x162 Core/Src/main.o
 *fill*         0x00000000080082de        0x2 
 .rodata        0x00000000080082e0        0x5 Third-Party/FreeRTOS/org/Source/tasks.o
 *fill*         0x00000000080082e5        0x3 
 .rodata        0x00000000080082e8        0xd Third-Party/FreeRTOS/org/Source/timers.o
 *fill*         0x00000000080082f5        0x3 
 .rodata        0x00000000080082f8       0x41 Third-Party/SEGGER/Config/SEGGER_SYSVIEW_Config_FreeRTOS.o
 *fill*         0x0000000008008339        0x3 
 .rodata        0x000000000800833c       0x58 Third-Party/SEGGER/OS/SEGGER_SYSVIEW_FreeRTOS.o
 .rodata        0x0000000008008394       0x17 Third-Party/SEGGER/SEGGER/SEGGER_RTT.o
 *fill*         0x00000000080083ab        0x1 
 .rodata        0x00000000080083ac        0x8 Third-Party/SEGGER/SEGGER/SEGGER_SYSVIEW.o
 *(.rodata*)
 .rodata.AHBPrescTable
                0x00000000080083b4       0x10 Core/Src/system_stm32f4xx.o
                0x00000000080083b4                AHBPrescTable
 .rodata.APBPrescTable
                0x00000000080083c4        0x8 Core/Src/system_stm32f4xx.o
                0x00000000080083c4                APBPrescTable
 .rodata.SYSVIEW_X_OS_TraceAPI
                0x00000000080083cc        0x8 Third-Party/SEGGER/OS/SEGGER_SYSVIEW_FreeRTOS.o
                0x00000000080083cc                SYSVIEW_X_OS_TraceAPI
 .rodata._abSync
                0x00000000080083d4        0xa Third-Party/SEGGER/SEGGER/SEGGER_SYSVIEW.o
 .rodata._svfprintf_r.str1.1
                0x00000000080083de       0x11 c:/st/stm32cubeide_1.3.0/stm32cubeide/plugins/com.st.stm32cube.ide.mcu.externaltools.gnu-tools-for-stm32.7-2018-q2-update.win32_1.5.0.202011040924/tools/bin/../lib/gcc/arm-none-eabi/7.3.1/../../../../arm-none-eabi/lib/thumb/v7e-m/fpv4-sp/hard\libc_nano.a(lib_a-nano-svfprintf.o)
 .rodata._printf_i.str1.1
                0x00000000080083ef       0x22 c:/st/stm32cubeide_1.3.0/stm32cubeide/plugins/com.st.stm32cube.ide.mcu.externaltools.gnu-tools-for-stm32.7-2018-q2-update.win32_1.5.0.202011040924/tools/bin/../lib/gcc/arm-none-eabi/7.3.1/../../../../arm-none-eabi/lib/thumb/v7e-m/fpv4-sp/hard\libc_nano.a(lib_a-nano-vfprintf_i.o)
                0x0000000008008414                . = ALIGN (0x4)
 *fill*         0x0000000008008411        0x3 

.ARM.extab      0x0000000008008414        0x0
                0x0000000008008414                . = ALIGN (0x4)
 *(.ARM.extab* .gnu.linkonce.armextab.*)
                0x0000000008008414                . = ALIGN (0x4)

.ARM            0x0000000008008414        0x8
                0x0000000008008414                . = ALIGN (0x4)
                0x0000000008008414                __exidx_start = .
 *(.ARM.exidx*)
 .ARM.exidx     0x0000000008008414        0x8 c:/st/stm32cubeide_1.3.0/stm32cubeide/plugins/com.st.stm32cube.ide.mcu.externaltools.gnu-tools-for-stm32.7-2018-q2-update.win32_1.5.0.202011040924/tools/bin/../lib/gcc/arm-none-eabi/7.3.1/thumb/v7e-m/fpv4-sp/hard\libgcc.a(_udivmoddi4.o)
                0x000000000800841c                __exidx_end = .
                0x000000000800841c                . = ALIGN (0x4)

.rel.dyn        0x000000000800841c        0x0
 .rel.iplt      0x000000000800841c        0x0 c:/st/stm32cubeide_1.3.0/stm32cubeide/plugins/com.st.stm32cube.ide.mcu.externaltools.gnu-tools-for-stm32.7-2018-q2-update.win32_1.5.0.202011040924/tools/bin/../lib/gcc/arm-none-eabi/7.3.1/thumb/v7e-m/fpv4-sp/hard/crtbegin.o

.preinit_array  0x000000000800841c        0x0
                0x000000000800841c                . = ALIGN (0x4)
                0x000000000800841c                PROVIDE (__preinit_array_start = .)
 *(.preinit_array*)
                0x000000000800841c                PROVIDE (__preinit_array_end = .)
                0x000000000800841c                . = ALIGN (0x4)

.init_array     0x000000000800841c        0x4
                0x000000000800841c                . = ALIGN (0x4)
                0x000000000800841c                PROVIDE (__init_array_start = .)
 *(SORT_BY_NAME(.init_array.*))
 *(.init_array*)
 .init_array    0x000000000800841c        0x4 c:/st/stm32cubeide_1.3.0/stm32cubeide/plugins/com.st.stm32cube.ide.mcu.externaltools.gnu-tools-for-stm32.7-2018-q2-update.win32_1.5.0.202011040924/tools/bin/../lib/gcc/arm-none-eabi/7.3.1/thumb/v7e-m/fpv4-sp/hard/crtbegin.o
                0x0000000008008420                PROVIDE (__init_array_end = .)
                0x0000000008008420                . = ALIGN (0x4)

.fini_array     0x0000000008008420        0x4
                0x0000000008008420                . = ALIGN (0x4)
                [!provide]                        PROVIDE (__fini_array_start = .)
 *(SORT_BY_NAME(.fini_array.*))
 *(.fini_array*)
 .fini_array    0x0000000008008420        0x4 c:/st/stm32cubeide_1.3.0/stm32cubeide/plugins/com.st.stm32cube.ide.mcu.externaltools.gnu-tools-for-stm32.7-2018-q2-update.win32_1.5.0.202011040924/tools/bin/../lib/gcc/arm-none-eabi/7.3.1/thumb/v7e-m/fpv4-sp/hard/crtbegin.o
                [!provide]                        PROVIDE (__fini_array_end = .)
                0x0000000008008424                . = ALIGN (0x4)
                0x0000000008008424                _sidata = LOADADDR (.data)

.data           0x0000000020000000      0x13c load address 0x0000000008008424
                0x0000000020000000                . = ALIGN (0x4)
                0x0000000020000000                _sdata = .
 *(.data)
 *(.data*)
 .data.menu     0x0000000020000000       0xc5 Core/Src/main.o
                0x0000000020000000                menu
 *fill*         0x00000000200000c5        0x3 
 .data.SystemCoreClock
                0x00000000200000c8        0x4 Core/Src/system_stm32f4xx.o
                0x00000000200000c8                SystemCoreClock
 .data.uwTickPrio
                0x00000000200000cc        0x4 Drivers/STM32F4xx_HAL_Driver/Src/stm32f4xx_hal.o
                0x00000000200000cc                uwTickPrio
 .data.uwTickFreq
                0x00000000200000d0        0x1 Drivers/STM32F4xx_HAL_Driver/Src/stm32f4xx_hal.o
                0x00000000200000d0                uwTickFreq
 *fill*         0x00000000200000d1        0x3 
 .data.uxCriticalNesting
                0x00000000200000d4        0x4 Third-Party/FreeRTOS/org/Source/portable/GCC/ARM_CM4F/port.o
 .data._impure_ptr
                0x00000000200000d8        0x4 c:/st/stm32cubeide_1.3.0/stm32cubeide/plugins/com.st.stm32cube.ide.mcu.externaltools.gnu-tools-for-stm32.7-2018-q2-update.win32_1.5.0.202011040924/tools/bin/../lib/gcc/arm-none-eabi/7.3.1/../../../../arm-none-eabi/lib/thumb/v7e-m/fpv4-sp/hard\libc_nano.a(lib_a-impure.o)
                0x00000000200000d8                _impure_ptr
 .data.impure_data
                0x00000000200000dc       0x60 c:/st/stm32cubeide_1.3.0/stm32cubeide/plugins/com.st.stm32cube.ide.mcu.externaltools.gnu-tools-for-stm32.7-2018-q2-update.win32_1.5.0.202011040924/tools/bin/../lib/gcc/arm-none-eabi/7.3.1/../../../../arm-none-eabi/lib/thumb/v7e-m/fpv4-sp/hard\libc_nano.a(lib_a-impure.o)
                0x000000002000013c                . = ALIGN (0x4)
                0x000000002000013c                _edata = .

.igot.plt       0x000000002000013c        0x0 load address 0x0000000008008560
 .igot.plt      0x000000002000013c        0x0 c:/st/stm32cubeide_1.3.0/stm32cubeide/plugins/com.st.stm32cube.ide.mcu.externaltools.gnu-tools-for-stm32.7-2018-q2-update.win32_1.5.0.202011040924/tools/bin/../lib/gcc/arm-none-eabi/7.3.1/thumb/v7e-m/fpv4-sp/hard/crtbegin.o
                0x000000002000013c                . = ALIGN (0x4)

.bss            0x000000002000013c    0x15cd4 load address 0x0000000008008560
                0x000000002000013c                _sbss = .
                0x000000002000013c                __bss_start__ = _sbss
 *(.bss)
 .bss           0x000000002000013c       0x1c c:/st/stm32cubeide_1.3.0/stm32cubeide/plugins/com.st.stm32cube.ide.mcu.externaltools.gnu-tools-for-stm32.7-2018-q2-update.win32_1.5.0.202011040924/tools/bin/../lib/gcc/arm-none-eabi/7.3.1/thumb/v7e-m/fpv4-sp/hard/crtbegin.o
 *(.bss*)
 .bss.xTaskHandler1
                0x0000000020000158        0x4 Core/Src/main.o
                0x0000000020000158                xTaskHandler1
 .bss.xTaskHandler2
                0x000000002000015c        0x4 Core/Src/main.o
                0x000000002000015c                xTaskHandler2
 .bss.xTaskHandler3
                0x0000000020000160        0x4 Core/Src/main.o
                0x0000000020000160                xTaskHandler3
 .bss.xTaskHandler4
                0x0000000020000164        0x4 Core/Src/main.o
                0x0000000020000164                xTaskHandler4
 .bss.command_queue
                0x0000000020000168        0x4 Core/Src/main.o
                0x0000000020000168                command_queue
 .bss.uart_write_queue
                0x000000002000016c        0x4 Core/Src/main.o
                0x000000002000016c                uart_write_queue
 .bss.command_len
                0x0000000020000170        0x1 Core/Src/main.o
                0x0000000020000170                command_len
 *fill*         0x0000000020000171        0x3 
 .bss.led_timer_handle
                0x0000000020000174        0x4 Core/Src/main.o
                0x0000000020000174                led_timer_handle
 .bss.heap_end.6424
                0x0000000020000178        0x4 Core/Src/sysmem.o
 .bss.Idle_TCB  0x000000002000017c       0x58 Third-Party/FreeRTOS/org/Source/CMSIS_RTOS_V2/cmsis_os2.o
 .bss.Idle_Stack
                0x00000000200001d4      0x208 Third-Party/FreeRTOS/org/Source/CMSIS_RTOS_V2/cmsis_os2.o
 .bss.Timer_TCB
                0x00000000200003dc       0x58 Third-Party/FreeRTOS/org/Source/CMSIS_RTOS_V2/cmsis_os2.o
 .bss.Timer_Stack
                0x0000000020000434      0x410 Third-Party/FreeRTOS/org/Source/CMSIS_RTOS_V2/cmsis_os2.o
 .bss.pxCurrentTCB
                0x0000000020000844        0x4 Third-Party/FreeRTOS/org/Source/tasks.o
                0x0000000020000844                pxCurrentTCB
 .bss.pxReadyTasksLists
                0x0000000020000848       0x64 Third-Party/FreeRTOS/org/Source/tasks.o
 .bss.xDelayedTaskList1
                0x00000000200008ac       0x14 Third-Party/FreeRTOS/org/Source/tasks.o
 .bss.xDelayedTaskList2
                0x00000000200008c0       0x14 Third-Party/FreeRTOS/org/Source/tasks.o
 .bss.pxDelayedTaskList
                0x00000000200008d4        0x4 Third-Party/FreeRTOS/org/Source/tasks.o
 .bss.pxOverflowDelayedTaskList
                0x00000000200008d8        0x4 Third-Party/FreeRTOS/org/Source/tasks.o
 .bss.xPendingReadyList
                0x00000000200008dc       0x14 Third-Party/FreeRTOS/org/Source/tasks.o
 .bss.xTasksWaitingTermination
                0x00000000200008f0       0x14 Third-Party/FreeRTOS/org/Source/tasks.o
 .bss.uxDeletedTasksWaitingCleanUp
                0x0000000020000904        0x4 Third-Party/FreeRTOS/org/Source/tasks.o
 .bss.xSuspendedTaskList
                0x0000000020000908       0x14 Third-Party/FreeRTOS/org/Source/tasks.o
 .bss.uxCurrentNumberOfTasks
                0x000000002000091c        0x4 Third-Party/FreeRTOS/org/Source/tasks.o
 .bss.xTickCount
                0x0000000020000920        0x4 Third-Party/FreeRTOS/org/Source/tasks.o
 .bss.uxTopReadyPriority
                0x0000000020000924        0x4 Third-Party/FreeRTOS/org/Source/tasks.o
 .bss.xSchedulerRunning
                0x0000000020000928        0x4 Third-Party/FreeRTOS/org/Source/tasks.o
 .bss.uxPendedTicks
                0x000000002000092c        0x4 Third-Party/FreeRTOS/org/Source/tasks.o
 .bss.xYieldPending
                0x0000000020000930        0x4 Third-Party/FreeRTOS/org/Source/tasks.o
 .bss.xNumOfOverflows
                0x0000000020000934        0x4 Third-Party/FreeRTOS/org/Source/tasks.o
 .bss.uxTaskNumber
                0x0000000020000938        0x4 Third-Party/FreeRTOS/org/Source/tasks.o
 .bss.xNextTaskUnblockTime
                0x000000002000093c        0x4 Third-Party/FreeRTOS/org/Source/tasks.o
 .bss.xIdleTaskHandle
                0x0000000020000940        0x4 Third-Party/FreeRTOS/org/Source/tasks.o
 .bss.uxSchedulerSuspended
                0x0000000020000944        0x4 Third-Party/FreeRTOS/org/Source/tasks.o
 .bss.xActiveTimerList1
                0x0000000020000948       0x14 Third-Party/FreeRTOS/org/Source/timers.o
 .bss.xActiveTimerList2
                0x000000002000095c       0x14 Third-Party/FreeRTOS/org/Source/timers.o
 .bss.pxCurrentTimerList
                0x0000000020000970        0x4 Third-Party/FreeRTOS/org/Source/timers.o
 .bss.pxOverflowTimerList
                0x0000000020000974        0x4 Third-Party/FreeRTOS/org/Source/timers.o
 .bss.xTimerQueue
                0x0000000020000978        0x4 Third-Party/FreeRTOS/org/Source/timers.o
 .bss.xTimerTaskHandle
                0x000000002000097c        0x4 Third-Party/FreeRTOS/org/Source/timers.o
 .bss.xLastTime.7142
                0x0000000020000980        0x4 Third-Party/FreeRTOS/org/Source/timers.o
 .bss.ucStaticTimerQueueStorage.7191
                0x0000000020000984       0x78 Third-Party/FreeRTOS/org/Source/timers.o
 .bss.xStaticTimerQueue.7190
                0x00000000200009fc       0x50 Third-Party/FreeRTOS/org/Source/timers.o
 .bss.ucMaxSysCallPriority
                0x0000000020000a4c        0x1 Third-Party/FreeRTOS/org/Source/portable/GCC/ARM_CM4F/port.o
 *fill*         0x0000000020000a4d        0x3 
 .bss.ulMaxPRIGROUPValue
                0x0000000020000a50        0x4 Third-Party/FreeRTOS/org/Source/portable/GCC/ARM_CM4F/port.o
 .bss.ucHeap    0x0000000020000a54    0x12c00 Third-Party/FreeRTOS/org/Source/portable/MemMang/heap_4.o
 .bss.xStart    0x0000000020013654        0x8 Third-Party/FreeRTOS/org/Source/portable/MemMang/heap_4.o
 .bss.pxEnd     0x000000002001365c        0x4 Third-Party/FreeRTOS/org/Source/portable/MemMang/heap_4.o
 .bss.xFreeBytesRemaining
                0x0000000020013660        0x4 Third-Party/FreeRTOS/org/Source/portable/MemMang/heap_4.o
 .bss.xMinimumEverFreeBytesRemaining
                0x0000000020013664        0x4 Third-Party/FreeRTOS/org/Source/portable/MemMang/heap_4.o
 .bss.xBlockAllocatedBit
                0x0000000020013668        0x4 Third-Party/FreeRTOS/org/Source/portable/MemMang/heap_4.o
 .bss._aTasks   0x000000002001366c       0xa0 Third-Party/SEGGER/OS/SEGGER_SYSVIEW_FreeRTOS.o
 .bss._NumTasks
                0x000000002001370c        0x4 Third-Party/SEGGER/OS/SEGGER_SYSVIEW_FreeRTOS.o
 .bss._acUpBuffer
                0x0000000020013710      0x400 Third-Party/SEGGER/SEGGER/SEGGER_RTT.o
 .bss._acDownBuffer
                0x0000000020013b10       0x10 Third-Party/SEGGER/SEGGER/SEGGER_RTT.o
 .bss._UpBuffer
                0x0000000020013b20     0x2000 Third-Party/SEGGER/SEGGER/SEGGER_SYSVIEW.o
 .bss._DownBuffer
                0x0000000020015b20        0x8 Third-Party/SEGGER/SEGGER/SEGGER_SYSVIEW.o
 .bss._SYSVIEW_Globals
                0x0000000020015b28       0x28 Third-Party/SEGGER/SEGGER/SEGGER_SYSVIEW.o
 .bss._pFirstModule
                0x0000000020015b50        0x4 Third-Party/SEGGER/SEGGER/SEGGER_SYSVIEW.o
 .bss._NumModules
                0x0000000020015b54        0x1 Third-Party/SEGGER/SEGGER/SEGGER_SYSVIEW.o
 *fill*         0x0000000020015b55        0x3 
 .bss._aPacket  0x0000000020015b58       0xe3 Third-Party/SEGGER/SEGGER/SEGGER_SYSVIEW.o
 *fill*         0x0000000020015c3b        0x1 
 .bss.__malloc_free_list
                0x0000000020015c3c        0x4 c:/st/stm32cubeide_1.3.0/stm32cubeide/plugins/com.st.stm32cube.ide.mcu.externaltools.gnu-tools-for-stm32.7-2018-q2-update.win32_1.5.0.202011040924/tools/bin/../lib/gcc/arm-none-eabi/7.3.1/../../../../arm-none-eabi/lib/thumb/v7e-m/fpv4-sp/hard\libc_nano.a(lib_a-nano-mallocr.o)
                0x0000000020015c3c                __malloc_free_list
 .bss.__malloc_sbrk_start
                0x0000000020015c40        0x4 c:/st/stm32cubeide_1.3.0/stm32cubeide/plugins/com.st.stm32cube.ide.mcu.externaltools.gnu-tools-for-stm32.7-2018-q2-update.win32_1.5.0.202011040924/tools/bin/../lib/gcc/arm-none-eabi/7.3.1/../../../../arm-none-eabi/lib/thumb/v7e-m/fpv4-sp/hard\libc_nano.a(lib_a-nano-mallocr.o)
                0x0000000020015c40                __malloc_sbrk_start
 *(COMMON)
 COMMON         0x0000000020015c44       0x40 Core/Src/Peripherals/usart2.o
                0x0000000020015c44                huart2
 COMMON         0x0000000020015c84       0x9c Core/Src/main.o
                0x0000000020015c84                data_byte
                0x0000000020015c88                msg
                0x0000000020015cec                hrtc
                0x0000000020015d0c                command_buffer
 COMMON         0x0000000020015d20        0x4 Drivers/STM32F4xx_HAL_Driver/Src/stm32f4xx_hal.o
                0x0000000020015d20                uwTick
 COMMON         0x0000000020015d24       0x40 Third-Party/FreeRTOS/org/Source/queue.o
                0x0000000020015d24                xQueueRegistry
 COMMON         0x0000000020015d64       0xa8 Third-Party/SEGGER/SEGGER/SEGGER_RTT.o
                0x0000000020015d64                _SEGGER_RTT
 COMMON         0x0000000020015e0c        0x4 c:/st/stm32cubeide_1.3.0/stm32cubeide/plugins/com.st.stm32cube.ide.mcu.externaltools.gnu-tools-for-stm32.7-2018-q2-update.win32_1.5.0.202011040924/tools/bin/../lib/gcc/arm-none-eabi/7.3.1/../../../../arm-none-eabi/lib/thumb/v7e-m/fpv4-sp/hard\libc_nano.a(lib_a-reent.o)
                0x0000000020015e0c                errno
                0x0000000020015e10                . = ALIGN (0x4)
                0x0000000020015e10                _ebss = .
                0x0000000020015e10                __bss_end__ = _ebss

._user_heap_stack
                0x0000000020015e10      0x600 load address 0x0000000008008560
                0x0000000020015e10                . = ALIGN (0x8)
                0x0000000020015e10                PROVIDE (end = .)
                [!provide]                        PROVIDE (_end = .)
                0x0000000020016010                . = (. + _Min_Heap_Size)
 *fill*         0x0000000020015e10      0x200 
                0x0000000020016410                . = (. + _Min_Stack_Size)
 *fill*         0x0000000020016010      0x400 
                0x0000000020016410                . = ALIGN (0x8)

/DISCARD/
 libc.a(*)
 libm.a(*)
 libgcc.a(*)

.ARM.attributes
                0x0000000000000000       0x30
 *(.ARM.attributes)
 .ARM.attributes
                0x0000000000000000       0x22 c:/st/stm32cubeide_1.3.0/stm32cubeide/plugins/com.st.stm32cube.ide.mcu.externaltools.gnu-tools-for-stm32.7-2018-q2-update.win32_1.5.0.202011040924/tools/bin/../lib/gcc/arm-none-eabi/7.3.1/thumb/v7e-m/fpv4-sp/hard/crti.o
 .ARM.attributes
                0x0000000000000022       0x34 c:/st/stm32cubeide_1.3.0/stm32cubeide/plugins/com.st.stm32cube.ide.mcu.externaltools.gnu-tools-for-stm32.7-2018-q2-update.win32_1.5.0.202011040924/tools/bin/../lib/gcc/arm-none-eabi/7.3.1/thumb/v7e-m/fpv4-sp/hard/crtbegin.o
 .ARM.attributes
                0x0000000000000056       0x39 Core/Src/Peripherals/usart2.o
 .ARM.attributes
                0x000000000000008f       0x39 Core/Src/main.o
 .ARM.attributes
                0x00000000000000c8       0x39 Core/Src/stm32f4xx_hal_msp.o
 .ARM.attributes
                0x0000000000000101       0x39 Core/Src/stm32f4xx_it.o
 .ARM.attributes
                0x000000000000013a       0x39 Core/Src/sysmem.o
 .ARM.attributes
                0x0000000000000173       0x39 Core/Src/system_stm32f4xx.o
 .ARM.attributes
                0x00000000000001ac       0x39 Drivers/STM32F4xx_HAL_Driver/Src/stm32f4xx_hal.o
 .ARM.attributes
                0x00000000000001e5       0x39 Drivers/STM32F4xx_HAL_Driver/Src/stm32f4xx_hal_cortex.o
 .ARM.attributes
                0x000000000000021e       0x39 Drivers/STM32F4xx_HAL_Driver/Src/stm32f4xx_hal_dma.o
 .ARM.attributes
                0x0000000000000257       0x39 Drivers/STM32F4xx_HAL_Driver/Src/stm32f4xx_hal_gpio.o
 .ARM.attributes
                0x0000000000000290       0x39 Drivers/STM32F4xx_HAL_Driver/Src/stm32f4xx_hal_rcc.o
 .ARM.attributes
                0x00000000000002c9       0x39 Drivers/STM32F4xx_HAL_Driver/Src/stm32f4xx_hal_uart.o
 .ARM.attributes
                0x0000000000000302       0x21 Startup/startup_stm32f407vgtx.o
 .ARM.attributes
                0x0000000000000323       0x39 Third-Party/FreeRTOS/org/Source/CMSIS_RTOS_V2/cmsis_os2.o
 .ARM.attributes
                0x000000000000035c       0x39 Third-Party/FreeRTOS/org/Source/list.o
 .ARM.attributes
                0x0000000000000395       0x39 Third-Party/FreeRTOS/org/Source/queue.o
 .ARM.attributes
                0x00000000000003ce       0x39 Third-Party/FreeRTOS/org/Source/tasks.o
 .ARM.attributes
                0x0000000000000407       0x39 Third-Party/FreeRTOS/org/Source/timers.o
 .ARM.attributes
                0x0000000000000440       0x39 Third-Party/FreeRTOS/org/Source/portable/GCC/ARM_CM4F/port.o
 .ARM.attributes
                0x0000000000000479       0x39 Third-Party/FreeRTOS/org/Source/portable/MemMang/heap_4.o
 .ARM.attributes
                0x00000000000004b2       0x39 Third-Party/SEGGER/Config/SEGGER_SYSVIEW_Config_FreeRTOS.o
 .ARM.attributes
                0x00000000000004eb       0x39 Third-Party/SEGGER/OS/SEGGER_SYSVIEW_FreeRTOS.o
 .ARM.attributes
                0x0000000000000524       0x39 Third-Party/SEGGER/SEGGER/SEGGER_RTT.o
 .ARM.attributes
                0x000000000000055d       0x25 Third-Party/SEGGER/SEGGER/SEGGER_RTT_ASM_ARMv7M.o
 .ARM.attributes
                0x0000000000000582       0x39 Third-Party/SEGGER/SEGGER/SEGGER_SYSVIEW.o
 .ARM.attributes
                0x00000000000005bb       0x34 c:/st/stm32cubeide_1.3.0/stm32cubeide/plugins/com.st.stm32cube.ide.mcu.externaltools.gnu-tools-for-stm32.7-2018-q2-update.win32_1.5.0.202011040924/tools/bin/../lib/gcc/arm-none-eabi/7.3.1/../../../../arm-none-eabi/lib/thumb/v7e-m/fpv4-sp/hard\libc_nano.a(lib_a-errno.o)
 .ARM.attributes
                0x00000000000005ef       0x34 c:/st/stm32cubeide_1.3.0/stm32cubeide/plugins/com.st.stm32cube.ide.mcu.externaltools.gnu-tools-for-stm32.7-2018-q2-update.win32_1.5.0.202011040924/tools/bin/../lib/gcc/arm-none-eabi/7.3.1/../../../../arm-none-eabi/lib/thumb/v7e-m/fpv4-sp/hard\libc_nano.a(lib_a-impure.o)
 .ARM.attributes
                0x0000000000000623       0x34 c:/st/stm32cubeide_1.3.0/stm32cubeide/plugins/com.st.stm32cube.ide.mcu.externaltools.gnu-tools-for-stm32.7-2018-q2-update.win32_1.5.0.202011040924/tools/bin/../lib/gcc/arm-none-eabi/7.3.1/../../../../arm-none-eabi/lib/thumb/v7e-m/fpv4-sp/hard\libc_nano.a(lib_a-init.o)
 .ARM.attributes
                0x0000000000000657       0x34 c:/st/stm32cubeide_1.3.0/stm32cubeide/plugins/com.st.stm32cube.ide.mcu.externaltools.gnu-tools-for-stm32.7-2018-q2-update.win32_1.5.0.202011040924/tools/bin/../lib/gcc/arm-none-eabi/7.3.1/../../../../arm-none-eabi/lib/thumb/v7e-m/fpv4-sp/hard\libc_nano.a(lib_a-memcmp.o)
 .ARM.attributes
                0x000000000000068b       0x34 c:/st/stm32cubeide_1.3.0/stm32cubeide/plugins/com.st.stm32cube.ide.mcu.externaltools.gnu-tools-for-stm32.7-2018-q2-update.win32_1.5.0.202011040924/tools/bin/../lib/gcc/arm-none-eabi/7.3.1/../../../../arm-none-eabi/lib/thumb/v7e-m/fpv4-sp/hard\libc_nano.a(lib_a-memcpy-stub.o)
 .ARM.attributes
                0x00000000000006bf       0x34 c:/st/stm32cubeide_1.3.0/stm32cubeide/plugins/com.st.stm32cube.ide.mcu.externaltools.gnu-tools-for-stm32.7-2018-q2-update.win32_1.5.0.202011040924/tools/bin/../lib/gcc/arm-none-eabi/7.3.1/../../../../arm-none-eabi/lib/thumb/v7e-m/fpv4-sp/hard\libc_nano.a(lib_a-memset.o)
 .ARM.attributes
                0x00000000000006f3       0x34 c:/st/stm32cubeide_1.3.0/stm32cubeide/plugins/com.st.stm32cube.ide.mcu.externaltools.gnu-tools-for-stm32.7-2018-q2-update.win32_1.5.0.202011040924/tools/bin/../lib/gcc/arm-none-eabi/7.3.1/../../../../arm-none-eabi/lib/thumb/v7e-m/fpv4-sp/hard\libc_nano.a(lib_a-sprintf.o)
 .ARM.attributes
                0x0000000000000727       0x1b c:/st/stm32cubeide_1.3.0/stm32cubeide/plugins/com.st.stm32cube.ide.mcu.externaltools.gnu-tools-for-stm32.7-2018-q2-update.win32_1.5.0.202011040924/tools/bin/../lib/gcc/arm-none-eabi/7.3.1/../../../../arm-none-eabi/lib/thumb/v7e-m/fpv4-sp/hard\libc_nano.a(lib_a-strlen.o)
 .ARM.attributes
                0x0000000000000742       0x34 c:/st/stm32cubeide_1.3.0/stm32cubeide/plugins/com.st.stm32cube.ide.mcu.externaltools.gnu-tools-for-stm32.7-2018-q2-update.win32_1.5.0.202011040924/tools/bin/../lib/gcc/arm-none-eabi/7.3.1/../../../../arm-none-eabi/lib/thumb/v7e-m/fpv4-sp/hard\libc_nano.a(lib_a-nano-svfprintf.o)
 .ARM.attributes
                0x0000000000000776       0x34 c:/st/stm32cubeide_1.3.0/stm32cubeide/plugins/com.st.stm32cube.ide.mcu.externaltools.gnu-tools-for-stm32.7-2018-q2-update.win32_1.5.0.202011040924/tools/bin/../lib/gcc/arm-none-eabi/7.3.1/../../../../arm-none-eabi/lib/thumb/v7e-m/fpv4-sp/hard\libc_nano.a(lib_a-nano-vfprintf_i.o)
 .ARM.attributes
                0x00000000000007aa       0x20 c:/st/stm32cubeide_1.3.0/stm32cubeide/plugins/com.st.stm32cube.ide.mcu.externaltools.gnu-tools-for-stm32.7-2018-q2-update.win32_1.5.0.202011040924/tools/bin/../lib/gcc/arm-none-eabi/7.3.1/../../../../arm-none-eabi/lib/thumb/v7e-m/fpv4-sp/hard\libc_nano.a(lib_a-memchr.o)
 .ARM.attributes
                0x00000000000007ca       0x34 c:/st/stm32cubeide_1.3.0/stm32cubeide/plugins/com.st.stm32cube.ide.mcu.externaltools.gnu-tools-for-stm32.7-2018-q2-update.win32_1.5.0.202011040924/tools/bin/../lib/gcc/arm-none-eabi/7.3.1/../../../../arm-none-eabi/lib/thumb/v7e-m/fpv4-sp/hard\libc_nano.a(lib_a-memmove.o)
 .ARM.attributes
                0x00000000000007fe       0x34 c:/st/stm32cubeide_1.3.0/stm32cubeide/plugins/com.st.stm32cube.ide.mcu.externaltools.gnu-tools-for-stm32.7-2018-q2-update.win32_1.5.0.202011040924/tools/bin/../lib/gcc/arm-none-eabi/7.3.1/../../../../arm-none-eabi/lib/thumb/v7e-m/fpv4-sp/hard\libc_nano.a(lib_a-nano-freer.o)
 .ARM.attributes
                0x0000000000000832       0x34 c:/st/stm32cubeide_1.3.0/stm32cubeide/plugins/com.st.stm32cube.ide.mcu.externaltools.gnu-tools-for-stm32.7-2018-q2-update.win32_1.5.0.202011040924/tools/bin/../lib/gcc/arm-none-eabi/7.3.1/../../../../arm-none-eabi/lib/thumb/v7e-m/fpv4-sp/hard\libc_nano.a(lib_a-nano-mallocr.o)
 .ARM.attributes
                0x0000000000000866       0x34 c:/st/stm32cubeide_1.3.0/stm32cubeide/plugins/com.st.stm32cube.ide.mcu.externaltools.gnu-tools-for-stm32.7-2018-q2-update.win32_1.5.0.202011040924/tools/bin/../lib/gcc/arm-none-eabi/7.3.1/../../../../arm-none-eabi/lib/thumb/v7e-m/fpv4-sp/hard\libc_nano.a(lib_a-nano-reallocr.o)
 .ARM.attributes
                0x000000000000089a       0x34 c:/st/stm32cubeide_1.3.0/stm32cubeide/plugins/com.st.stm32cube.ide.mcu.externaltools.gnu-tools-for-stm32.7-2018-q2-update.win32_1.5.0.202011040924/tools/bin/../lib/gcc/arm-none-eabi/7.3.1/../../../../arm-none-eabi/lib/thumb/v7e-m/fpv4-sp/hard\libc_nano.a(lib_a-sbrkr.o)
 .ARM.attributes
                0x00000000000008ce       0x34 c:/st/stm32cubeide_1.3.0/stm32cubeide/plugins/com.st.stm32cube.ide.mcu.externaltools.gnu-tools-for-stm32.7-2018-q2-update.win32_1.5.0.202011040924/tools/bin/../lib/gcc/arm-none-eabi/7.3.1/../../../../arm-none-eabi/lib/thumb/v7e-m/fpv4-sp/hard\libc_nano.a(lib_a-mlock.o)
 .ARM.attributes
                0x0000000000000902       0x34 c:/st/stm32cubeide_1.3.0/stm32cubeide/plugins/com.st.stm32cube.ide.mcu.externaltools.gnu-tools-for-stm32.7-2018-q2-update.win32_1.5.0.202011040924/tools/bin/../lib/gcc/arm-none-eabi/7.3.1/../../../../arm-none-eabi/lib/thumb/v7e-m/fpv4-sp/hard\libc_nano.a(lib_a-nano-msizer.o)
 .ARM.attributes
                0x0000000000000936       0x34 c:/st/stm32cubeide_1.3.0/stm32cubeide/plugins/com.st.stm32cube.ide.mcu.externaltools.gnu-tools-for-stm32.7-2018-q2-update.win32_1.5.0.202011040924/tools/bin/../lib/gcc/arm-none-eabi/7.3.1/../../../../arm-none-eabi/lib/thumb/v7e-m/fpv4-sp/hard\libc_nano.a(lib_a-reent.o)
 .ARM.attributes
                0x000000000000096a       0x22 c:/st/stm32cubeide_1.3.0/stm32cubeide/plugins/com.st.stm32cube.ide.mcu.externaltools.gnu-tools-for-stm32.7-2018-q2-update.win32_1.5.0.202011040924/tools/bin/../lib/gcc/arm-none-eabi/7.3.1/thumb/v7e-m/fpv4-sp/hard\libgcc.a(_aeabi_uldivmod.o)
 .ARM.attributes
                0x000000000000098c       0x34 c:/st/stm32cubeide_1.3.0/stm32cubeide/plugins/com.st.stm32cube.ide.mcu.externaltools.gnu-tools-for-stm32.7-2018-q2-update.win32_1.5.0.202011040924/tools/bin/../lib/gcc/arm-none-eabi/7.3.1/thumb/v7e-m/fpv4-sp/hard\libgcc.a(_udivmoddi4.o)
 .ARM.attributes
                0x00000000000009c0       0x22 c:/st/stm32cubeide_1.3.0/stm32cubeide/plugins/com.st.stm32cube.ide.mcu.externaltools.gnu-tools-for-stm32.7-2018-q2-update.win32_1.5.0.202011040924/tools/bin/../lib/gcc/arm-none-eabi/7.3.1/thumb/v7e-m/fpv4-sp/hard\libgcc.a(_dvmd_tls.o)
 .ARM.attributes
                0x00000000000009e2       0x22 c:/st/stm32cubeide_1.3.0/stm32cubeide/plugins/com.st.stm32cube.ide.mcu.externaltools.gnu-tools-for-stm32.7-2018-q2-update.win32_1.5.0.202011040924/tools/bin/../lib/gcc/arm-none-eabi/7.3.1/thumb/v7e-m/fpv4-sp/hard/crtn.o
OUTPUT(FreeRTOS_10-Queue-Command.elf elf32-littlearm)

.debug_info     0x0000000000000000    0x1c656
 .debug_info    0x0000000000000000      0xe4c Core/Src/Peripherals/usart2.o
 .debug_info    0x0000000000000e4c     0x1e1c Core/Src/main.o
 .debug_info    0x0000000000002c68     0x16b6 Core/Src/stm32f4xx_hal_msp.o
 .debug_info    0x000000000000431e      0xeaf Core/Src/stm32f4xx_it.o
 .debug_info    0x00000000000051cd      0x91c Core/Src/sysmem.o
 .debug_info    0x0000000000005ae9      0x554 Core/Src/system_stm32f4xx.o
 .debug_info    0x000000000000603d      0x945 Drivers/STM32F4xx_HAL_Driver/Src/stm32f4xx_hal.o
 .debug_info    0x0000000000006982      0xe28 Drivers/STM32F4xx_HAL_Driver/Src/stm32f4xx_hal_cortex.o
 .debug_info    0x00000000000077aa      0x968 Drivers/STM32F4xx_HAL_Driver/Src/stm32f4xx_hal_dma.o
 .debug_info    0x0000000000008112      0x7b5 Drivers/STM32F4xx_HAL_Driver/Src/stm32f4xx_hal_gpio.o
 .debug_info    0x00000000000088c7      0x904 Drivers/STM32F4xx_HAL_Driver/Src/stm32f4xx_hal_rcc.o
 .debug_info    0x00000000000091cb     0x124c Drivers/STM32F4xx_HAL_Driver/Src/stm32f4xx_hal_uart.o
 .debug_info    0x000000000000a417       0x22 Startup/startup_stm32f407vgtx.o
 .debug_info    0x000000000000a439     0x401a Third-Party/FreeRTOS/org/Source/CMSIS_RTOS_V2/cmsis_os2.o
 .debug_info    0x000000000000e453      0xac5 Third-Party/FreeRTOS/org/Source/list.o
 .debug_info    0x000000000000ef18     0x2257 Third-Party/FreeRTOS/org/Source/queue.o
 .debug_info    0x000000000001116f     0x295a Third-Party/FreeRTOS/org/Source/tasks.o
 .debug_info    0x0000000000013ac9     0x185c Third-Party/FreeRTOS/org/Source/timers.o
 .debug_info    0x0000000000015325      0x58b Third-Party/FreeRTOS/org/Source/portable/GCC/ARM_CM4F/port.o
 .debug_info    0x00000000000158b0      0xc01 Third-Party/FreeRTOS/org/Source/portable/MemMang/heap_4.o
 .debug_info    0x00000000000164b1      0x10f Third-Party/SEGGER/Config/SEGGER_SYSVIEW_Config_FreeRTOS.o
 .debug_info    0x00000000000165c0      0xb7c Third-Party/SEGGER/OS/SEGGER_SYSVIEW_FreeRTOS.o
 .debug_info    0x000000000001713c     0x1894 Third-Party/SEGGER/SEGGER/SEGGER_RTT.o
 .debug_info    0x00000000000189d0       0x26 Third-Party/SEGGER/SEGGER/SEGGER_RTT_ASM_ARMv7M.o
 .debug_info    0x00000000000189f6     0x3c60 Third-Party/SEGGER/SEGGER/SEGGER_SYSVIEW.o

.debug_abbrev   0x0000000000000000     0x354c
 .debug_abbrev  0x0000000000000000      0x1dc Core/Src/Peripherals/usart2.o
 .debug_abbrev  0x00000000000001dc      0x2c7 Core/Src/main.o
 .debug_abbrev  0x00000000000004a3      0x222 Core/Src/stm32f4xx_hal_msp.o
 .debug_abbrev  0x00000000000006c5      0x1cb Core/Src/stm32f4xx_it.o
 .debug_abbrev  0x0000000000000890      0x1bb Core/Src/sysmem.o
 .debug_abbrev  0x0000000000000a4b      0x12b Core/Src/system_stm32f4xx.o
 .debug_abbrev  0x0000000000000b76      0x1c7 Drivers/STM32F4xx_HAL_Driver/Src/stm32f4xx_hal.o
 .debug_abbrev  0x0000000000000d3d      0x2fa Drivers/STM32F4xx_HAL_Driver/Src/stm32f4xx_hal_cortex.o
 .debug_abbrev  0x0000000000001037      0x229 Drivers/STM32F4xx_HAL_Driver/Src/stm32f4xx_hal_dma.o
 .debug_abbrev  0x0000000000001260      0x1c9 Drivers/STM32F4xx_HAL_Driver/Src/stm32f4xx_hal_gpio.o
 .debug_abbrev  0x0000000000001429      0x245 Drivers/STM32F4xx_HAL_Driver/Src/stm32f4xx_hal_rcc.o
 .debug_abbrev  0x000000000000166e      0x242 Drivers/STM32F4xx_HAL_Driver/Src/stm32f4xx_hal_uart.o
 .debug_abbrev  0x00000000000018b0       0x12 Startup/startup_stm32f407vgtx.o
 .debug_abbrev  0x00000000000018c2      0x3e4 Third-Party/FreeRTOS/org/Source/CMSIS_RTOS_V2/cmsis_os2.o
 .debug_abbrev  0x0000000000001ca6      0x1cf Third-Party/FreeRTOS/org/Source/list.o
 .debug_abbrev  0x0000000000001e75      0x354 Third-Party/FreeRTOS/org/Source/queue.o
 .debug_abbrev  0x00000000000021c9      0x363 Third-Party/FreeRTOS/org/Source/tasks.o
 .debug_abbrev  0x000000000000252c      0x2d7 Third-Party/FreeRTOS/org/Source/timers.o
 .debug_abbrev  0x0000000000002803      0x210 Third-Party/FreeRTOS/org/Source/portable/GCC/ARM_CM4F/port.o
 .debug_abbrev  0x0000000000002a13      0x2ba Third-Party/FreeRTOS/org/Source/portable/MemMang/heap_4.o
 .debug_abbrev  0x0000000000002ccd       0xb5 Third-Party/SEGGER/Config/SEGGER_SYSVIEW_Config_FreeRTOS.o
 .debug_abbrev  0x0000000000002d82      0x1ed Third-Party/SEGGER/OS/SEGGER_SYSVIEW_FreeRTOS.o
 .debug_abbrev  0x0000000000002f6f      0x2a0 Third-Party/SEGGER/SEGGER/SEGGER_RTT.o
 .debug_abbrev  0x000000000000320f       0x14 Third-Party/SEGGER/SEGGER/SEGGER_RTT_ASM_ARMv7M.o
 .debug_abbrev  0x0000000000003223      0x329 Third-Party/SEGGER/SEGGER/SEGGER_SYSVIEW.o

.debug_aranges  0x0000000000000000     0x12d8
 .debug_aranges
                0x0000000000000000       0x28 Core/Src/Peripherals/usart2.o
 .debug_aranges
                0x0000000000000028       0xc8 Core/Src/main.o
 .debug_aranges
                0x00000000000000f0       0x40 Core/Src/stm32f4xx_hal_msp.o
 .debug_aranges
                0x0000000000000130       0x50 Core/Src/stm32f4xx_it.o
 .debug_aranges
                0x0000000000000180       0x20 Core/Src/sysmem.o
 .debug_aranges
                0x00000000000001a0       0x28 Core/Src/system_stm32f4xx.o
 .debug_aranges
                0x00000000000001c8       0xf0 Drivers/STM32F4xx_HAL_Driver/Src/stm32f4xx_hal.o
 .debug_aranges
                0x00000000000002b8      0x118 Drivers/STM32F4xx_HAL_Driver/Src/stm32f4xx_hal_cortex.o
 .debug_aranges
                0x00000000000003d0       0x90 Drivers/STM32F4xx_HAL_Driver/Src/stm32f4xx_hal_dma.o
 .debug_aranges
                0x0000000000000460       0x58 Drivers/STM32F4xx_HAL_Driver/Src/stm32f4xx_hal_gpio.o
 .debug_aranges
                0x00000000000004b8       0x88 Drivers/STM32F4xx_HAL_Driver/Src/stm32f4xx_hal_rcc.o
 .debug_aranges
                0x0000000000000540      0x1d0 Drivers/STM32F4xx_HAL_Driver/Src/stm32f4xx_hal_uart.o
 .debug_aranges
                0x0000000000000710       0x28 Startup/startup_stm32f407vgtx.o
 .debug_aranges
                0x0000000000000738      0x238 Third-Party/FreeRTOS/org/Source/CMSIS_RTOS_V2/cmsis_os2.o
 .debug_aranges
                0x0000000000000970       0x40 Third-Party/FreeRTOS/org/Source/list.o
 .debug_aranges
                0x00000000000009b0      0x148 Third-Party/FreeRTOS/org/Source/queue.o
 .debug_aranges
                0x0000000000000af8      0x1f0 Third-Party/FreeRTOS/org/Source/tasks.o
 .debug_aranges
                0x0000000000000ce8       0xd0 Third-Party/FreeRTOS/org/Source/timers.o
 .debug_aranges
                0x0000000000000db8       0x88 Third-Party/FreeRTOS/org/Source/portable/GCC/ARM_CM4F/port.o
 .debug_aranges
                0x0000000000000e40       0x50 Third-Party/FreeRTOS/org/Source/portable/MemMang/heap_4.o
 .debug_aranges
                0x0000000000000e90       0x28 Third-Party/SEGGER/Config/SEGGER_SYSVIEW_Config_FreeRTOS.o
 .debug_aranges
                0x0000000000000eb8       0x48 Third-Party/SEGGER/OS/SEGGER_SYSVIEW_FreeRTOS.o
 .debug_aranges
                0x0000000000000f00      0x138 Third-Party/SEGGER/SEGGER/SEGGER_RTT.o
 .debug_aranges
                0x0000000000001038       0x20 Third-Party/SEGGER/SEGGER/SEGGER_RTT_ASM_ARMv7M.o